ARM GAS  /tmp/ccTDdStv.s 			page 1


   1              		.cpu cortex-m3
   2              		.arch armv7-m
   3              		.fpu softvfp
   4              		.eabi_attribute 20, 1
   5              		.eabi_attribute 21, 1
   6              		.eabi_attribute 23, 3
   7              		.eabi_attribute 24, 1
   8              		.eabi_attribute 25, 1
   9              		.eabi_attribute 26, 1
  10              		.eabi_attribute 30, 1
  11              		.eabi_attribute 34, 1
  12              		.eabi_attribute 18, 4
  13              		.file	"main.c"
  14              		.text
  15              	.Ltext0:
  16              		.cfi_sections	.debug_frame
  17              		.file 1 "Core/Src/main.c"
  18              		.section	.text.Apply_Pwm,"ax",%progbits
  19              		.align	1
  20              		.syntax unified
  21              		.thumb
  22              		.thumb_func
  24              	Apply_Pwm:
  25              	.LFB69:
   1:Core/Src/main.c **** /* USER CODE BEGIN Header */
   2:Core/Src/main.c **** /**
   3:Core/Src/main.c ****   ******************************************************************************
   4:Core/Src/main.c ****   * @file           : main.c
   5:Core/Src/main.c ****   * @brief          : Main program body
   6:Core/Src/main.c ****   ******************************************************************************
   7:Core/Src/main.c ****   * @attention
   8:Core/Src/main.c ****   *
   9:Core/Src/main.c ****   * Copyright (c) 2026 STMicroelectronics.
  10:Core/Src/main.c ****   * All rights reserved.
  11:Core/Src/main.c ****   *
  12:Core/Src/main.c ****   * This software is licensed under terms that can be found in the LICENSE file
  13:Core/Src/main.c ****   * in the root directory of this software component.
  14:Core/Src/main.c ****   * If no LICENSE file comes with this software, it is provided AS-IS.
  15:Core/Src/main.c ****   *
  16:Core/Src/main.c ****   ******************************************************************************
  17:Core/Src/main.c ****   */
  18:Core/Src/main.c **** /* USER CODE END Header */
  19:Core/Src/main.c **** /* Includes ------------------------------------------------------------------*/
  20:Core/Src/main.c **** #include "main.h"
  21:Core/Src/main.c **** 
  22:Core/Src/main.c **** /* Private includes ----------------------------------------------------------*/
  23:Core/Src/main.c **** /* USER CODE BEGIN Includes */
  24:Core/Src/main.c **** #include <stdio.h>
  25:Core/Src/main.c **** #include <string.h>
  26:Core/Src/main.c **** 
  27:Core/Src/main.c **** /* USER CODE END Includes */
  28:Core/Src/main.c **** 
  29:Core/Src/main.c **** /* Private typedef -----------------------------------------------------------*/
  30:Core/Src/main.c **** /* USER CODE BEGIN PTD */
  31:Core/Src/main.c **** 
  32:Core/Src/main.c **** /* USER CODE END PTD */
  33:Core/Src/main.c **** 
ARM GAS  /tmp/ccTDdStv.s 			page 2


  34:Core/Src/main.c **** /* Private define ------------------------------------------------------------*/
  35:Core/Src/main.c **** /* USER CODE BEGIN PD */
  36:Core/Src/main.c **** 
  37:Core/Src/main.c **** /* USER CODE END PD */
  38:Core/Src/main.c **** 
  39:Core/Src/main.c **** /* Private macro -------------------------------------------------------------*/
  40:Core/Src/main.c **** /* USER CODE BEGIN PM */
  41:Core/Src/main.c **** 
  42:Core/Src/main.c **** /* USER CODE END PM */
  43:Core/Src/main.c **** 
  44:Core/Src/main.c **** /* Private variables ---------------------------------------------------------*/
  45:Core/Src/main.c **** TIM_HandleTypeDef htim2;
  46:Core/Src/main.c **** 
  47:Core/Src/main.c **** UART_HandleTypeDef huart1;
  48:Core/Src/main.c **** 
  49:Core/Src/main.c **** /* USER CODE BEGIN PV */
  50:Core/Src/main.c **** static uint8_t uart_rx_byte;
  51:Core/Src/main.c **** static char command_buffer[32];
  52:Core/Src/main.c **** static uint8_t command_length;
  53:Core/Src/main.c **** static uint16_t pwm_percent = 100;
  54:Core/Src/main.c **** static uint8_t led_enabled;
  55:Core/Src/main.c **** 
  56:Core/Src/main.c **** /* USER CODE END PV */
  57:Core/Src/main.c **** 
  58:Core/Src/main.c **** /* Private function prototypes -----------------------------------------------*/
  59:Core/Src/main.c **** void SystemClock_Config(void);
  60:Core/Src/main.c **** static void MX_GPIO_Init(void);
  61:Core/Src/main.c **** static void MX_TIM2_Init(void);
  62:Core/Src/main.c **** static void MX_USART1_UART_Init(void);
  63:Core/Src/main.c **** /* USER CODE BEGIN PFP */
  64:Core/Src/main.c **** 
  65:Core/Src/main.c **** /* USER CODE END PFP */
  66:Core/Src/main.c **** 
  67:Core/Src/main.c **** /* Private user code ---------------------------------------------------------*/
  68:Core/Src/main.c **** /* USER CODE BEGIN 0 */
  69:Core/Src/main.c **** static void Uart_Send(const char *message)
  70:Core/Src/main.c **** {
  71:Core/Src/main.c ****   HAL_UART_Transmit(&huart1, (uint8_t *)message, strlen(message), HAL_MAX_DELAY);
  72:Core/Src/main.c **** }
  73:Core/Src/main.c **** 
  74:Core/Src/main.c **** static void Apply_Pwm(void)
  75:Core/Src/main.c **** {
  26              		.loc 1 75 1 view -0
  27              		.cfi_startproc
  28              		@ args = 0, pretend = 0, frame = 0
  29              		@ frame_needed = 0, uses_anonymous_args = 0
  30              		@ link register save eliminated.
  76:Core/Src/main.c ****   uint32_t pulse = ((uint32_t)pwm_percent * (__HAL_TIM_GET_AUTORELOAD(&htim2) + 1U)) / 100U;
  31              		.loc 1 76 3 view .LVU1
  32              		.loc 1 76 21 is_stmt 0 view .LVU2
  33 0000 0A4B     		ldr	r3, .L5
  34 0002 1B88     		ldrh	r3, [r3]
  35              		.loc 1 76 46 view .LVU3
  36 0004 0A4A     		ldr	r2, .L5+4
  37 0006 1268     		ldr	r2, [r2]
  38 0008 D16A     		ldr	r1, [r2, #44]
  39              		.loc 1 76 43 view .LVU4
ARM GAS  /tmp/ccTDdStv.s 			page 3


  40 000a 01FB0333 		mla	r3, r1, r3, r3
  41              		.loc 1 76 12 view .LVU5
  42 000e 0949     		ldr	r1, .L5+8
  43 0010 A1FB0313 		umull	r1, r3, r1, r3
  44 0014 5909     		lsrs	r1, r3, #5
  45              	.LVL0:
  77:Core/Src/main.c **** 
  78:Core/Src/main.c ****   if (pulse > __HAL_TIM_GET_AUTORELOAD(&htim2))
  46              		.loc 1 78 3 is_stmt 1 view .LVU6
  47              		.loc 1 78 15 is_stmt 0 view .LVU7
  48 0016 D06A     		ldr	r0, [r2, #44]
  49              		.loc 1 78 6 view .LVU8
  50 0018 B0EB531F 		cmp	r0, r3, lsr #5
  51 001c 00D2     		bcs	.L2
  79:Core/Src/main.c ****   {
  80:Core/Src/main.c ****     pulse = __HAL_TIM_GET_AUTORELOAD(&htim2);
  52              		.loc 1 80 5 is_stmt 1 view .LVU9
  53              		.loc 1 80 11 is_stmt 0 view .LVU10
  54 001e D16A     		ldr	r1, [r2, #44]
  55              	.LVL1:
  56              	.L2:
  81:Core/Src/main.c ****   }
  82:Core/Src/main.c ****   __HAL_TIM_SET_COMPARE(&htim2, TIM_CHANNEL_1, led_enabled ? pulse : 0U);
  57              		.loc 1 82 3 is_stmt 1 view .LVU11
  58 0020 054B     		ldr	r3, .L5+12
  59 0022 1B78     		ldrb	r3, [r3]	@ zero_extendqisi2
  60 0024 03B9     		cbnz	r3, .L3
  61              		.loc 1 82 3 is_stmt 0 discriminator 2 view .LVU12
  62 0026 0021     		movs	r1, #0
  63              	.LVL2:
  64              	.L3:
  65              		.loc 1 82 3 discriminator 4 view .LVU13
  66 0028 5163     		str	r1, [r2, #52]
  83:Core/Src/main.c **** }
  67              		.loc 1 83 1 view .LVU14
  68 002a 7047     		bx	lr
  69              	.L6:
  70              		.align	2
  71              	.L5:
  72 002c 00000000 		.word	pwm_percent
  73 0030 00000000 		.word	htim2
  74 0034 1F85EB51 		.word	1374389535
  75 0038 00000000 		.word	led_enabled
  76              		.cfi_endproc
  77              	.LFE69:
  79              		.section	.text.MX_GPIO_Init,"ax",%progbits
  80              		.align	1
  81              		.syntax unified
  82              		.thumb
  83              		.thumb_func
  85              	MX_GPIO_Init:
  86              	.LFB75:
  84:Core/Src/main.c **** 
  85:Core/Src/main.c **** static void Process_Command(void)
  86:Core/Src/main.c **** {
  87:Core/Src/main.c ****   char response[48];
  88:Core/Src/main.c ****   unsigned int percent;
ARM GAS  /tmp/ccTDdStv.s 			page 4


  89:Core/Src/main.c **** 
  90:Core/Src/main.c ****   command_buffer[command_length] = '\0';
  91:Core/Src/main.c **** 
  92:Core/Src/main.c ****   if (strcmp(command_buffer, "ON") == 0)
  93:Core/Src/main.c ****   {
  94:Core/Src/main.c ****     led_enabled = 1U;
  95:Core/Src/main.c ****     Apply_Pwm();
  96:Core/Src/main.c ****     Uart_Send("LED ON\r\n");
  97:Core/Src/main.c ****   }
  98:Core/Src/main.c ****   else if (strcmp(command_buffer, "OFF") == 0)
  99:Core/Src/main.c ****   {
 100:Core/Src/main.c ****     led_enabled = 0U;
 101:Core/Src/main.c ****     Apply_Pwm();
 102:Core/Src/main.c ****     Uart_Send("LED OFF\r\n");
 103:Core/Src/main.c ****   }
 104:Core/Src/main.c ****   else if (sscanf(command_buffer, "PWM:%u", &percent) == 1 && percent <= 100U)
 105:Core/Src/main.c ****   {
 106:Core/Src/main.c ****     pwm_percent = (uint16_t)percent;
 107:Core/Src/main.c ****     Apply_Pwm();
 108:Core/Src/main.c ****     Uart_Send("PWM OK\r\n");
 109:Core/Src/main.c ****   }
 110:Core/Src/main.c ****   else if (strcmp(command_buffer, "Status") == 0)
 111:Core/Src/main.c ****   {
 112:Core/Src/main.c ****     snprintf(response, sizeof(response), "LED:%s PWM:%u%%\r\n",
 113:Core/Src/main.c ****              led_enabled ? "ON" : "OFF", pwm_percent);
 114:Core/Src/main.c ****     Uart_Send(response);
 115:Core/Src/main.c ****   }
 116:Core/Src/main.c ****   else
 117:Core/Src/main.c ****   {
 118:Core/Src/main.c ****     Uart_Send("ERR\r\n");
 119:Core/Src/main.c ****   }
 120:Core/Src/main.c **** 
 121:Core/Src/main.c ****   command_length = 0U;
 122:Core/Src/main.c **** }
 123:Core/Src/main.c **** 
 124:Core/Src/main.c **** /* USER CODE END 0 */
 125:Core/Src/main.c **** 
 126:Core/Src/main.c **** /**
 127:Core/Src/main.c ****   * @brief  The application entry point.
 128:Core/Src/main.c ****   * @retval int
 129:Core/Src/main.c ****   */
 130:Core/Src/main.c **** int main(void)
 131:Core/Src/main.c **** {
 132:Core/Src/main.c **** 
 133:Core/Src/main.c ****   /* USER CODE BEGIN 1 */
 134:Core/Src/main.c **** 
 135:Core/Src/main.c ****   /* USER CODE END 1 */
 136:Core/Src/main.c **** 
 137:Core/Src/main.c ****   /* MCU Configuration--------------------------------------------------------*/
 138:Core/Src/main.c **** 
 139:Core/Src/main.c ****   /* Reset of all peripherals, Initializes the Flash interface and the Systick. */
 140:Core/Src/main.c ****   HAL_Init();
 141:Core/Src/main.c **** 
 142:Core/Src/main.c ****   /* USER CODE BEGIN Init */
 143:Core/Src/main.c **** 
 144:Core/Src/main.c ****   /* USER CODE END Init */
 145:Core/Src/main.c **** 
ARM GAS  /tmp/ccTDdStv.s 			page 5


 146:Core/Src/main.c ****   /* Configure the system clock */
 147:Core/Src/main.c ****   SystemClock_Config();
 148:Core/Src/main.c **** 
 149:Core/Src/main.c ****   /* USER CODE BEGIN SysInit */
 150:Core/Src/main.c **** 
 151:Core/Src/main.c ****   /* USER CODE END SysInit */
 152:Core/Src/main.c **** 
 153:Core/Src/main.c ****   /* Initialize all configured peripherals */
 154:Core/Src/main.c ****   MX_GPIO_Init();
 155:Core/Src/main.c ****   MX_TIM2_Init();
 156:Core/Src/main.c ****   MX_USART1_UART_Init();
 157:Core/Src/main.c ****   /* USER CODE BEGIN 2 */
 158:Core/Src/main.c ****   HAL_TIM_PWM_Start(&htim2, TIM_CHANNEL_1);
 159:Core/Src/main.c ****   Apply_Pwm();
 160:Core/Src/main.c ****   HAL_UART_Receive_IT(&huart1, &uart_rx_byte, 1U);
 161:Core/Src/main.c ****   Uart_Send("Ready\r\n");
 162:Core/Src/main.c **** 
 163:Core/Src/main.c ****   /* USER CODE END 2 */
 164:Core/Src/main.c **** 
 165:Core/Src/main.c ****   /* Infinite loop */
 166:Core/Src/main.c ****   /* USER CODE BEGIN WHILE */
 167:Core/Src/main.c ****   while (1)
 168:Core/Src/main.c ****   {
 169:Core/Src/main.c ****     /* USER CODE END WHILE */
 170:Core/Src/main.c **** 
 171:Core/Src/main.c ****     /* USER CODE BEGIN 3 */
 172:Core/Src/main.c ****   }
 173:Core/Src/main.c ****   /* USER CODE END 3 */
 174:Core/Src/main.c **** }
 175:Core/Src/main.c **** 
 176:Core/Src/main.c **** /**
 177:Core/Src/main.c ****   * @brief System Clock Configuration
 178:Core/Src/main.c ****   * @retval None
 179:Core/Src/main.c ****   */
 180:Core/Src/main.c **** void SystemClock_Config(void)
 181:Core/Src/main.c **** {
 182:Core/Src/main.c ****   RCC_OscInitTypeDef RCC_OscInitStruct = {0};
 183:Core/Src/main.c ****   RCC_ClkInitTypeDef RCC_ClkInitStruct = {0};
 184:Core/Src/main.c **** 
 185:Core/Src/main.c ****   /** Initializes the RCC Oscillators according to the specified parameters
 186:Core/Src/main.c ****   * in the RCC_OscInitTypeDef structure.
 187:Core/Src/main.c ****   */
 188:Core/Src/main.c ****   RCC_OscInitStruct.OscillatorType = RCC_OSCILLATORTYPE_HSI;
 189:Core/Src/main.c ****   RCC_OscInitStruct.HSIState = RCC_HSI_ON;
 190:Core/Src/main.c ****   RCC_OscInitStruct.HSICalibrationValue = RCC_HSICALIBRATION_DEFAULT;
 191:Core/Src/main.c ****   RCC_OscInitStruct.PLL.PLLState = RCC_PLL_NONE;
 192:Core/Src/main.c ****   if (HAL_RCC_OscConfig(&RCC_OscInitStruct) != HAL_OK)
 193:Core/Src/main.c ****   {
 194:Core/Src/main.c ****     Error_Handler();
 195:Core/Src/main.c ****   }
 196:Core/Src/main.c **** 
 197:Core/Src/main.c ****   /** Initializes the CPU, AHB and APB buses clocks
 198:Core/Src/main.c ****   */
 199:Core/Src/main.c ****   RCC_ClkInitStruct.ClockType = RCC_CLOCKTYPE_HCLK|RCC_CLOCKTYPE_SYSCLK
 200:Core/Src/main.c ****                               |RCC_CLOCKTYPE_PCLK1|RCC_CLOCKTYPE_PCLK2;
 201:Core/Src/main.c ****   RCC_ClkInitStruct.SYSCLKSource = RCC_SYSCLKSOURCE_HSI;
 202:Core/Src/main.c ****   RCC_ClkInitStruct.AHBCLKDivider = RCC_SYSCLK_DIV1;
ARM GAS  /tmp/ccTDdStv.s 			page 6


 203:Core/Src/main.c ****   RCC_ClkInitStruct.APB1CLKDivider = RCC_HCLK_DIV1;
 204:Core/Src/main.c ****   RCC_ClkInitStruct.APB2CLKDivider = RCC_HCLK_DIV1;
 205:Core/Src/main.c **** 
 206:Core/Src/main.c ****   if (HAL_RCC_ClockConfig(&RCC_ClkInitStruct, FLASH_LATENCY_0) != HAL_OK)
 207:Core/Src/main.c ****   {
 208:Core/Src/main.c ****     Error_Handler();
 209:Core/Src/main.c ****   }
 210:Core/Src/main.c **** }
 211:Core/Src/main.c **** 
 212:Core/Src/main.c **** /**
 213:Core/Src/main.c ****   * @brief TIM2 Initialization Function
 214:Core/Src/main.c ****   * @param None
 215:Core/Src/main.c ****   * @retval None
 216:Core/Src/main.c ****   */
 217:Core/Src/main.c **** static void MX_TIM2_Init(void)
 218:Core/Src/main.c **** {
 219:Core/Src/main.c **** 
 220:Core/Src/main.c ****   /* USER CODE BEGIN TIM2_Init 0 */
 221:Core/Src/main.c **** 
 222:Core/Src/main.c ****   /* USER CODE END TIM2_Init 0 */
 223:Core/Src/main.c **** 
 224:Core/Src/main.c ****   TIM_MasterConfigTypeDef sMasterConfig = {0};
 225:Core/Src/main.c ****   TIM_OC_InitTypeDef sConfigOC = {0};
 226:Core/Src/main.c **** 
 227:Core/Src/main.c ****   /* USER CODE BEGIN TIM2_Init 1 */
 228:Core/Src/main.c **** 
 229:Core/Src/main.c ****   /* USER CODE END TIM2_Init 1 */
 230:Core/Src/main.c ****   htim2.Instance = TIM2;
 231:Core/Src/main.c ****   htim2.Init.Prescaler = 0;
 232:Core/Src/main.c ****   htim2.Init.CounterMode = TIM_COUNTERMODE_UP;
 233:Core/Src/main.c ****   htim2.Init.Period = 65535;
 234:Core/Src/main.c ****   htim2.Init.ClockDivision = TIM_CLOCKDIVISION_DIV1;
 235:Core/Src/main.c ****   htim2.Init.AutoReloadPreload = TIM_AUTORELOAD_PRELOAD_DISABLE;
 236:Core/Src/main.c ****   if (HAL_TIM_PWM_Init(&htim2) != HAL_OK)
 237:Core/Src/main.c ****   {
 238:Core/Src/main.c ****     Error_Handler();
 239:Core/Src/main.c ****   }
 240:Core/Src/main.c ****   sMasterConfig.MasterOutputTrigger = TIM_TRGO_RESET;
 241:Core/Src/main.c ****   sMasterConfig.MasterSlaveMode = TIM_MASTERSLAVEMODE_DISABLE;
 242:Core/Src/main.c ****   if (HAL_TIMEx_MasterConfigSynchronization(&htim2, &sMasterConfig) != HAL_OK)
 243:Core/Src/main.c ****   {
 244:Core/Src/main.c ****     Error_Handler();
 245:Core/Src/main.c ****   }
 246:Core/Src/main.c ****   sConfigOC.OCMode = TIM_OCMODE_PWM1;
 247:Core/Src/main.c ****   sConfigOC.Pulse = 0;
 248:Core/Src/main.c ****   sConfigOC.OCPolarity = TIM_OCPOLARITY_HIGH;
 249:Core/Src/main.c ****   sConfigOC.OCFastMode = TIM_OCFAST_DISABLE;
 250:Core/Src/main.c ****   if (HAL_TIM_PWM_ConfigChannel(&htim2, &sConfigOC, TIM_CHANNEL_1) != HAL_OK)
 251:Core/Src/main.c ****   {
 252:Core/Src/main.c ****     Error_Handler();
 253:Core/Src/main.c ****   }
 254:Core/Src/main.c ****   /* USER CODE BEGIN TIM2_Init 2 */
 255:Core/Src/main.c **** 
 256:Core/Src/main.c ****   /* USER CODE END TIM2_Init 2 */
 257:Core/Src/main.c ****   HAL_TIM_MspPostInit(&htim2);
 258:Core/Src/main.c **** 
 259:Core/Src/main.c **** }
ARM GAS  /tmp/ccTDdStv.s 			page 7


 260:Core/Src/main.c **** 
 261:Core/Src/main.c **** /**
 262:Core/Src/main.c ****   * @brief USART1 Initialization Function
 263:Core/Src/main.c ****   * @param None
 264:Core/Src/main.c ****   * @retval None
 265:Core/Src/main.c ****   */
 266:Core/Src/main.c **** static void MX_USART1_UART_Init(void)
 267:Core/Src/main.c **** {
 268:Core/Src/main.c **** 
 269:Core/Src/main.c ****   /* USER CODE BEGIN USART1_Init 0 */
 270:Core/Src/main.c **** 
 271:Core/Src/main.c ****   /* USER CODE END USART1_Init 0 */
 272:Core/Src/main.c **** 
 273:Core/Src/main.c ****   /* USER CODE BEGIN USART1_Init 1 */
 274:Core/Src/main.c **** 
 275:Core/Src/main.c ****   /* USER CODE END USART1_Init 1 */
 276:Core/Src/main.c ****   huart1.Instance = USART1;
 277:Core/Src/main.c ****   huart1.Init.BaudRate = 115200;
 278:Core/Src/main.c ****   huart1.Init.WordLength = UART_WORDLENGTH_8B;
 279:Core/Src/main.c ****   huart1.Init.StopBits = UART_STOPBITS_1;
 280:Core/Src/main.c ****   huart1.Init.Parity = UART_PARITY_NONE;
 281:Core/Src/main.c ****   huart1.Init.Mode = UART_MODE_TX_RX;
 282:Core/Src/main.c ****   huart1.Init.HwFlowCtl = UART_HWCONTROL_NONE;
 283:Core/Src/main.c ****   huart1.Init.OverSampling = UART_OVERSAMPLING_16;
 284:Core/Src/main.c ****   if (HAL_UART_Init(&huart1) != HAL_OK)
 285:Core/Src/main.c ****   {
 286:Core/Src/main.c ****     Error_Handler();
 287:Core/Src/main.c ****   }
 288:Core/Src/main.c ****   /* USER CODE BEGIN USART1_Init 2 */
 289:Core/Src/main.c **** 
 290:Core/Src/main.c ****   /* USER CODE END USART1_Init 2 */
 291:Core/Src/main.c **** 
 292:Core/Src/main.c **** }
 293:Core/Src/main.c **** 
 294:Core/Src/main.c **** /**
 295:Core/Src/main.c ****   * @brief GPIO Initialization Function
 296:Core/Src/main.c ****   * @param None
 297:Core/Src/main.c ****   * @retval None
 298:Core/Src/main.c ****   */
 299:Core/Src/main.c **** static void MX_GPIO_Init(void)
 300:Core/Src/main.c **** {
  87              		.loc 1 300 1 is_stmt 1 view -0
  88              		.cfi_startproc
  89              		@ args = 0, pretend = 0, frame = 8
  90              		@ frame_needed = 0, uses_anonymous_args = 0
  91              		@ link register save eliminated.
  92 0000 82B0     		sub	sp, sp, #8
  93              	.LCFI0:
  94              		.cfi_def_cfa_offset 8
 301:Core/Src/main.c ****   /* USER CODE BEGIN MX_GPIO_Init_1 */
 302:Core/Src/main.c **** 
 303:Core/Src/main.c ****   /* USER CODE END MX_GPIO_Init_1 */
 304:Core/Src/main.c **** 
 305:Core/Src/main.c ****   /* GPIO Ports Clock Enable */
 306:Core/Src/main.c ****   __HAL_RCC_GPIOA_CLK_ENABLE();
  95              		.loc 1 306 3 view .LVU16
  96              	.LBB4:
ARM GAS  /tmp/ccTDdStv.s 			page 8


  97              		.loc 1 306 3 view .LVU17
  98              		.loc 1 306 3 view .LVU18
  99 0002 064B     		ldr	r3, .L9
 100 0004 9A69     		ldr	r2, [r3, #24]
 101 0006 42F00402 		orr	r2, r2, #4
 102 000a 9A61     		str	r2, [r3, #24]
 103              		.loc 1 306 3 view .LVU19
 104 000c 9B69     		ldr	r3, [r3, #24]
 105 000e 03F00403 		and	r3, r3, #4
 106 0012 0193     		str	r3, [sp, #4]
 107              		.loc 1 306 3 view .LVU20
 108 0014 019B     		ldr	r3, [sp, #4]
 109              	.LBE4:
 110              		.loc 1 306 3 view .LVU21
 307:Core/Src/main.c **** 
 308:Core/Src/main.c ****   /* USER CODE BEGIN MX_GPIO_Init_2 */
 309:Core/Src/main.c **** 
 310:Core/Src/main.c ****   /* USER CODE END MX_GPIO_Init_2 */
 311:Core/Src/main.c **** }
 111              		.loc 1 311 1 is_stmt 0 view .LVU22
 112 0016 02B0     		add	sp, sp, #8
 113              	.LCFI1:
 114              		.cfi_def_cfa_offset 0
 115              		@ sp needed
 116 0018 7047     		bx	lr
 117              	.L10:
 118 001a 00BF     		.align	2
 119              	.L9:
 120 001c 00100240 		.word	1073876992
 121              		.cfi_endproc
 122              	.LFE75:
 124              		.section	.text.Uart_Send,"ax",%progbits
 125              		.align	1
 126              		.syntax unified
 127              		.thumb
 128              		.thumb_func
 130              	Uart_Send:
 131              	.LVL3:
 132              	.LFB68:
  70:Core/Src/main.c ****   HAL_UART_Transmit(&huart1, (uint8_t *)message, strlen(message), HAL_MAX_DELAY);
 133              		.loc 1 70 1 is_stmt 1 view -0
 134              		.cfi_startproc
 135              		@ args = 0, pretend = 0, frame = 0
 136              		@ frame_needed = 0, uses_anonymous_args = 0
  70:Core/Src/main.c ****   HAL_UART_Transmit(&huart1, (uint8_t *)message, strlen(message), HAL_MAX_DELAY);
 137              		.loc 1 70 1 is_stmt 0 view .LVU24
 138 0000 10B5     		push	{r4, lr}
 139              	.LCFI2:
 140              		.cfi_def_cfa_offset 8
 141              		.cfi_offset 4, -8
 142              		.cfi_offset 14, -4
 143 0002 0446     		mov	r4, r0
  71:Core/Src/main.c **** }
 144              		.loc 1 71 3 is_stmt 1 view .LVU25
  71:Core/Src/main.c **** }
 145              		.loc 1 71 50 is_stmt 0 view .LVU26
 146 0004 FFF7FEFF 		bl	strlen
ARM GAS  /tmp/ccTDdStv.s 			page 9


 147              	.LVL4:
  71:Core/Src/main.c **** }
 148              		.loc 1 71 3 discriminator 1 view .LVU27
 149 0008 4FF0FF33 		mov	r3, #-1
 150 000c 82B2     		uxth	r2, r0
 151 000e 2146     		mov	r1, r4
 152 0010 0148     		ldr	r0, .L13
 153 0012 FFF7FEFF 		bl	HAL_UART_Transmit
 154              	.LVL5:
  72:Core/Src/main.c **** 
 155              		.loc 1 72 1 view .LVU28
 156 0016 10BD     		pop	{r4, pc}
 157              	.LVL6:
 158              	.L14:
  72:Core/Src/main.c **** 
 159              		.loc 1 72 1 view .LVU29
 160              		.align	2
 161              	.L13:
 162 0018 00000000 		.word	huart1
 163              		.cfi_endproc
 164              	.LFE68:
 166              		.section	.rodata.Process_Command.str1.4,"aMS",%progbits,1
 167              		.align	2
 168              	.LC0:
 169 0000 4F4E00   		.ascii	"ON\000"
 170 0003 00       		.align	2
 171              	.LC1:
 172 0004 4F464600 		.ascii	"OFF\000"
 173              		.align	2
 174              	.LC2:
 175 0008 4C454420 		.ascii	"LED ON\015\012\000"
 175      4F4E0D0A 
 175      00
 176 0011 000000   		.align	2
 177              	.LC3:
 178 0014 4C454420 		.ascii	"LED OFF\015\012\000"
 178      4F46460D 
 178      0A00
 179 001e 0000     		.align	2
 180              	.LC4:
 181 0020 50574D3A 		.ascii	"PWM:%u\000"
 181      257500
 182 0027 00       		.align	2
 183              	.LC5:
 184 0028 50574D20 		.ascii	"PWM OK\015\012\000"
 184      4F4B0D0A 
 184      00
 185 0031 000000   		.align	2
 186              	.LC6:
 187 0034 53746174 		.ascii	"Status\000"
 187      757300
 188 003b 00       		.align	2
 189              	.LC7:
 190 003c 4C45443A 		.ascii	"LED:%s PWM:%u%%\015\012\000"
 190      25732050 
 190      574D3A25 
 190      7525250D 
ARM GAS  /tmp/ccTDdStv.s 			page 10


 190      0A00
 191 004e 0000     		.align	2
 192              	.LC8:
 193 0050 4552520D 		.ascii	"ERR\015\012\000"
 193      0A00
 194              		.section	.text.Process_Command,"ax",%progbits
 195              		.align	1
 196              		.syntax unified
 197              		.thumb
 198              		.thumb_func
 200              	Process_Command:
 201              	.LFB70:
  86:Core/Src/main.c ****   char response[48];
 202              		.loc 1 86 1 is_stmt 1 view -0
 203              		.cfi_startproc
 204              		@ args = 0, pretend = 0, frame = 56
 205              		@ frame_needed = 0, uses_anonymous_args = 0
 206 0000 00B5     		push	{lr}
 207              	.LCFI3:
 208              		.cfi_def_cfa_offset 4
 209              		.cfi_offset 14, -4
 210 0002 91B0     		sub	sp, sp, #68
 211              	.LCFI4:
 212              		.cfi_def_cfa_offset 72
  87:Core/Src/main.c ****   unsigned int percent;
 213              		.loc 1 87 3 view .LVU31
  88:Core/Src/main.c **** 
 214              		.loc 1 88 3 view .LVU32
  90:Core/Src/main.c **** 
 215              		.loc 1 90 3 view .LVU33
  90:Core/Src/main.c **** 
 216              		.loc 1 90 17 is_stmt 0 view .LVU34
 217 0004 284B     		ldr	r3, .L26
 218 0006 1B78     		ldrb	r3, [r3]	@ zero_extendqisi2
  90:Core/Src/main.c **** 
 219              		.loc 1 90 34 view .LVU35
 220 0008 2848     		ldr	r0, .L26+4
 221 000a 0022     		movs	r2, #0
 222 000c C254     		strb	r2, [r0, r3]
  92:Core/Src/main.c ****   {
 223              		.loc 1 92 3 is_stmt 1 view .LVU36
  92:Core/Src/main.c ****   {
 224              		.loc 1 92 7 is_stmt 0 view .LVU37
 225 000e 2849     		ldr	r1, .L26+8
 226 0010 FFF7FEFF 		bl	strcmp
 227              	.LVL7:
  92:Core/Src/main.c ****   {
 228              		.loc 1 92 6 discriminator 1 view .LVU38
 229 0014 90B1     		cbz	r0, .L24
  98:Core/Src/main.c ****   {
 230              		.loc 1 98 8 is_stmt 1 view .LVU39
  98:Core/Src/main.c ****   {
 231              		.loc 1 98 12 is_stmt 0 view .LVU40
 232 0016 2749     		ldr	r1, .L26+12
 233 0018 2448     		ldr	r0, .L26+4
 234 001a FFF7FEFF 		bl	strcmp
 235              	.LVL8:
ARM GAS  /tmp/ccTDdStv.s 			page 11


  98:Core/Src/main.c ****   {
 236              		.loc 1 98 11 discriminator 1 view .LVU41
 237 001e B0B9     		cbnz	r0, .L18
 100:Core/Src/main.c ****     Apply_Pwm();
 238              		.loc 1 100 5 is_stmt 1 view .LVU42
 100:Core/Src/main.c ****     Apply_Pwm();
 239              		.loc 1 100 17 is_stmt 0 view .LVU43
 240 0020 254B     		ldr	r3, .L26+16
 241 0022 0022     		movs	r2, #0
 242 0024 1A70     		strb	r2, [r3]
 101:Core/Src/main.c ****     Uart_Send("LED OFF\r\n");
 243              		.loc 1 101 5 is_stmt 1 view .LVU44
 244 0026 FFF7FEFF 		bl	Apply_Pwm
 245              	.LVL9:
 102:Core/Src/main.c ****   }
 246              		.loc 1 102 5 view .LVU45
 247 002a 2448     		ldr	r0, .L26+20
 248 002c FFF7FEFF 		bl	Uart_Send
 249              	.LVL10:
 250              	.L17:
 121:Core/Src/main.c **** }
 251              		.loc 1 121 3 view .LVU46
 121:Core/Src/main.c **** }
 252              		.loc 1 121 18 is_stmt 0 view .LVU47
 253 0030 1D4B     		ldr	r3, .L26
 254 0032 0022     		movs	r2, #0
 255 0034 1A70     		strb	r2, [r3]
 122:Core/Src/main.c **** 
 256              		.loc 1 122 1 view .LVU48
 257 0036 11B0     		add	sp, sp, #68
 258              	.LCFI5:
 259              		.cfi_remember_state
 260              		.cfi_def_cfa_offset 4
 261              		@ sp needed
 262 0038 5DF804FB 		ldr	pc, [sp], #4
 263              	.L24:
 264              	.LCFI6:
 265              		.cfi_restore_state
  94:Core/Src/main.c ****     Apply_Pwm();
 266              		.loc 1 94 5 is_stmt 1 view .LVU49
  94:Core/Src/main.c ****     Apply_Pwm();
 267              		.loc 1 94 17 is_stmt 0 view .LVU50
 268 003c 1E4B     		ldr	r3, .L26+16
 269 003e 0122     		movs	r2, #1
 270 0040 1A70     		strb	r2, [r3]
  95:Core/Src/main.c ****     Uart_Send("LED ON\r\n");
 271              		.loc 1 95 5 is_stmt 1 view .LVU51
 272 0042 FFF7FEFF 		bl	Apply_Pwm
 273              	.LVL11:
  96:Core/Src/main.c ****   }
 274              		.loc 1 96 5 view .LVU52
 275 0046 1E48     		ldr	r0, .L26+24
 276 0048 FFF7FEFF 		bl	Uart_Send
 277              	.LVL12:
 278 004c F0E7     		b	.L17
 279              	.L18:
 104:Core/Src/main.c ****   {
ARM GAS  /tmp/ccTDdStv.s 			page 12


 280              		.loc 1 104 8 view .LVU53
 104:Core/Src/main.c ****   {
 281              		.loc 1 104 12 is_stmt 0 view .LVU54
 282 004e 03AA     		add	r2, sp, #12
 283 0050 1C49     		ldr	r1, .L26+28
 284 0052 1648     		ldr	r0, .L26+4
 285 0054 FFF7FEFF 		bl	sscanf
 286              	.LVL13:
 104:Core/Src/main.c ****   {
 287              		.loc 1 104 11 discriminator 1 view .LVU55
 288 0058 0128     		cmp	r0, #1
 289 005a 14D0     		beq	.L25
 290              	.L19:
 110:Core/Src/main.c ****   {
 291              		.loc 1 110 8 is_stmt 1 view .LVU56
 110:Core/Src/main.c ****   {
 292              		.loc 1 110 12 is_stmt 0 view .LVU57
 293 005c 1A49     		ldr	r1, .L26+32
 294 005e 1348     		ldr	r0, .L26+4
 295 0060 FFF7FEFF 		bl	strcmp
 296              	.LVL14:
 110:Core/Src/main.c ****   {
 297              		.loc 1 110 11 discriminator 1 view .LVU58
 298 0064 E0B9     		cbnz	r0, .L20
 112:Core/Src/main.c ****              led_enabled ? "ON" : "OFF", pwm_percent);
 299              		.loc 1 112 5 is_stmt 1 view .LVU59
 113:Core/Src/main.c ****     Uart_Send(response);
 300              		.loc 1 113 26 is_stmt 0 view .LVU60
 301 0066 144B     		ldr	r3, .L26+16
 302 0068 1B78     		ldrb	r3, [r3]	@ zero_extendqisi2
 112:Core/Src/main.c ****              led_enabled ? "ON" : "OFF", pwm_percent);
 303              		.loc 1 112 5 view .LVU61
 304 006a BBB1     		cbz	r3, .L22
 112:Core/Src/main.c ****              led_enabled ? "ON" : "OFF", pwm_percent);
 305              		.loc 1 112 5 discriminator 1 view .LVU62
 306 006c 104B     		ldr	r3, .L26+8
 307              	.L21:
 112:Core/Src/main.c ****              led_enabled ? "ON" : "OFF", pwm_percent);
 308              		.loc 1 112 5 discriminator 4 view .LVU63
 309 006e 174A     		ldr	r2, .L26+36
 310 0070 1288     		ldrh	r2, [r2]
 311 0072 0092     		str	r2, [sp]
 312 0074 164A     		ldr	r2, .L26+40
 313 0076 3021     		movs	r1, #48
 314 0078 04A8     		add	r0, sp, #16
 315 007a FFF7FEFF 		bl	snprintf
 316              	.LVL15:
 114:Core/Src/main.c ****   }
 317              		.loc 1 114 5 is_stmt 1 view .LVU64
 318 007e 04A8     		add	r0, sp, #16
 319 0080 FFF7FEFF 		bl	Uart_Send
 320              	.LVL16:
 321 0084 D4E7     		b	.L17
 322              	.L25:
 104:Core/Src/main.c ****   {
 323              		.loc 1 104 71 is_stmt 0 discriminator 1 view .LVU65
 324 0086 039B     		ldr	r3, [sp, #12]
ARM GAS  /tmp/ccTDdStv.s 			page 13


 104:Core/Src/main.c ****   {
 325              		.loc 1 104 60 discriminator 1 view .LVU66
 326 0088 642B     		cmp	r3, #100
 327 008a E7D8     		bhi	.L19
 106:Core/Src/main.c ****     Apply_Pwm();
 328              		.loc 1 106 5 is_stmt 1 view .LVU67
 106:Core/Src/main.c ****     Apply_Pwm();
 329              		.loc 1 106 17 is_stmt 0 view .LVU68
 330 008c 0F4A     		ldr	r2, .L26+36
 331 008e 1380     		strh	r3, [r2]	@ movhi
 107:Core/Src/main.c ****     Uart_Send("PWM OK\r\n");
 332              		.loc 1 107 5 is_stmt 1 view .LVU69
 333 0090 FFF7FEFF 		bl	Apply_Pwm
 334              	.LVL17:
 108:Core/Src/main.c ****   }
 335              		.loc 1 108 5 view .LVU70
 336 0094 0F48     		ldr	r0, .L26+44
 337 0096 FFF7FEFF 		bl	Uart_Send
 338              	.LVL18:
 339 009a C9E7     		b	.L17
 340              	.L22:
 112:Core/Src/main.c ****              led_enabled ? "ON" : "OFF", pwm_percent);
 341              		.loc 1 112 5 is_stmt 0 discriminator 2 view .LVU71
 342 009c 054B     		ldr	r3, .L26+12
 343 009e E6E7     		b	.L21
 344              	.L20:
 118:Core/Src/main.c ****   }
 345              		.loc 1 118 5 is_stmt 1 view .LVU72
 346 00a0 0D48     		ldr	r0, .L26+48
 347 00a2 FFF7FEFF 		bl	Uart_Send
 348              	.LVL19:
 349 00a6 C3E7     		b	.L17
 350              	.L27:
 351              		.align	2
 352              	.L26:
 353 00a8 00000000 		.word	command_length
 354 00ac 00000000 		.word	command_buffer
 355 00b0 00000000 		.word	.LC0
 356 00b4 04000000 		.word	.LC1
 357 00b8 00000000 		.word	led_enabled
 358 00bc 14000000 		.word	.LC3
 359 00c0 08000000 		.word	.LC2
 360 00c4 20000000 		.word	.LC4
 361 00c8 34000000 		.word	.LC6
 362 00cc 00000000 		.word	pwm_percent
 363 00d0 3C000000 		.word	.LC7
 364 00d4 28000000 		.word	.LC5
 365 00d8 50000000 		.word	.LC8
 366              		.cfi_endproc
 367              	.LFE70:
 369              		.section	.text.HAL_UART_RxCpltCallback,"ax",%progbits
 370              		.align	1
 371              		.global	HAL_UART_RxCpltCallback
 372              		.syntax unified
 373              		.thumb
 374              		.thumb_func
 376              	HAL_UART_RxCpltCallback:
ARM GAS  /tmp/ccTDdStv.s 			page 14


 377              	.LVL20:
 378              	.LFB76:
 312:Core/Src/main.c **** 
 313:Core/Src/main.c **** /* USER CODE BEGIN 4 */
 314:Core/Src/main.c **** void HAL_UART_RxCpltCallback(UART_HandleTypeDef *huart)
 315:Core/Src/main.c **** {
 379              		.loc 1 315 1 view -0
 380              		.cfi_startproc
 381              		@ args = 0, pretend = 0, frame = 0
 382              		@ frame_needed = 0, uses_anonymous_args = 0
 383              		.loc 1 315 1 is_stmt 0 view .LVU74
 384 0000 08B5     		push	{r3, lr}
 385              	.LCFI7:
 386              		.cfi_def_cfa_offset 8
 387              		.cfi_offset 3, -8
 388              		.cfi_offset 14, -4
 316:Core/Src/main.c ****   if (huart->Instance == USART1)
 389              		.loc 1 316 3 is_stmt 1 view .LVU75
 390              		.loc 1 316 12 is_stmt 0 view .LVU76
 391 0002 0268     		ldr	r2, [r0]
 392              		.loc 1 316 6 view .LVU77
 393 0004 0E4B     		ldr	r3, .L35
 394 0006 9A42     		cmp	r2, r3
 395 0008 00D0     		beq	.L33
 396              	.LVL21:
 397              	.L28:
 317:Core/Src/main.c ****   {
 318:Core/Src/main.c ****     if (uart_rx_byte == '!')
 319:Core/Src/main.c ****     {
 320:Core/Src/main.c ****       Process_Command();
 321:Core/Src/main.c ****     }
 322:Core/Src/main.c ****     else if (uart_rx_byte != '\r' && uart_rx_byte != '\n' &&
 323:Core/Src/main.c ****              command_length < sizeof(command_buffer) - 1U)
 324:Core/Src/main.c ****     {
 325:Core/Src/main.c ****       command_buffer[command_length++] = (char)uart_rx_byte;
 326:Core/Src/main.c ****     }
 327:Core/Src/main.c **** 
 328:Core/Src/main.c ****     HAL_UART_Receive_IT(&huart1, &uart_rx_byte, 1U);
 329:Core/Src/main.c ****   }
 330:Core/Src/main.c **** }
 398              		.loc 1 330 1 view .LVU78
 399 000a 08BD     		pop	{r3, pc}
 400              	.LVL22:
 401              	.L33:
 318:Core/Src/main.c ****     {
 402              		.loc 1 318 5 is_stmt 1 view .LVU79
 318:Core/Src/main.c ****     {
 403              		.loc 1 318 22 is_stmt 0 view .LVU80
 404 000c 0D4B     		ldr	r3, .L35+4
 405 000e 1B78     		ldrb	r3, [r3]	@ zero_extendqisi2
 318:Core/Src/main.c ****     {
 406              		.loc 1 318 8 view .LVU81
 407 0010 212B     		cmp	r3, #33
 408 0012 0DD0     		beq	.L34
 322:Core/Src/main.c ****              command_length < sizeof(command_buffer) - 1U)
 409              		.loc 1 322 10 is_stmt 1 view .LVU82
 322:Core/Src/main.c ****              command_length < sizeof(command_buffer) - 1U)
ARM GAS  /tmp/ccTDdStv.s 			page 15


 410              		.loc 1 322 13 is_stmt 0 view .LVU83
 411 0014 0D2B     		cmp	r3, #13
 412 0016 0DD0     		beq	.L31
 322:Core/Src/main.c ****              command_length < sizeof(command_buffer) - 1U)
 413              		.loc 1 322 35 discriminator 1 view .LVU84
 414 0018 0A2B     		cmp	r3, #10
 415 001a 0BD0     		beq	.L31
 323:Core/Src/main.c ****     {
 416              		.loc 1 323 29 view .LVU85
 417 001c 0A4A     		ldr	r2, .L35+8
 418 001e 1278     		ldrb	r2, [r2]	@ zero_extendqisi2
 322:Core/Src/main.c ****              command_length < sizeof(command_buffer) - 1U)
 419              		.loc 1 322 59 discriminator 2 view .LVU86
 420 0020 1E2A     		cmp	r2, #30
 421 0022 07D8     		bhi	.L31
 325:Core/Src/main.c ****     }
 422              		.loc 1 325 7 is_stmt 1 view .LVU87
 325:Core/Src/main.c ****     }
 423              		.loc 1 325 36 is_stmt 0 view .LVU88
 424 0024 501C     		adds	r0, r2, #1
 425              	.LVL23:
 325:Core/Src/main.c ****     }
 426              		.loc 1 325 36 view .LVU89
 427 0026 0849     		ldr	r1, .L35+8
 428 0028 0870     		strb	r0, [r1]
 325:Core/Src/main.c ****     }
 429              		.loc 1 325 40 view .LVU90
 430 002a 0849     		ldr	r1, .L35+12
 431 002c 8B54     		strb	r3, [r1, r2]
 432 002e 01E0     		b	.L31
 433              	.LVL24:
 434              	.L34:
 320:Core/Src/main.c ****     }
 435              		.loc 1 320 7 is_stmt 1 view .LVU91
 436 0030 FFF7FEFF 		bl	Process_Command
 437              	.LVL25:
 438              	.L31:
 328:Core/Src/main.c ****   }
 439              		.loc 1 328 5 view .LVU92
 440 0034 0122     		movs	r2, #1
 441 0036 0349     		ldr	r1, .L35+4
 442 0038 0548     		ldr	r0, .L35+16
 443 003a FFF7FEFF 		bl	HAL_UART_Receive_IT
 444              	.LVL26:
 445              		.loc 1 330 1 is_stmt 0 view .LVU93
 446 003e E4E7     		b	.L28
 447              	.L36:
 448              		.align	2
 449              	.L35:
 450 0040 00380140 		.word	1073821696
 451 0044 00000000 		.word	uart_rx_byte
 452 0048 00000000 		.word	command_length
 453 004c 00000000 		.word	command_buffer
 454 0050 00000000 		.word	huart1
 455              		.cfi_endproc
 456              	.LFE76:
 458              		.section	.text.Error_Handler,"ax",%progbits
ARM GAS  /tmp/ccTDdStv.s 			page 16


 459              		.align	1
 460              		.global	Error_Handler
 461              		.syntax unified
 462              		.thumb
 463              		.thumb_func
 465              	Error_Handler:
 466              	.LFB77:
 331:Core/Src/main.c **** 
 332:Core/Src/main.c **** /* USER CODE END 4 */
 333:Core/Src/main.c **** 
 334:Core/Src/main.c **** /**
 335:Core/Src/main.c ****   * @brief  This function is executed in case of error occurrence.
 336:Core/Src/main.c ****   * @retval None
 337:Core/Src/main.c ****   */
 338:Core/Src/main.c **** void Error_Handler(void)
 339:Core/Src/main.c **** {
 467              		.loc 1 339 1 is_stmt 1 view -0
 468              		.cfi_startproc
 469              		@ Volatile: function does not return.
 470              		@ args = 0, pretend = 0, frame = 0
 471              		@ frame_needed = 0, uses_anonymous_args = 0
 472              		@ link register save eliminated.
 340:Core/Src/main.c ****   /* USER CODE BEGIN Error_Handler_Debug */
 341:Core/Src/main.c ****   /* User can add his own implementation to report the HAL error return state */
 342:Core/Src/main.c ****   __disable_irq();
 473              		.loc 1 342 3 view .LVU95
 474              	.LBB5:
 475              	.LBI5:
 476              		.file 2 "Drivers/CMSIS/Include/cmsis_gcc.h"
   1:Drivers/CMSIS/Include/cmsis_gcc.h **** /**************************************************************************//**
   2:Drivers/CMSIS/Include/cmsis_gcc.h ****  * @file     cmsis_gcc.h
   3:Drivers/CMSIS/Include/cmsis_gcc.h ****  * @brief    CMSIS compiler GCC header file
   4:Drivers/CMSIS/Include/cmsis_gcc.h ****  * @version  V5.0.4
   5:Drivers/CMSIS/Include/cmsis_gcc.h ****  * @date     09. April 2018
   6:Drivers/CMSIS/Include/cmsis_gcc.h ****  ******************************************************************************/
   7:Drivers/CMSIS/Include/cmsis_gcc.h **** /*
   8:Drivers/CMSIS/Include/cmsis_gcc.h ****  * Copyright (c) 2009-2018 Arm Limited. All rights reserved.
   9:Drivers/CMSIS/Include/cmsis_gcc.h ****  *
  10:Drivers/CMSIS/Include/cmsis_gcc.h ****  * SPDX-License-Identifier: Apache-2.0
  11:Drivers/CMSIS/Include/cmsis_gcc.h ****  *
  12:Drivers/CMSIS/Include/cmsis_gcc.h ****  * Licensed under the Apache License, Version 2.0 (the License); you may
  13:Drivers/CMSIS/Include/cmsis_gcc.h ****  * not use this file except in compliance with the License.
  14:Drivers/CMSIS/Include/cmsis_gcc.h ****  * You may obtain a copy of the License at
  15:Drivers/CMSIS/Include/cmsis_gcc.h ****  *
  16:Drivers/CMSIS/Include/cmsis_gcc.h ****  * www.apache.org/licenses/LICENSE-2.0
  17:Drivers/CMSIS/Include/cmsis_gcc.h ****  *
  18:Drivers/CMSIS/Include/cmsis_gcc.h ****  * Unless required by applicable law or agreed to in writing, software
  19:Drivers/CMSIS/Include/cmsis_gcc.h ****  * distributed under the License is distributed on an AS IS BASIS, WITHOUT
  20:Drivers/CMSIS/Include/cmsis_gcc.h ****  * WARRANTIES OR CONDITIONS OF ANY KIND, either express or implied.
  21:Drivers/CMSIS/Include/cmsis_gcc.h ****  * See the License for the specific language governing permissions and
  22:Drivers/CMSIS/Include/cmsis_gcc.h ****  * limitations under the License.
  23:Drivers/CMSIS/Include/cmsis_gcc.h ****  */
  24:Drivers/CMSIS/Include/cmsis_gcc.h **** 
  25:Drivers/CMSIS/Include/cmsis_gcc.h **** #ifndef __CMSIS_GCC_H
  26:Drivers/CMSIS/Include/cmsis_gcc.h **** #define __CMSIS_GCC_H
  27:Drivers/CMSIS/Include/cmsis_gcc.h **** 
  28:Drivers/CMSIS/Include/cmsis_gcc.h **** /* ignore some GCC warnings */
ARM GAS  /tmp/ccTDdStv.s 			page 17


  29:Drivers/CMSIS/Include/cmsis_gcc.h **** #pragma GCC diagnostic push
  30:Drivers/CMSIS/Include/cmsis_gcc.h **** #pragma GCC diagnostic ignored "-Wsign-conversion"
  31:Drivers/CMSIS/Include/cmsis_gcc.h **** #pragma GCC diagnostic ignored "-Wconversion"
  32:Drivers/CMSIS/Include/cmsis_gcc.h **** #pragma GCC diagnostic ignored "-Wunused-parameter"
  33:Drivers/CMSIS/Include/cmsis_gcc.h **** 
  34:Drivers/CMSIS/Include/cmsis_gcc.h **** /* Fallback for __has_builtin */
  35:Drivers/CMSIS/Include/cmsis_gcc.h **** #ifndef __has_builtin
  36:Drivers/CMSIS/Include/cmsis_gcc.h ****   #define __has_builtin(x) (0)
  37:Drivers/CMSIS/Include/cmsis_gcc.h **** #endif
  38:Drivers/CMSIS/Include/cmsis_gcc.h **** 
  39:Drivers/CMSIS/Include/cmsis_gcc.h **** /* CMSIS compiler specific defines */
  40:Drivers/CMSIS/Include/cmsis_gcc.h **** #ifndef   __ASM
  41:Drivers/CMSIS/Include/cmsis_gcc.h ****   #define __ASM                                  __asm
  42:Drivers/CMSIS/Include/cmsis_gcc.h **** #endif
  43:Drivers/CMSIS/Include/cmsis_gcc.h **** #ifndef   __INLINE
  44:Drivers/CMSIS/Include/cmsis_gcc.h ****   #define __INLINE                               inline
  45:Drivers/CMSIS/Include/cmsis_gcc.h **** #endif
  46:Drivers/CMSIS/Include/cmsis_gcc.h **** #ifndef   __STATIC_INLINE
  47:Drivers/CMSIS/Include/cmsis_gcc.h ****   #define __STATIC_INLINE                        static inline
  48:Drivers/CMSIS/Include/cmsis_gcc.h **** #endif
  49:Drivers/CMSIS/Include/cmsis_gcc.h **** #ifndef   __STATIC_FORCEINLINE                 
  50:Drivers/CMSIS/Include/cmsis_gcc.h ****   #define __STATIC_FORCEINLINE                   __attribute__((always_inline)) static inline
  51:Drivers/CMSIS/Include/cmsis_gcc.h **** #endif                                           
  52:Drivers/CMSIS/Include/cmsis_gcc.h **** #ifndef   __NO_RETURN
  53:Drivers/CMSIS/Include/cmsis_gcc.h ****   #define __NO_RETURN                            __attribute__((__noreturn__))
  54:Drivers/CMSIS/Include/cmsis_gcc.h **** #endif
  55:Drivers/CMSIS/Include/cmsis_gcc.h **** #ifndef   __USED
  56:Drivers/CMSIS/Include/cmsis_gcc.h ****   #define __USED                                 __attribute__((used))
  57:Drivers/CMSIS/Include/cmsis_gcc.h **** #endif
  58:Drivers/CMSIS/Include/cmsis_gcc.h **** #ifndef   __WEAK
  59:Drivers/CMSIS/Include/cmsis_gcc.h ****   #define __WEAK                                 __attribute__((weak))
  60:Drivers/CMSIS/Include/cmsis_gcc.h **** #endif
  61:Drivers/CMSIS/Include/cmsis_gcc.h **** #ifndef   __PACKED
  62:Drivers/CMSIS/Include/cmsis_gcc.h ****   #define __PACKED                               __attribute__((packed, aligned(1)))
  63:Drivers/CMSIS/Include/cmsis_gcc.h **** #endif
  64:Drivers/CMSIS/Include/cmsis_gcc.h **** #ifndef   __PACKED_STRUCT
  65:Drivers/CMSIS/Include/cmsis_gcc.h ****   #define __PACKED_STRUCT                        struct __attribute__((packed, aligned(1)))
  66:Drivers/CMSIS/Include/cmsis_gcc.h **** #endif
  67:Drivers/CMSIS/Include/cmsis_gcc.h **** #ifndef   __PACKED_UNION
  68:Drivers/CMSIS/Include/cmsis_gcc.h ****   #define __PACKED_UNION                         union __attribute__((packed, aligned(1)))
  69:Drivers/CMSIS/Include/cmsis_gcc.h **** #endif
  70:Drivers/CMSIS/Include/cmsis_gcc.h **** #ifndef   __UNALIGNED_UINT32        /* deprecated */
  71:Drivers/CMSIS/Include/cmsis_gcc.h ****   #pragma GCC diagnostic push
  72:Drivers/CMSIS/Include/cmsis_gcc.h ****   #pragma GCC diagnostic ignored "-Wpacked"
  73:Drivers/CMSIS/Include/cmsis_gcc.h ****   #pragma GCC diagnostic ignored "-Wattributes"
  74:Drivers/CMSIS/Include/cmsis_gcc.h ****   struct __attribute__((packed)) T_UINT32 { uint32_t v; };
  75:Drivers/CMSIS/Include/cmsis_gcc.h ****   #pragma GCC diagnostic pop
  76:Drivers/CMSIS/Include/cmsis_gcc.h ****   #define __UNALIGNED_UINT32(x)                  (((struct T_UINT32 *)(x))->v)
  77:Drivers/CMSIS/Include/cmsis_gcc.h **** #endif
  78:Drivers/CMSIS/Include/cmsis_gcc.h **** #ifndef   __UNALIGNED_UINT16_WRITE
  79:Drivers/CMSIS/Include/cmsis_gcc.h ****   #pragma GCC diagnostic push
  80:Drivers/CMSIS/Include/cmsis_gcc.h ****   #pragma GCC diagnostic ignored "-Wpacked"
  81:Drivers/CMSIS/Include/cmsis_gcc.h ****   #pragma GCC diagnostic ignored "-Wattributes"
  82:Drivers/CMSIS/Include/cmsis_gcc.h ****   __PACKED_STRUCT T_UINT16_WRITE { uint16_t v; };
  83:Drivers/CMSIS/Include/cmsis_gcc.h ****   #pragma GCC diagnostic pop
  84:Drivers/CMSIS/Include/cmsis_gcc.h ****   #define __UNALIGNED_UINT16_WRITE(addr, val)    (void)((((struct T_UINT16_WRITE *)(void *)(addr))-
  85:Drivers/CMSIS/Include/cmsis_gcc.h **** #endif
ARM GAS  /tmp/ccTDdStv.s 			page 18


  86:Drivers/CMSIS/Include/cmsis_gcc.h **** #ifndef   __UNALIGNED_UINT16_READ
  87:Drivers/CMSIS/Include/cmsis_gcc.h ****   #pragma GCC diagnostic push
  88:Drivers/CMSIS/Include/cmsis_gcc.h ****   #pragma GCC diagnostic ignored "-Wpacked"
  89:Drivers/CMSIS/Include/cmsis_gcc.h ****   #pragma GCC diagnostic ignored "-Wattributes"
  90:Drivers/CMSIS/Include/cmsis_gcc.h ****   __PACKED_STRUCT T_UINT16_READ { uint16_t v; };
  91:Drivers/CMSIS/Include/cmsis_gcc.h ****   #pragma GCC diagnostic pop
  92:Drivers/CMSIS/Include/cmsis_gcc.h ****   #define __UNALIGNED_UINT16_READ(addr)          (((const struct T_UINT16_READ *)(const void *)(add
  93:Drivers/CMSIS/Include/cmsis_gcc.h **** #endif
  94:Drivers/CMSIS/Include/cmsis_gcc.h **** #ifndef   __UNALIGNED_UINT32_WRITE
  95:Drivers/CMSIS/Include/cmsis_gcc.h ****   #pragma GCC diagnostic push
  96:Drivers/CMSIS/Include/cmsis_gcc.h ****   #pragma GCC diagnostic ignored "-Wpacked"
  97:Drivers/CMSIS/Include/cmsis_gcc.h ****   #pragma GCC diagnostic ignored "-Wattributes"
  98:Drivers/CMSIS/Include/cmsis_gcc.h ****   __PACKED_STRUCT T_UINT32_WRITE { uint32_t v; };
  99:Drivers/CMSIS/Include/cmsis_gcc.h ****   #pragma GCC diagnostic pop
 100:Drivers/CMSIS/Include/cmsis_gcc.h ****   #define __UNALIGNED_UINT32_WRITE(addr, val)    (void)((((struct T_UINT32_WRITE *)(void *)(addr))-
 101:Drivers/CMSIS/Include/cmsis_gcc.h **** #endif
 102:Drivers/CMSIS/Include/cmsis_gcc.h **** #ifndef   __UNALIGNED_UINT32_READ
 103:Drivers/CMSIS/Include/cmsis_gcc.h ****   #pragma GCC diagnostic push
 104:Drivers/CMSIS/Include/cmsis_gcc.h ****   #pragma GCC diagnostic ignored "-Wpacked"
 105:Drivers/CMSIS/Include/cmsis_gcc.h ****   #pragma GCC diagnostic ignored "-Wattributes"
 106:Drivers/CMSIS/Include/cmsis_gcc.h ****   __PACKED_STRUCT T_UINT32_READ { uint32_t v; };
 107:Drivers/CMSIS/Include/cmsis_gcc.h ****   #pragma GCC diagnostic pop
 108:Drivers/CMSIS/Include/cmsis_gcc.h ****   #define __UNALIGNED_UINT32_READ(addr)          (((const struct T_UINT32_READ *)(const void *)(add
 109:Drivers/CMSIS/Include/cmsis_gcc.h **** #endif
 110:Drivers/CMSIS/Include/cmsis_gcc.h **** #ifndef   __ALIGNED
 111:Drivers/CMSIS/Include/cmsis_gcc.h ****   #define __ALIGNED(x)                           __attribute__((aligned(x)))
 112:Drivers/CMSIS/Include/cmsis_gcc.h **** #endif
 113:Drivers/CMSIS/Include/cmsis_gcc.h **** #ifndef   __RESTRICT
 114:Drivers/CMSIS/Include/cmsis_gcc.h ****   #define __RESTRICT                             __restrict
 115:Drivers/CMSIS/Include/cmsis_gcc.h **** #endif
 116:Drivers/CMSIS/Include/cmsis_gcc.h **** 
 117:Drivers/CMSIS/Include/cmsis_gcc.h **** 
 118:Drivers/CMSIS/Include/cmsis_gcc.h **** /* ###########################  Core Function Access  ########################### */
 119:Drivers/CMSIS/Include/cmsis_gcc.h **** /** \ingroup  CMSIS_Core_FunctionInterface
 120:Drivers/CMSIS/Include/cmsis_gcc.h ****     \defgroup CMSIS_Core_RegAccFunctions CMSIS Core Register Access Functions
 121:Drivers/CMSIS/Include/cmsis_gcc.h ****   @{
 122:Drivers/CMSIS/Include/cmsis_gcc.h ****  */
 123:Drivers/CMSIS/Include/cmsis_gcc.h **** 
 124:Drivers/CMSIS/Include/cmsis_gcc.h **** /**
 125:Drivers/CMSIS/Include/cmsis_gcc.h ****   \brief   Enable IRQ Interrupts
 126:Drivers/CMSIS/Include/cmsis_gcc.h ****   \details Enables IRQ interrupts by clearing the I-bit in the CPSR.
 127:Drivers/CMSIS/Include/cmsis_gcc.h ****            Can only be executed in Privileged modes.
 128:Drivers/CMSIS/Include/cmsis_gcc.h ****  */
 129:Drivers/CMSIS/Include/cmsis_gcc.h **** __STATIC_FORCEINLINE void __enable_irq(void)
 130:Drivers/CMSIS/Include/cmsis_gcc.h **** {
 131:Drivers/CMSIS/Include/cmsis_gcc.h ****   __ASM volatile ("cpsie i" : : : "memory");
 132:Drivers/CMSIS/Include/cmsis_gcc.h **** }
 133:Drivers/CMSIS/Include/cmsis_gcc.h **** 
 134:Drivers/CMSIS/Include/cmsis_gcc.h **** 
 135:Drivers/CMSIS/Include/cmsis_gcc.h **** /**
 136:Drivers/CMSIS/Include/cmsis_gcc.h ****   \brief   Disable IRQ Interrupts
 137:Drivers/CMSIS/Include/cmsis_gcc.h ****   \details Disables IRQ interrupts by setting the I-bit in the CPSR.
 138:Drivers/CMSIS/Include/cmsis_gcc.h ****            Can only be executed in Privileged modes.
 139:Drivers/CMSIS/Include/cmsis_gcc.h ****  */
 140:Drivers/CMSIS/Include/cmsis_gcc.h **** __STATIC_FORCEINLINE void __disable_irq(void)
 477              		.loc 2 140 27 view .LVU96
 478              	.LBB6:
ARM GAS  /tmp/ccTDdStv.s 			page 19


 141:Drivers/CMSIS/Include/cmsis_gcc.h **** {
 142:Drivers/CMSIS/Include/cmsis_gcc.h ****   __ASM volatile ("cpsid i" : : : "memory");
 479              		.loc 2 142 3 view .LVU97
 480              		.syntax unified
 481              	@ 142 "Drivers/CMSIS/Include/cmsis_gcc.h" 1
 482 0000 72B6     		cpsid i
 483              	@ 0 "" 2
 484              		.thumb
 485              		.syntax unified
 486              	.L38:
 487              	.LBE6:
 488              	.LBE5:
 343:Core/Src/main.c ****   while (1)
 489              		.loc 1 343 3 view .LVU98
 344:Core/Src/main.c ****   {
 345:Core/Src/main.c ****   }
 490              		.loc 1 345 3 view .LVU99
 343:Core/Src/main.c ****   while (1)
 491              		.loc 1 343 9 view .LVU100
 492 0002 FEE7     		b	.L38
 493              		.cfi_endproc
 494              	.LFE77:
 496              		.section	.text.MX_TIM2_Init,"ax",%progbits
 497              		.align	1
 498              		.syntax unified
 499              		.thumb
 500              		.thumb_func
 502              	MX_TIM2_Init:
 503              	.LFB73:
 218:Core/Src/main.c **** 
 504              		.loc 1 218 1 view -0
 505              		.cfi_startproc
 506              		@ args = 0, pretend = 0, frame = 40
 507              		@ frame_needed = 0, uses_anonymous_args = 0
 508 0000 00B5     		push	{lr}
 509              	.LCFI8:
 510              		.cfi_def_cfa_offset 4
 511              		.cfi_offset 14, -4
 512 0002 8BB0     		sub	sp, sp, #44
 513              	.LCFI9:
 514              		.cfi_def_cfa_offset 48
 224:Core/Src/main.c ****   TIM_OC_InitTypeDef sConfigOC = {0};
 515              		.loc 1 224 3 view .LVU102
 224:Core/Src/main.c ****   TIM_OC_InitTypeDef sConfigOC = {0};
 516              		.loc 1 224 27 is_stmt 0 view .LVU103
 517 0004 0023     		movs	r3, #0
 518 0006 0893     		str	r3, [sp, #32]
 519 0008 0993     		str	r3, [sp, #36]
 225:Core/Src/main.c **** 
 520              		.loc 1 225 3 is_stmt 1 view .LVU104
 225:Core/Src/main.c **** 
 521              		.loc 1 225 22 is_stmt 0 view .LVU105
 522 000a 0193     		str	r3, [sp, #4]
 523 000c 0293     		str	r3, [sp, #8]
 524 000e 0393     		str	r3, [sp, #12]
 525 0010 0493     		str	r3, [sp, #16]
 526 0012 0593     		str	r3, [sp, #20]
ARM GAS  /tmp/ccTDdStv.s 			page 20


 527 0014 0693     		str	r3, [sp, #24]
 528 0016 0793     		str	r3, [sp, #28]
 230:Core/Src/main.c ****   htim2.Init.Prescaler = 0;
 529              		.loc 1 230 3 is_stmt 1 view .LVU106
 230:Core/Src/main.c ****   htim2.Init.Prescaler = 0;
 530              		.loc 1 230 18 is_stmt 0 view .LVU107
 531 0018 1648     		ldr	r0, .L47
 532 001a 4FF08042 		mov	r2, #1073741824
 533 001e 0260     		str	r2, [r0]
 231:Core/Src/main.c ****   htim2.Init.CounterMode = TIM_COUNTERMODE_UP;
 534              		.loc 1 231 3 is_stmt 1 view .LVU108
 231:Core/Src/main.c ****   htim2.Init.CounterMode = TIM_COUNTERMODE_UP;
 535              		.loc 1 231 24 is_stmt 0 view .LVU109
 536 0020 4360     		str	r3, [r0, #4]
 232:Core/Src/main.c ****   htim2.Init.Period = 65535;
 537              		.loc 1 232 3 is_stmt 1 view .LVU110
 232:Core/Src/main.c ****   htim2.Init.Period = 65535;
 538              		.loc 1 232 26 is_stmt 0 view .LVU111
 539 0022 8360     		str	r3, [r0, #8]
 233:Core/Src/main.c ****   htim2.Init.ClockDivision = TIM_CLOCKDIVISION_DIV1;
 540              		.loc 1 233 3 is_stmt 1 view .LVU112
 233:Core/Src/main.c ****   htim2.Init.ClockDivision = TIM_CLOCKDIVISION_DIV1;
 541              		.loc 1 233 21 is_stmt 0 view .LVU113
 542 0024 4FF6FF72 		movw	r2, #65535
 543 0028 C260     		str	r2, [r0, #12]
 234:Core/Src/main.c ****   htim2.Init.AutoReloadPreload = TIM_AUTORELOAD_PRELOAD_DISABLE;
 544              		.loc 1 234 3 is_stmt 1 view .LVU114
 234:Core/Src/main.c ****   htim2.Init.AutoReloadPreload = TIM_AUTORELOAD_PRELOAD_DISABLE;
 545              		.loc 1 234 28 is_stmt 0 view .LVU115
 546 002a 0361     		str	r3, [r0, #16]
 235:Core/Src/main.c ****   if (HAL_TIM_PWM_Init(&htim2) != HAL_OK)
 547              		.loc 1 235 3 is_stmt 1 view .LVU116
 235:Core/Src/main.c ****   if (HAL_TIM_PWM_Init(&htim2) != HAL_OK)
 548              		.loc 1 235 32 is_stmt 0 view .LVU117
 549 002c 8361     		str	r3, [r0, #24]
 236:Core/Src/main.c ****   {
 550              		.loc 1 236 3 is_stmt 1 view .LVU118
 236:Core/Src/main.c ****   {
 551              		.loc 1 236 7 is_stmt 0 view .LVU119
 552 002e FFF7FEFF 		bl	HAL_TIM_PWM_Init
 553              	.LVL27:
 236:Core/Src/main.c ****   {
 554              		.loc 1 236 6 discriminator 1 view .LVU120
 555 0032 C0B9     		cbnz	r0, .L44
 240:Core/Src/main.c ****   sMasterConfig.MasterSlaveMode = TIM_MASTERSLAVEMODE_DISABLE;
 556              		.loc 1 240 3 is_stmt 1 view .LVU121
 240:Core/Src/main.c ****   sMasterConfig.MasterSlaveMode = TIM_MASTERSLAVEMODE_DISABLE;
 557              		.loc 1 240 37 is_stmt 0 view .LVU122
 558 0034 0023     		movs	r3, #0
 559 0036 0893     		str	r3, [sp, #32]
 241:Core/Src/main.c ****   if (HAL_TIMEx_MasterConfigSynchronization(&htim2, &sMasterConfig) != HAL_OK)
 560              		.loc 1 241 3 is_stmt 1 view .LVU123
 241:Core/Src/main.c ****   if (HAL_TIMEx_MasterConfigSynchronization(&htim2, &sMasterConfig) != HAL_OK)
 561              		.loc 1 241 33 is_stmt 0 view .LVU124
 562 0038 0993     		str	r3, [sp, #36]
 242:Core/Src/main.c ****   {
 563              		.loc 1 242 3 is_stmt 1 view .LVU125
ARM GAS  /tmp/ccTDdStv.s 			page 21


 242:Core/Src/main.c ****   {
 564              		.loc 1 242 7 is_stmt 0 view .LVU126
 565 003a 08A9     		add	r1, sp, #32
 566 003c 0D48     		ldr	r0, .L47
 567 003e FFF7FEFF 		bl	HAL_TIMEx_MasterConfigSynchronization
 568              	.LVL28:
 242:Core/Src/main.c ****   {
 569              		.loc 1 242 6 discriminator 1 view .LVU127
 570 0042 90B9     		cbnz	r0, .L45
 246:Core/Src/main.c ****   sConfigOC.Pulse = 0;
 571              		.loc 1 246 3 is_stmt 1 view .LVU128
 246:Core/Src/main.c ****   sConfigOC.Pulse = 0;
 572              		.loc 1 246 20 is_stmt 0 view .LVU129
 573 0044 6023     		movs	r3, #96
 574 0046 0193     		str	r3, [sp, #4]
 247:Core/Src/main.c ****   sConfigOC.OCPolarity = TIM_OCPOLARITY_HIGH;
 575              		.loc 1 247 3 is_stmt 1 view .LVU130
 247:Core/Src/main.c ****   sConfigOC.OCPolarity = TIM_OCPOLARITY_HIGH;
 576              		.loc 1 247 19 is_stmt 0 view .LVU131
 577 0048 0022     		movs	r2, #0
 578 004a 0292     		str	r2, [sp, #8]
 248:Core/Src/main.c ****   sConfigOC.OCFastMode = TIM_OCFAST_DISABLE;
 579              		.loc 1 248 3 is_stmt 1 view .LVU132
 248:Core/Src/main.c ****   sConfigOC.OCFastMode = TIM_OCFAST_DISABLE;
 580              		.loc 1 248 24 is_stmt 0 view .LVU133
 581 004c 0392     		str	r2, [sp, #12]
 249:Core/Src/main.c ****   if (HAL_TIM_PWM_ConfigChannel(&htim2, &sConfigOC, TIM_CHANNEL_1) != HAL_OK)
 582              		.loc 1 249 3 is_stmt 1 view .LVU134
 249:Core/Src/main.c ****   if (HAL_TIM_PWM_ConfigChannel(&htim2, &sConfigOC, TIM_CHANNEL_1) != HAL_OK)
 583              		.loc 1 249 24 is_stmt 0 view .LVU135
 584 004e 0592     		str	r2, [sp, #20]
 250:Core/Src/main.c ****   {
 585              		.loc 1 250 3 is_stmt 1 view .LVU136
 250:Core/Src/main.c ****   {
 586              		.loc 1 250 7 is_stmt 0 view .LVU137
 587 0050 01A9     		add	r1, sp, #4
 588 0052 0848     		ldr	r0, .L47
 589 0054 FFF7FEFF 		bl	HAL_TIM_PWM_ConfigChannel
 590              	.LVL29:
 250:Core/Src/main.c ****   {
 591              		.loc 1 250 6 discriminator 1 view .LVU138
 592 0058 48B9     		cbnz	r0, .L46
 257:Core/Src/main.c **** 
 593              		.loc 1 257 3 is_stmt 1 view .LVU139
 594 005a 0648     		ldr	r0, .L47
 595 005c FFF7FEFF 		bl	HAL_TIM_MspPostInit
 596              	.LVL30:
 259:Core/Src/main.c **** 
 597              		.loc 1 259 1 is_stmt 0 view .LVU140
 598 0060 0BB0     		add	sp, sp, #44
 599              	.LCFI10:
 600              		.cfi_remember_state
 601              		.cfi_def_cfa_offset 4
 602              		@ sp needed
 603 0062 5DF804FB 		ldr	pc, [sp], #4
 604              	.L44:
 605              	.LCFI11:
ARM GAS  /tmp/ccTDdStv.s 			page 22


 606              		.cfi_restore_state
 238:Core/Src/main.c ****   }
 607              		.loc 1 238 5 is_stmt 1 view .LVU141
 608 0066 FFF7FEFF 		bl	Error_Handler
 609              	.LVL31:
 610              	.L45:
 244:Core/Src/main.c ****   }
 611              		.loc 1 244 5 view .LVU142
 612 006a FFF7FEFF 		bl	Error_Handler
 613              	.LVL32:
 614              	.L46:
 252:Core/Src/main.c ****   }
 615              		.loc 1 252 5 view .LVU143
 616 006e FFF7FEFF 		bl	Error_Handler
 617              	.LVL33:
 618              	.L48:
 619 0072 00BF     		.align	2
 620              	.L47:
 621 0074 00000000 		.word	htim2
 622              		.cfi_endproc
 623              	.LFE73:
 625              		.section	.text.MX_USART1_UART_Init,"ax",%progbits
 626              		.align	1
 627              		.syntax unified
 628              		.thumb
 629              		.thumb_func
 631              	MX_USART1_UART_Init:
 632              	.LFB74:
 267:Core/Src/main.c **** 
 633              		.loc 1 267 1 view -0
 634              		.cfi_startproc
 635              		@ args = 0, pretend = 0, frame = 0
 636              		@ frame_needed = 0, uses_anonymous_args = 0
 637 0000 08B5     		push	{r3, lr}
 638              	.LCFI12:
 639              		.cfi_def_cfa_offset 8
 640              		.cfi_offset 3, -8
 641              		.cfi_offset 14, -4
 276:Core/Src/main.c ****   huart1.Init.BaudRate = 115200;
 642              		.loc 1 276 3 view .LVU145
 276:Core/Src/main.c ****   huart1.Init.BaudRate = 115200;
 643              		.loc 1 276 19 is_stmt 0 view .LVU146
 644 0002 0A48     		ldr	r0, .L53
 645 0004 0A4B     		ldr	r3, .L53+4
 646 0006 0360     		str	r3, [r0]
 277:Core/Src/main.c ****   huart1.Init.WordLength = UART_WORDLENGTH_8B;
 647              		.loc 1 277 3 is_stmt 1 view .LVU147
 277:Core/Src/main.c ****   huart1.Init.WordLength = UART_WORDLENGTH_8B;
 648              		.loc 1 277 24 is_stmt 0 view .LVU148
 649 0008 4FF4E133 		mov	r3, #115200
 650 000c 4360     		str	r3, [r0, #4]
 278:Core/Src/main.c ****   huart1.Init.StopBits = UART_STOPBITS_1;
 651              		.loc 1 278 3 is_stmt 1 view .LVU149
 278:Core/Src/main.c ****   huart1.Init.StopBits = UART_STOPBITS_1;
 652              		.loc 1 278 26 is_stmt 0 view .LVU150
 653 000e 0023     		movs	r3, #0
 654 0010 8360     		str	r3, [r0, #8]
ARM GAS  /tmp/ccTDdStv.s 			page 23


 279:Core/Src/main.c ****   huart1.Init.Parity = UART_PARITY_NONE;
 655              		.loc 1 279 3 is_stmt 1 view .LVU151
 279:Core/Src/main.c ****   huart1.Init.Parity = UART_PARITY_NONE;
 656              		.loc 1 279 24 is_stmt 0 view .LVU152
 657 0012 C360     		str	r3, [r0, #12]
 280:Core/Src/main.c ****   huart1.Init.Mode = UART_MODE_TX_RX;
 658              		.loc 1 280 3 is_stmt 1 view .LVU153
 280:Core/Src/main.c ****   huart1.Init.Mode = UART_MODE_TX_RX;
 659              		.loc 1 280 22 is_stmt 0 view .LVU154
 660 0014 0361     		str	r3, [r0, #16]
 281:Core/Src/main.c ****   huart1.Init.HwFlowCtl = UART_HWCONTROL_NONE;
 661              		.loc 1 281 3 is_stmt 1 view .LVU155
 281:Core/Src/main.c ****   huart1.Init.HwFlowCtl = UART_HWCONTROL_NONE;
 662              		.loc 1 281 20 is_stmt 0 view .LVU156
 663 0016 0C22     		movs	r2, #12
 664 0018 4261     		str	r2, [r0, #20]
 282:Core/Src/main.c ****   huart1.Init.OverSampling = UART_OVERSAMPLING_16;
 665              		.loc 1 282 3 is_stmt 1 view .LVU157
 282:Core/Src/main.c ****   huart1.Init.OverSampling = UART_OVERSAMPLING_16;
 666              		.loc 1 282 25 is_stmt 0 view .LVU158
 667 001a 8361     		str	r3, [r0, #24]
 283:Core/Src/main.c ****   if (HAL_UART_Init(&huart1) != HAL_OK)
 668              		.loc 1 283 3 is_stmt 1 view .LVU159
 283:Core/Src/main.c ****   if (HAL_UART_Init(&huart1) != HAL_OK)
 669              		.loc 1 283 28 is_stmt 0 view .LVU160
 670 001c C361     		str	r3, [r0, #28]
 284:Core/Src/main.c ****   {
 671              		.loc 1 284 3 is_stmt 1 view .LVU161
 284:Core/Src/main.c ****   {
 672              		.loc 1 284 7 is_stmt 0 view .LVU162
 673 001e FFF7FEFF 		bl	HAL_UART_Init
 674              	.LVL34:
 284:Core/Src/main.c ****   {
 675              		.loc 1 284 6 discriminator 1 view .LVU163
 676 0022 00B9     		cbnz	r0, .L52
 292:Core/Src/main.c **** 
 677              		.loc 1 292 1 view .LVU164
 678 0024 08BD     		pop	{r3, pc}
 679              	.L52:
 286:Core/Src/main.c ****   }
 680              		.loc 1 286 5 is_stmt 1 view .LVU165
 681 0026 FFF7FEFF 		bl	Error_Handler
 682              	.LVL35:
 683              	.L54:
 684 002a 00BF     		.align	2
 685              	.L53:
 686 002c 00000000 		.word	huart1
 687 0030 00380140 		.word	1073821696
 688              		.cfi_endproc
 689              	.LFE74:
 691              		.section	.text.SystemClock_Config,"ax",%progbits
 692              		.align	1
 693              		.global	SystemClock_Config
 694              		.syntax unified
 695              		.thumb
 696              		.thumb_func
 698              	SystemClock_Config:
ARM GAS  /tmp/ccTDdStv.s 			page 24


 699              	.LFB72:
 181:Core/Src/main.c ****   RCC_OscInitTypeDef RCC_OscInitStruct = {0};
 700              		.loc 1 181 1 view -0
 701              		.cfi_startproc
 702              		@ args = 0, pretend = 0, frame = 64
 703              		@ frame_needed = 0, uses_anonymous_args = 0
 704 0000 00B5     		push	{lr}
 705              	.LCFI13:
 706              		.cfi_def_cfa_offset 4
 707              		.cfi_offset 14, -4
 708 0002 91B0     		sub	sp, sp, #68
 709              	.LCFI14:
 710              		.cfi_def_cfa_offset 72
 182:Core/Src/main.c ****   RCC_ClkInitTypeDef RCC_ClkInitStruct = {0};
 711              		.loc 1 182 3 view .LVU167
 182:Core/Src/main.c ****   RCC_ClkInitTypeDef RCC_ClkInitStruct = {0};
 712              		.loc 1 182 22 is_stmt 0 view .LVU168
 713 0004 2822     		movs	r2, #40
 714 0006 0021     		movs	r1, #0
 715 0008 06A8     		add	r0, sp, #24
 716 000a FFF7FEFF 		bl	memset
 717              	.LVL36:
 183:Core/Src/main.c **** 
 718              		.loc 1 183 3 is_stmt 1 view .LVU169
 183:Core/Src/main.c **** 
 719              		.loc 1 183 22 is_stmt 0 view .LVU170
 720 000e 0023     		movs	r3, #0
 721 0010 0193     		str	r3, [sp, #4]
 722 0012 0293     		str	r3, [sp, #8]
 723 0014 0393     		str	r3, [sp, #12]
 724 0016 0493     		str	r3, [sp, #16]
 725 0018 0593     		str	r3, [sp, #20]
 188:Core/Src/main.c ****   RCC_OscInitStruct.HSIState = RCC_HSI_ON;
 726              		.loc 1 188 3 is_stmt 1 view .LVU171
 188:Core/Src/main.c ****   RCC_OscInitStruct.HSIState = RCC_HSI_ON;
 727              		.loc 1 188 36 is_stmt 0 view .LVU172
 728 001a 0223     		movs	r3, #2
 729 001c 0693     		str	r3, [sp, #24]
 189:Core/Src/main.c ****   RCC_OscInitStruct.HSICalibrationValue = RCC_HSICALIBRATION_DEFAULT;
 730              		.loc 1 189 3 is_stmt 1 view .LVU173
 189:Core/Src/main.c ****   RCC_OscInitStruct.HSICalibrationValue = RCC_HSICALIBRATION_DEFAULT;
 731              		.loc 1 189 30 is_stmt 0 view .LVU174
 732 001e 0123     		movs	r3, #1
 733 0020 0A93     		str	r3, [sp, #40]
 190:Core/Src/main.c ****   RCC_OscInitStruct.PLL.PLLState = RCC_PLL_NONE;
 734              		.loc 1 190 3 is_stmt 1 view .LVU175
 190:Core/Src/main.c ****   RCC_OscInitStruct.PLL.PLLState = RCC_PLL_NONE;
 735              		.loc 1 190 41 is_stmt 0 view .LVU176
 736 0022 1023     		movs	r3, #16
 737 0024 0B93     		str	r3, [sp, #44]
 191:Core/Src/main.c ****   if (HAL_RCC_OscConfig(&RCC_OscInitStruct) != HAL_OK)
 738              		.loc 1 191 3 is_stmt 1 view .LVU177
 192:Core/Src/main.c ****   {
 739              		.loc 1 192 3 view .LVU178
 192:Core/Src/main.c ****   {
 740              		.loc 1 192 7 is_stmt 0 view .LVU179
 741 0026 06A8     		add	r0, sp, #24
ARM GAS  /tmp/ccTDdStv.s 			page 25


 742 0028 FFF7FEFF 		bl	HAL_RCC_OscConfig
 743              	.LVL37:
 192:Core/Src/main.c ****   {
 744              		.loc 1 192 6 discriminator 1 view .LVU180
 745 002c 68B9     		cbnz	r0, .L59
 199:Core/Src/main.c ****                               |RCC_CLOCKTYPE_PCLK1|RCC_CLOCKTYPE_PCLK2;
 746              		.loc 1 199 3 is_stmt 1 view .LVU181
 199:Core/Src/main.c ****                               |RCC_CLOCKTYPE_PCLK1|RCC_CLOCKTYPE_PCLK2;
 747              		.loc 1 199 31 is_stmt 0 view .LVU182
 748 002e 0F23     		movs	r3, #15
 749 0030 0193     		str	r3, [sp, #4]
 201:Core/Src/main.c ****   RCC_ClkInitStruct.AHBCLKDivider = RCC_SYSCLK_DIV1;
 750              		.loc 1 201 3 is_stmt 1 view .LVU183
 201:Core/Src/main.c ****   RCC_ClkInitStruct.AHBCLKDivider = RCC_SYSCLK_DIV1;
 751              		.loc 1 201 34 is_stmt 0 view .LVU184
 752 0032 0021     		movs	r1, #0
 753 0034 0291     		str	r1, [sp, #8]
 202:Core/Src/main.c ****   RCC_ClkInitStruct.APB1CLKDivider = RCC_HCLK_DIV1;
 754              		.loc 1 202 3 is_stmt 1 view .LVU185
 202:Core/Src/main.c ****   RCC_ClkInitStruct.APB1CLKDivider = RCC_HCLK_DIV1;
 755              		.loc 1 202 35 is_stmt 0 view .LVU186
 756 0036 0391     		str	r1, [sp, #12]
 203:Core/Src/main.c ****   RCC_ClkInitStruct.APB2CLKDivider = RCC_HCLK_DIV1;
 757              		.loc 1 203 3 is_stmt 1 view .LVU187
 203:Core/Src/main.c ****   RCC_ClkInitStruct.APB2CLKDivider = RCC_HCLK_DIV1;
 758              		.loc 1 203 36 is_stmt 0 view .LVU188
 759 0038 0491     		str	r1, [sp, #16]
 204:Core/Src/main.c **** 
 760              		.loc 1 204 3 is_stmt 1 view .LVU189
 204:Core/Src/main.c **** 
 761              		.loc 1 204 36 is_stmt 0 view .LVU190
 762 003a 0591     		str	r1, [sp, #20]
 206:Core/Src/main.c ****   {
 763              		.loc 1 206 3 is_stmt 1 view .LVU191
 206:Core/Src/main.c ****   {
 764              		.loc 1 206 7 is_stmt 0 view .LVU192
 765 003c 01A8     		add	r0, sp, #4
 766 003e FFF7FEFF 		bl	HAL_RCC_ClockConfig
 767              	.LVL38:
 206:Core/Src/main.c ****   {
 768              		.loc 1 206 6 discriminator 1 view .LVU193
 769 0042 20B9     		cbnz	r0, .L60
 210:Core/Src/main.c **** 
 770              		.loc 1 210 1 view .LVU194
 771 0044 11B0     		add	sp, sp, #68
 772              	.LCFI15:
 773              		.cfi_remember_state
 774              		.cfi_def_cfa_offset 4
 775              		@ sp needed
 776 0046 5DF804FB 		ldr	pc, [sp], #4
 777              	.L59:
 778              	.LCFI16:
 779              		.cfi_restore_state
 194:Core/Src/main.c ****   }
 780              		.loc 1 194 5 is_stmt 1 view .LVU195
 781 004a FFF7FEFF 		bl	Error_Handler
 782              	.LVL39:
ARM GAS  /tmp/ccTDdStv.s 			page 26


 783              	.L60:
 208:Core/Src/main.c ****   }
 784              		.loc 1 208 5 view .LVU196
 785 004e FFF7FEFF 		bl	Error_Handler
 786              	.LVL40:
 787              		.cfi_endproc
 788              	.LFE72:
 790              		.section	.rodata.main.str1.4,"aMS",%progbits,1
 791              		.align	2
 792              	.LC9:
 793 0000 52656164 		.ascii	"Ready\015\012\000"
 793      790D0A00 
 794              		.section	.text.main,"ax",%progbits
 795              		.align	1
 796              		.global	main
 797              		.syntax unified
 798              		.thumb
 799              		.thumb_func
 801              	main:
 802              	.LFB71:
 131:Core/Src/main.c **** 
 803              		.loc 1 131 1 view -0
 804              		.cfi_startproc
 805              		@ Volatile: function does not return.
 806              		@ args = 0, pretend = 0, frame = 0
 807              		@ frame_needed = 0, uses_anonymous_args = 0
 808 0000 08B5     		push	{r3, lr}
 809              	.LCFI17:
 810              		.cfi_def_cfa_offset 8
 811              		.cfi_offset 3, -8
 812              		.cfi_offset 14, -4
 140:Core/Src/main.c **** 
 813              		.loc 1 140 3 view .LVU198
 814 0002 FFF7FEFF 		bl	HAL_Init
 815              	.LVL41:
 147:Core/Src/main.c **** 
 816              		.loc 1 147 3 view .LVU199
 817 0006 FFF7FEFF 		bl	SystemClock_Config
 818              	.LVL42:
 154:Core/Src/main.c ****   MX_TIM2_Init();
 819              		.loc 1 154 3 view .LVU200
 820 000a FFF7FEFF 		bl	MX_GPIO_Init
 821              	.LVL43:
 155:Core/Src/main.c ****   MX_USART1_UART_Init();
 822              		.loc 1 155 3 view .LVU201
 823 000e FFF7FEFF 		bl	MX_TIM2_Init
 824              	.LVL44:
 156:Core/Src/main.c ****   /* USER CODE BEGIN 2 */
 825              		.loc 1 156 3 view .LVU202
 826 0012 FFF7FEFF 		bl	MX_USART1_UART_Init
 827              	.LVL45:
 158:Core/Src/main.c ****   Apply_Pwm();
 828              		.loc 1 158 3 view .LVU203
 829 0016 0021     		movs	r1, #0
 830 0018 0648     		ldr	r0, .L64
 831 001a FFF7FEFF 		bl	HAL_TIM_PWM_Start
 832              	.LVL46:
ARM GAS  /tmp/ccTDdStv.s 			page 27


 159:Core/Src/main.c ****   HAL_UART_Receive_IT(&huart1, &uart_rx_byte, 1U);
 833              		.loc 1 159 3 view .LVU204
 834 001e FFF7FEFF 		bl	Apply_Pwm
 835              	.LVL47:
 160:Core/Src/main.c ****   Uart_Send("Ready\r\n");
 836              		.loc 1 160 3 view .LVU205
 837 0022 0122     		movs	r2, #1
 838 0024 0449     		ldr	r1, .L64+4
 839 0026 0548     		ldr	r0, .L64+8
 840 0028 FFF7FEFF 		bl	HAL_UART_Receive_IT
 841              	.LVL48:
 161:Core/Src/main.c **** 
 842              		.loc 1 161 3 view .LVU206
 843 002c 0448     		ldr	r0, .L64+12
 844 002e FFF7FEFF 		bl	Uart_Send
 845              	.LVL49:
 846              	.L62:
 167:Core/Src/main.c ****   {
 847              		.loc 1 167 3 view .LVU207
 172:Core/Src/main.c ****   /* USER CODE END 3 */
 848              		.loc 1 172 3 view .LVU208
 167:Core/Src/main.c ****   {
 849              		.loc 1 167 9 view .LVU209
 850 0032 FEE7     		b	.L62
 851              	.L65:
 852              		.align	2
 853              	.L64:
 854 0034 00000000 		.word	htim2
 855 0038 00000000 		.word	uart_rx_byte
 856 003c 00000000 		.word	huart1
 857 0040 00000000 		.word	.LC9
 858              		.cfi_endproc
 859              	.LFE71:
 861              		.section	.bss.led_enabled,"aw",%nobits
 864              	led_enabled:
 865 0000 00       		.space	1
 866              		.section	.data.pwm_percent,"aw"
 867              		.align	1
 870              	pwm_percent:
 871 0000 6400     		.short	100
 872              		.section	.bss.command_length,"aw",%nobits
 875              	command_length:
 876 0000 00       		.space	1
 877              		.section	.bss.command_buffer,"aw",%nobits
 878              		.align	2
 881              	command_buffer:
 882 0000 00000000 		.space	32
 882      00000000 
 882      00000000 
 882      00000000 
 882      00000000 
 883              		.section	.bss.uart_rx_byte,"aw",%nobits
 886              	uart_rx_byte:
 887 0000 00       		.space	1
 888              		.global	huart1
 889              		.section	.bss.huart1,"aw",%nobits
 890              		.align	2
ARM GAS  /tmp/ccTDdStv.s 			page 28


 893              	huart1:
 894 0000 00000000 		.space	72
 894      00000000 
 894      00000000 
 894      00000000 
 894      00000000 
 895              		.global	htim2
 896              		.section	.bss.htim2,"aw",%nobits
 897              		.align	2
 900              	htim2:
 901 0000 00000000 		.space	72
 901      00000000 
 901      00000000 
 901      00000000 
 901      00000000 
 902              		.text
 903              	.Letext0:
 904              		.file 3 "/usr/lib/gcc/arm-none-eabi/13.2.1/include/stdint.h"
 905              		.file 4 "Drivers/CMSIS/Device/ST/STM32F1xx/Include/stm32f103xb.h"
 906              		.file 5 "/usr/lib/gcc/arm-none-eabi/13.2.1/include/stddef.h"
 907              		.file 6 "Drivers/STM32F1xx_HAL_Driver/Inc/stm32f1xx_hal_def.h"
 908              		.file 7 "Drivers/STM32F1xx_HAL_Driver/Inc/stm32f1xx_hal_rcc.h"
 909              		.file 8 "Drivers/STM32F1xx_HAL_Driver/Inc/stm32f1xx_hal_rcc_ex.h"
 910              		.file 9 "Drivers/STM32F1xx_HAL_Driver/Inc/stm32f1xx_hal_dma.h"
 911              		.file 10 "Drivers/STM32F1xx_HAL_Driver/Inc/stm32f1xx_hal_tim.h"
 912              		.file 11 "Drivers/STM32F1xx_HAL_Driver/Inc/stm32f1xx_hal_uart.h"
 913              		.file 12 "/usr/include/newlib/stdio.h"
 914              		.file 13 "/usr/include/newlib/string.h"
 915              		.file 14 "Drivers/STM32F1xx_HAL_Driver/Inc/stm32f1xx_hal_tim_ex.h"
 916              		.file 15 "Core/Inc/main.h"
 917              		.file 16 "Drivers/STM32F1xx_HAL_Driver/Inc/stm32f1xx_hal.h"
 918              		.file 17 "<built-in>"
ARM GAS  /tmp/ccTDdStv.s 			page 29


DEFINED SYMBOLS
                            *ABS*:00000000 main.c
     /tmp/ccTDdStv.s:19     .text.Apply_Pwm:00000000 $t
     /tmp/ccTDdStv.s:24     .text.Apply_Pwm:00000000 Apply_Pwm
     /tmp/ccTDdStv.s:72     .text.Apply_Pwm:0000002c $d
     /tmp/ccTDdStv.s:870    .data.pwm_percent:00000000 pwm_percent
     /tmp/ccTDdStv.s:900    .bss.htim2:00000000 htim2
     /tmp/ccTDdStv.s:864    .bss.led_enabled:00000000 led_enabled
     /tmp/ccTDdStv.s:80     .text.MX_GPIO_Init:00000000 $t
     /tmp/ccTDdStv.s:85     .text.MX_GPIO_Init:00000000 MX_GPIO_Init
     /tmp/ccTDdStv.s:120    .text.MX_GPIO_Init:0000001c $d
     /tmp/ccTDdStv.s:125    .text.Uart_Send:00000000 $t
     /tmp/ccTDdStv.s:130    .text.Uart_Send:00000000 Uart_Send
     /tmp/ccTDdStv.s:162    .text.Uart_Send:00000018 $d
     /tmp/ccTDdStv.s:893    .bss.huart1:00000000 huart1
     /tmp/ccTDdStv.s:167    .rodata.Process_Command.str1.4:00000000 $d
     /tmp/ccTDdStv.s:195    .text.Process_Command:00000000 $t
     /tmp/ccTDdStv.s:200    .text.Process_Command:00000000 Process_Command
     /tmp/ccTDdStv.s:353    .text.Process_Command:000000a8 $d
     /tmp/ccTDdStv.s:875    .bss.command_length:00000000 command_length
     /tmp/ccTDdStv.s:881    .bss.command_buffer:00000000 command_buffer
     /tmp/ccTDdStv.s:370    .text.HAL_UART_RxCpltCallback:00000000 $t
     /tmp/ccTDdStv.s:376    .text.HAL_UART_RxCpltCallback:00000000 HAL_UART_RxCpltCallback
     /tmp/ccTDdStv.s:450    .text.HAL_UART_RxCpltCallback:00000040 $d
     /tmp/ccTDdStv.s:886    .bss.uart_rx_byte:00000000 uart_rx_byte
     /tmp/ccTDdStv.s:459    .text.Error_Handler:00000000 $t
     /tmp/ccTDdStv.s:465    .text.Error_Handler:00000000 Error_Handler
     /tmp/ccTDdStv.s:497    .text.MX_TIM2_Init:00000000 $t
     /tmp/ccTDdStv.s:502    .text.MX_TIM2_Init:00000000 MX_TIM2_Init
     /tmp/ccTDdStv.s:621    .text.MX_TIM2_Init:00000074 $d
     /tmp/ccTDdStv.s:626    .text.MX_USART1_UART_Init:00000000 $t
     /tmp/ccTDdStv.s:631    .text.MX_USART1_UART_Init:00000000 MX_USART1_UART_Init
     /tmp/ccTDdStv.s:686    .text.MX_USART1_UART_Init:0000002c $d
     /tmp/ccTDdStv.s:692    .text.SystemClock_Config:00000000 $t
     /tmp/ccTDdStv.s:698    .text.SystemClock_Config:00000000 SystemClock_Config
     /tmp/ccTDdStv.s:791    .rodata.main.str1.4:00000000 $d
     /tmp/ccTDdStv.s:795    .text.main:00000000 $t
     /tmp/ccTDdStv.s:801    .text.main:00000000 main
     /tmp/ccTDdStv.s:854    .text.main:00000034 $d
     /tmp/ccTDdStv.s:865    .bss.led_enabled:00000000 $d
     /tmp/ccTDdStv.s:867    .data.pwm_percent:00000000 $d
     /tmp/ccTDdStv.s:876    .bss.command_length:00000000 $d
     /tmp/ccTDdStv.s:878    .bss.command_buffer:00000000 $d
     /tmp/ccTDdStv.s:887    .bss.uart_rx_byte:00000000 $d
     /tmp/ccTDdStv.s:890    .bss.huart1:00000000 $d
     /tmp/ccTDdStv.s:897    .bss.htim2:00000000 $d

UNDEFINED SYMBOLS
strlen
HAL_UART_Transmit
strcmp
sscanf
snprintf
HAL_UART_Receive_IT
HAL_TIM_PWM_Init
HAL_TIMEx_MasterConfigSynchronization
HAL_TIM_PWM_ConfigChannel
ARM GAS  /tmp/ccTDdStv.s 			page 30


HAL_TIM_MspPostInit
HAL_UART_Init
memset
HAL_RCC_OscConfig
HAL_RCC_ClockConfig
HAL_Init
HAL_TIM_PWM_Start
