ARM GAS  /tmp/ccQaDoJe.s 			page 1


   1              		.cpu cortex-m3
   2              		.arch armv7-m
   3              		.fpu softvfp
   4              		.eabi_attribute 20, 1
   5              		.eabi_attribute 21, 1
   6              		.eabi_attribute 23, 3
   7              		.eabi_attribute 24, 1
   8              		.eabi_attribute 25, 1
   9              		.eabi_attribute 26, 1
  10              		.eabi_attribute 30, 1
  11              		.eabi_attribute 34, 1
  12              		.eabi_attribute 18, 4
  13              		.file	"stm32f1xx_hal_msp.c"
  14              		.text
  15              	.Ltext0:
  16              		.cfi_sections	.debug_frame
  17              		.file 1 "Core/Src/stm32f1xx_hal_msp.c"
  18              		.section	.text.HAL_MspInit,"ax",%progbits
  19              		.align	1
  20              		.global	HAL_MspInit
  21              		.syntax unified
  22              		.thumb
  23              		.thumb_func
  25              	HAL_MspInit:
  26              	.LFB65:
   1:Core/Src/stm32f1xx_hal_msp.c **** /* USER CODE BEGIN Header */
   2:Core/Src/stm32f1xx_hal_msp.c **** /**
   3:Core/Src/stm32f1xx_hal_msp.c ****   ******************************************************************************
   4:Core/Src/stm32f1xx_hal_msp.c ****   * @file         stm32f1xx_hal_msp.c
   5:Core/Src/stm32f1xx_hal_msp.c ****   * @brief        This file provides code for the MSP Initialization
   6:Core/Src/stm32f1xx_hal_msp.c ****   *               and de-Initialization codes.
   7:Core/Src/stm32f1xx_hal_msp.c ****   ******************************************************************************
   8:Core/Src/stm32f1xx_hal_msp.c ****   * @attention
   9:Core/Src/stm32f1xx_hal_msp.c ****   *
  10:Core/Src/stm32f1xx_hal_msp.c ****   * Copyright (c) 2026 STMicroelectronics.
  11:Core/Src/stm32f1xx_hal_msp.c ****   * All rights reserved.
  12:Core/Src/stm32f1xx_hal_msp.c ****   *
  13:Core/Src/stm32f1xx_hal_msp.c ****   * This software is licensed under terms that can be found in the LICENSE file
  14:Core/Src/stm32f1xx_hal_msp.c ****   * in the root directory of this software component.
  15:Core/Src/stm32f1xx_hal_msp.c ****   * If no LICENSE file comes with this software, it is provided AS-IS.
  16:Core/Src/stm32f1xx_hal_msp.c ****   *
  17:Core/Src/stm32f1xx_hal_msp.c ****   ******************************************************************************
  18:Core/Src/stm32f1xx_hal_msp.c ****   */
  19:Core/Src/stm32f1xx_hal_msp.c **** /* USER CODE END Header */
  20:Core/Src/stm32f1xx_hal_msp.c **** /* Includes ------------------------------------------------------------------*/
  21:Core/Src/stm32f1xx_hal_msp.c **** #include "main.h"
  22:Core/Src/stm32f1xx_hal_msp.c **** /* USER CODE BEGIN Includes */
  23:Core/Src/stm32f1xx_hal_msp.c **** 
  24:Core/Src/stm32f1xx_hal_msp.c **** /* USER CODE END Includes */
  25:Core/Src/stm32f1xx_hal_msp.c **** 
  26:Core/Src/stm32f1xx_hal_msp.c **** /* Private typedef -----------------------------------------------------------*/
  27:Core/Src/stm32f1xx_hal_msp.c **** /* USER CODE BEGIN TD */
  28:Core/Src/stm32f1xx_hal_msp.c **** 
  29:Core/Src/stm32f1xx_hal_msp.c **** /* USER CODE END TD */
  30:Core/Src/stm32f1xx_hal_msp.c **** 
  31:Core/Src/stm32f1xx_hal_msp.c **** /* Private define ------------------------------------------------------------*/
  32:Core/Src/stm32f1xx_hal_msp.c **** /* USER CODE BEGIN Define */
ARM GAS  /tmp/ccQaDoJe.s 			page 2


  33:Core/Src/stm32f1xx_hal_msp.c **** 
  34:Core/Src/stm32f1xx_hal_msp.c **** /* USER CODE END Define */
  35:Core/Src/stm32f1xx_hal_msp.c **** 
  36:Core/Src/stm32f1xx_hal_msp.c **** /* Private macro -------------------------------------------------------------*/
  37:Core/Src/stm32f1xx_hal_msp.c **** /* USER CODE BEGIN Macro */
  38:Core/Src/stm32f1xx_hal_msp.c **** 
  39:Core/Src/stm32f1xx_hal_msp.c **** /* USER CODE END Macro */
  40:Core/Src/stm32f1xx_hal_msp.c **** 
  41:Core/Src/stm32f1xx_hal_msp.c **** /* Private variables ---------------------------------------------------------*/
  42:Core/Src/stm32f1xx_hal_msp.c **** /* USER CODE BEGIN PV */
  43:Core/Src/stm32f1xx_hal_msp.c **** 
  44:Core/Src/stm32f1xx_hal_msp.c **** /* USER CODE END PV */
  45:Core/Src/stm32f1xx_hal_msp.c **** 
  46:Core/Src/stm32f1xx_hal_msp.c **** /* Private function prototypes -----------------------------------------------*/
  47:Core/Src/stm32f1xx_hal_msp.c **** /* USER CODE BEGIN PFP */
  48:Core/Src/stm32f1xx_hal_msp.c **** 
  49:Core/Src/stm32f1xx_hal_msp.c **** /* USER CODE END PFP */
  50:Core/Src/stm32f1xx_hal_msp.c **** 
  51:Core/Src/stm32f1xx_hal_msp.c **** /* External functions --------------------------------------------------------*/
  52:Core/Src/stm32f1xx_hal_msp.c **** /* USER CODE BEGIN ExternalFunctions */
  53:Core/Src/stm32f1xx_hal_msp.c **** 
  54:Core/Src/stm32f1xx_hal_msp.c **** /* USER CODE END ExternalFunctions */
  55:Core/Src/stm32f1xx_hal_msp.c **** 
  56:Core/Src/stm32f1xx_hal_msp.c **** /* USER CODE BEGIN 0 */
  57:Core/Src/stm32f1xx_hal_msp.c **** 
  58:Core/Src/stm32f1xx_hal_msp.c **** /* USER CODE END 0 */
  59:Core/Src/stm32f1xx_hal_msp.c **** 
  60:Core/Src/stm32f1xx_hal_msp.c **** void HAL_TIM_MspPostInit(TIM_HandleTypeDef *htim);
  61:Core/Src/stm32f1xx_hal_msp.c ****                     /**
  62:Core/Src/stm32f1xx_hal_msp.c ****   * Initializes the Global MSP.
  63:Core/Src/stm32f1xx_hal_msp.c ****   */
  64:Core/Src/stm32f1xx_hal_msp.c **** void HAL_MspInit(void)
  65:Core/Src/stm32f1xx_hal_msp.c **** {
  27              		.loc 1 65 1 view -0
  28              		.cfi_startproc
  29              		@ args = 0, pretend = 0, frame = 8
  30              		@ frame_needed = 0, uses_anonymous_args = 0
  31              		@ link register save eliminated.
  32 0000 82B0     		sub	sp, sp, #8
  33              	.LCFI0:
  34              		.cfi_def_cfa_offset 8
  66:Core/Src/stm32f1xx_hal_msp.c **** 
  67:Core/Src/stm32f1xx_hal_msp.c ****   /* USER CODE BEGIN MspInit 0 */
  68:Core/Src/stm32f1xx_hal_msp.c **** 
  69:Core/Src/stm32f1xx_hal_msp.c ****   /* USER CODE END MspInit 0 */
  70:Core/Src/stm32f1xx_hal_msp.c **** 
  71:Core/Src/stm32f1xx_hal_msp.c ****   __HAL_RCC_AFIO_CLK_ENABLE();
  35              		.loc 1 71 3 view .LVU1
  36              	.LBB2:
  37              		.loc 1 71 3 view .LVU2
  38              		.loc 1 71 3 view .LVU3
  39 0002 0E4B     		ldr	r3, .L3
  40 0004 9A69     		ldr	r2, [r3, #24]
  41 0006 42F00102 		orr	r2, r2, #1
  42 000a 9A61     		str	r2, [r3, #24]
  43              		.loc 1 71 3 view .LVU4
  44 000c 9A69     		ldr	r2, [r3, #24]
ARM GAS  /tmp/ccQaDoJe.s 			page 3


  45 000e 02F00102 		and	r2, r2, #1
  46 0012 0092     		str	r2, [sp]
  47              		.loc 1 71 3 view .LVU5
  48 0014 009A     		ldr	r2, [sp]
  49              	.LBE2:
  50              		.loc 1 71 3 view .LVU6
  72:Core/Src/stm32f1xx_hal_msp.c ****   __HAL_RCC_PWR_CLK_ENABLE();
  51              		.loc 1 72 3 view .LVU7
  52              	.LBB3:
  53              		.loc 1 72 3 view .LVU8
  54              		.loc 1 72 3 view .LVU9
  55 0016 DA69     		ldr	r2, [r3, #28]
  56 0018 42F08052 		orr	r2, r2, #268435456
  57 001c DA61     		str	r2, [r3, #28]
  58              		.loc 1 72 3 view .LVU10
  59 001e DB69     		ldr	r3, [r3, #28]
  60 0020 03F08053 		and	r3, r3, #268435456
  61 0024 0193     		str	r3, [sp, #4]
  62              		.loc 1 72 3 view .LVU11
  63 0026 019B     		ldr	r3, [sp, #4]
  64              	.LBE3:
  65              		.loc 1 72 3 view .LVU12
  73:Core/Src/stm32f1xx_hal_msp.c **** 
  74:Core/Src/stm32f1xx_hal_msp.c ****   /* System interrupt init*/
  75:Core/Src/stm32f1xx_hal_msp.c **** 
  76:Core/Src/stm32f1xx_hal_msp.c ****   /** NOJTAG: JTAG-DP Disabled and SW-DP Enabled
  77:Core/Src/stm32f1xx_hal_msp.c ****   */
  78:Core/Src/stm32f1xx_hal_msp.c ****   __HAL_AFIO_REMAP_SWJ_NOJTAG();
  66              		.loc 1 78 3 view .LVU13
  67              	.LBB4:
  68              		.loc 1 78 3 view .LVU14
  69 0028 054A     		ldr	r2, .L3+4
  70 002a 5368     		ldr	r3, [r2, #4]
  71              	.LVL0:
  72              		.loc 1 78 3 view .LVU15
  73 002c 23F0E063 		bic	r3, r3, #117440512
  74              	.LVL1:
  75              		.loc 1 78 3 view .LVU16
  76 0030 43F00073 		orr	r3, r3, #33554432
  77              	.LVL2:
  78              		.loc 1 78 3 view .LVU17
  79 0034 5360     		str	r3, [r2, #4]
  80              	.LBE4:
  81              		.loc 1 78 3 view .LVU18
  79:Core/Src/stm32f1xx_hal_msp.c **** 
  80:Core/Src/stm32f1xx_hal_msp.c ****   /* USER CODE BEGIN MspInit 1 */
  81:Core/Src/stm32f1xx_hal_msp.c **** 
  82:Core/Src/stm32f1xx_hal_msp.c ****   /* USER CODE END MspInit 1 */
  83:Core/Src/stm32f1xx_hal_msp.c **** }
  82              		.loc 1 83 1 is_stmt 0 view .LVU19
  83 0036 02B0     		add	sp, sp, #8
  84              	.LCFI1:
  85              		.cfi_def_cfa_offset 0
  86              		@ sp needed
  87 0038 7047     		bx	lr
  88              	.L4:
  89 003a 00BF     		.align	2
ARM GAS  /tmp/ccQaDoJe.s 			page 4


  90              	.L3:
  91 003c 00100240 		.word	1073876992
  92 0040 00000140 		.word	1073807360
  93              		.cfi_endproc
  94              	.LFE65:
  96              		.section	.text.HAL_TIM_PWM_MspInit,"ax",%progbits
  97              		.align	1
  98              		.global	HAL_TIM_PWM_MspInit
  99              		.syntax unified
 100              		.thumb
 101              		.thumb_func
 103              	HAL_TIM_PWM_MspInit:
 104              	.LVL3:
 105              	.LFB66:
  84:Core/Src/stm32f1xx_hal_msp.c **** 
  85:Core/Src/stm32f1xx_hal_msp.c **** /**
  86:Core/Src/stm32f1xx_hal_msp.c ****   * @brief TIM_PWM MSP Initialization
  87:Core/Src/stm32f1xx_hal_msp.c ****   * This function configures the hardware resources used in this example
  88:Core/Src/stm32f1xx_hal_msp.c ****   * @param htim_pwm: TIM_PWM handle pointer
  89:Core/Src/stm32f1xx_hal_msp.c ****   * @retval None
  90:Core/Src/stm32f1xx_hal_msp.c ****   */
  91:Core/Src/stm32f1xx_hal_msp.c **** void HAL_TIM_PWM_MspInit(TIM_HandleTypeDef* htim_pwm)
  92:Core/Src/stm32f1xx_hal_msp.c **** {
 106              		.loc 1 92 1 is_stmt 1 view -0
 107              		.cfi_startproc
 108              		@ args = 0, pretend = 0, frame = 8
 109              		@ frame_needed = 0, uses_anonymous_args = 0
 110              		@ link register save eliminated.
  93:Core/Src/stm32f1xx_hal_msp.c ****   if(htim_pwm->Instance==TIM2)
 111              		.loc 1 93 3 view .LVU21
 112              		.loc 1 93 14 is_stmt 0 view .LVU22
 113 0000 0368     		ldr	r3, [r0]
 114              		.loc 1 93 5 view .LVU23
 115 0002 B3F1804F 		cmp	r3, #1073741824
 116 0006 00D0     		beq	.L11
 117 0008 7047     		bx	lr
 118              	.L11:
  92:Core/Src/stm32f1xx_hal_msp.c ****   if(htim_pwm->Instance==TIM2)
 119              		.loc 1 92 1 view .LVU24
 120 000a 82B0     		sub	sp, sp, #8
 121              	.LCFI2:
 122              		.cfi_def_cfa_offset 8
  94:Core/Src/stm32f1xx_hal_msp.c ****   {
  95:Core/Src/stm32f1xx_hal_msp.c ****     /* USER CODE BEGIN TIM2_MspInit 0 */
  96:Core/Src/stm32f1xx_hal_msp.c **** 
  97:Core/Src/stm32f1xx_hal_msp.c ****     /* USER CODE END TIM2_MspInit 0 */
  98:Core/Src/stm32f1xx_hal_msp.c ****     /* Peripheral clock enable */
  99:Core/Src/stm32f1xx_hal_msp.c ****     __HAL_RCC_TIM2_CLK_ENABLE();
 123              		.loc 1 99 5 is_stmt 1 view .LVU25
 124              	.LBB5:
 125              		.loc 1 99 5 view .LVU26
 126              		.loc 1 99 5 view .LVU27
 127 000c 03F50433 		add	r3, r3, #135168
 128 0010 DA69     		ldr	r2, [r3, #28]
 129 0012 42F00102 		orr	r2, r2, #1
 130 0016 DA61     		str	r2, [r3, #28]
 131              		.loc 1 99 5 view .LVU28
ARM GAS  /tmp/ccQaDoJe.s 			page 5


 132 0018 DB69     		ldr	r3, [r3, #28]
 133 001a 03F00103 		and	r3, r3, #1
 134 001e 0193     		str	r3, [sp, #4]
 135              		.loc 1 99 5 view .LVU29
 136 0020 019B     		ldr	r3, [sp, #4]
 137              	.LBE5:
 138              		.loc 1 99 5 discriminator 1 view .LVU30
 100:Core/Src/stm32f1xx_hal_msp.c ****     /* USER CODE BEGIN TIM2_MspInit 1 */
 101:Core/Src/stm32f1xx_hal_msp.c **** 
 102:Core/Src/stm32f1xx_hal_msp.c ****     /* USER CODE END TIM2_MspInit 1 */
 103:Core/Src/stm32f1xx_hal_msp.c **** 
 104:Core/Src/stm32f1xx_hal_msp.c ****   }
 105:Core/Src/stm32f1xx_hal_msp.c **** 
 106:Core/Src/stm32f1xx_hal_msp.c **** }
 139              		.loc 1 106 1 is_stmt 0 view .LVU31
 140 0022 02B0     		add	sp, sp, #8
 141              	.LCFI3:
 142              		.cfi_def_cfa_offset 0
 143              		@ sp needed
 144 0024 7047     		bx	lr
 145              		.cfi_endproc
 146              	.LFE66:
 148              		.section	.text.HAL_TIM_MspPostInit,"ax",%progbits
 149              		.align	1
 150              		.global	HAL_TIM_MspPostInit
 151              		.syntax unified
 152              		.thumb
 153              		.thumb_func
 155              	HAL_TIM_MspPostInit:
 156              	.LVL4:
 157              	.LFB67:
 107:Core/Src/stm32f1xx_hal_msp.c **** 
 108:Core/Src/stm32f1xx_hal_msp.c **** void HAL_TIM_MspPostInit(TIM_HandleTypeDef* htim)
 109:Core/Src/stm32f1xx_hal_msp.c **** {
 158              		.loc 1 109 1 is_stmt 1 view -0
 159              		.cfi_startproc
 160              		@ args = 0, pretend = 0, frame = 24
 161              		@ frame_needed = 0, uses_anonymous_args = 0
 162              		.loc 1 109 1 is_stmt 0 view .LVU33
 163 0000 00B5     		push	{lr}
 164              	.LCFI4:
 165              		.cfi_def_cfa_offset 4
 166              		.cfi_offset 14, -4
 167 0002 87B0     		sub	sp, sp, #28
 168              	.LCFI5:
 169              		.cfi_def_cfa_offset 32
 110:Core/Src/stm32f1xx_hal_msp.c ****   GPIO_InitTypeDef GPIO_InitStruct = {0};
 170              		.loc 1 110 3 is_stmt 1 view .LVU34
 171              		.loc 1 110 20 is_stmt 0 view .LVU35
 172 0004 0023     		movs	r3, #0
 173 0006 0293     		str	r3, [sp, #8]
 174 0008 0393     		str	r3, [sp, #12]
 175 000a 0493     		str	r3, [sp, #16]
 176 000c 0593     		str	r3, [sp, #20]
 111:Core/Src/stm32f1xx_hal_msp.c ****   if(htim->Instance==TIM2)
 177              		.loc 1 111 3 is_stmt 1 view .LVU36
 178              		.loc 1 111 10 is_stmt 0 view .LVU37
ARM GAS  /tmp/ccQaDoJe.s 			page 6


 179 000e 0368     		ldr	r3, [r0]
 180              		.loc 1 111 5 view .LVU38
 181 0010 B3F1804F 		cmp	r3, #1073741824
 182 0014 02D0     		beq	.L15
 183              	.LVL5:
 184              	.L12:
 112:Core/Src/stm32f1xx_hal_msp.c ****   {
 113:Core/Src/stm32f1xx_hal_msp.c ****     /* USER CODE BEGIN TIM2_MspPostInit 0 */
 114:Core/Src/stm32f1xx_hal_msp.c **** 
 115:Core/Src/stm32f1xx_hal_msp.c ****     /* USER CODE END TIM2_MspPostInit 0 */
 116:Core/Src/stm32f1xx_hal_msp.c **** 
 117:Core/Src/stm32f1xx_hal_msp.c ****     __HAL_RCC_GPIOA_CLK_ENABLE();
 118:Core/Src/stm32f1xx_hal_msp.c ****     /**TIM2 GPIO Configuration
 119:Core/Src/stm32f1xx_hal_msp.c ****     PA0-WKUP     ------> TIM2_CH1
 120:Core/Src/stm32f1xx_hal_msp.c ****     */
 121:Core/Src/stm32f1xx_hal_msp.c ****     GPIO_InitStruct.Pin = GPIO_PIN_0;
 122:Core/Src/stm32f1xx_hal_msp.c ****     GPIO_InitStruct.Mode = GPIO_MODE_AF_PP;
 123:Core/Src/stm32f1xx_hal_msp.c ****     GPIO_InitStruct.Speed = GPIO_SPEED_FREQ_LOW;
 124:Core/Src/stm32f1xx_hal_msp.c ****     HAL_GPIO_Init(GPIOA, &GPIO_InitStruct);
 125:Core/Src/stm32f1xx_hal_msp.c **** 
 126:Core/Src/stm32f1xx_hal_msp.c ****     /* USER CODE BEGIN TIM2_MspPostInit 1 */
 127:Core/Src/stm32f1xx_hal_msp.c **** 
 128:Core/Src/stm32f1xx_hal_msp.c ****     /* USER CODE END TIM2_MspPostInit 1 */
 129:Core/Src/stm32f1xx_hal_msp.c ****   }
 130:Core/Src/stm32f1xx_hal_msp.c **** 
 131:Core/Src/stm32f1xx_hal_msp.c **** }
 185              		.loc 1 131 1 view .LVU39
 186 0016 07B0     		add	sp, sp, #28
 187              	.LCFI6:
 188              		.cfi_remember_state
 189              		.cfi_def_cfa_offset 4
 190              		@ sp needed
 191 0018 5DF804FB 		ldr	pc, [sp], #4
 192              	.LVL6:
 193              	.L15:
 194              	.LCFI7:
 195              		.cfi_restore_state
 117:Core/Src/stm32f1xx_hal_msp.c ****     /**TIM2 GPIO Configuration
 196              		.loc 1 117 5 is_stmt 1 view .LVU40
 197              	.LBB6:
 117:Core/Src/stm32f1xx_hal_msp.c ****     /**TIM2 GPIO Configuration
 198              		.loc 1 117 5 view .LVU41
 117:Core/Src/stm32f1xx_hal_msp.c ****     /**TIM2 GPIO Configuration
 199              		.loc 1 117 5 view .LVU42
 200 001c 03F50433 		add	r3, r3, #135168
 201 0020 9A69     		ldr	r2, [r3, #24]
 202 0022 42F00402 		orr	r2, r2, #4
 203 0026 9A61     		str	r2, [r3, #24]
 117:Core/Src/stm32f1xx_hal_msp.c ****     /**TIM2 GPIO Configuration
 204              		.loc 1 117 5 view .LVU43
 205 0028 9B69     		ldr	r3, [r3, #24]
 206 002a 03F00403 		and	r3, r3, #4
 207 002e 0193     		str	r3, [sp, #4]
 117:Core/Src/stm32f1xx_hal_msp.c ****     /**TIM2 GPIO Configuration
 208              		.loc 1 117 5 view .LVU44
 209 0030 019B     		ldr	r3, [sp, #4]
 210              	.LBE6:
ARM GAS  /tmp/ccQaDoJe.s 			page 7


 117:Core/Src/stm32f1xx_hal_msp.c ****     /**TIM2 GPIO Configuration
 211              		.loc 1 117 5 view .LVU45
 121:Core/Src/stm32f1xx_hal_msp.c ****     GPIO_InitStruct.Mode = GPIO_MODE_AF_PP;
 212              		.loc 1 121 5 view .LVU46
 121:Core/Src/stm32f1xx_hal_msp.c ****     GPIO_InitStruct.Mode = GPIO_MODE_AF_PP;
 213              		.loc 1 121 25 is_stmt 0 view .LVU47
 214 0032 0123     		movs	r3, #1
 215 0034 0293     		str	r3, [sp, #8]
 122:Core/Src/stm32f1xx_hal_msp.c ****     GPIO_InitStruct.Speed = GPIO_SPEED_FREQ_LOW;
 216              		.loc 1 122 5 is_stmt 1 view .LVU48
 122:Core/Src/stm32f1xx_hal_msp.c ****     GPIO_InitStruct.Speed = GPIO_SPEED_FREQ_LOW;
 217              		.loc 1 122 26 is_stmt 0 view .LVU49
 218 0036 0223     		movs	r3, #2
 219 0038 0393     		str	r3, [sp, #12]
 123:Core/Src/stm32f1xx_hal_msp.c ****     HAL_GPIO_Init(GPIOA, &GPIO_InitStruct);
 220              		.loc 1 123 5 is_stmt 1 view .LVU50
 123:Core/Src/stm32f1xx_hal_msp.c ****     HAL_GPIO_Init(GPIOA, &GPIO_InitStruct);
 221              		.loc 1 123 27 is_stmt 0 view .LVU51
 222 003a 0593     		str	r3, [sp, #20]
 124:Core/Src/stm32f1xx_hal_msp.c **** 
 223              		.loc 1 124 5 is_stmt 1 view .LVU52
 224 003c 02A9     		add	r1, sp, #8
 225 003e 0248     		ldr	r0, .L16
 226              	.LVL7:
 124:Core/Src/stm32f1xx_hal_msp.c **** 
 227              		.loc 1 124 5 is_stmt 0 view .LVU53
 228 0040 FFF7FEFF 		bl	HAL_GPIO_Init
 229              	.LVL8:
 230              		.loc 1 131 1 view .LVU54
 231 0044 E7E7     		b	.L12
 232              	.L17:
 233 0046 00BF     		.align	2
 234              	.L16:
 235 0048 00080140 		.word	1073809408
 236              		.cfi_endproc
 237              	.LFE67:
 239              		.section	.text.HAL_TIM_PWM_MspDeInit,"ax",%progbits
 240              		.align	1
 241              		.global	HAL_TIM_PWM_MspDeInit
 242              		.syntax unified
 243              		.thumb
 244              		.thumb_func
 246              	HAL_TIM_PWM_MspDeInit:
 247              	.LVL9:
 248              	.LFB68:
 132:Core/Src/stm32f1xx_hal_msp.c **** /**
 133:Core/Src/stm32f1xx_hal_msp.c ****   * @brief TIM_PWM MSP De-Initialization
 134:Core/Src/stm32f1xx_hal_msp.c ****   * This function freeze the hardware resources used in this example
 135:Core/Src/stm32f1xx_hal_msp.c ****   * @param htim_pwm: TIM_PWM handle pointer
 136:Core/Src/stm32f1xx_hal_msp.c ****   * @retval None
 137:Core/Src/stm32f1xx_hal_msp.c ****   */
 138:Core/Src/stm32f1xx_hal_msp.c **** void HAL_TIM_PWM_MspDeInit(TIM_HandleTypeDef* htim_pwm)
 139:Core/Src/stm32f1xx_hal_msp.c **** {
 249              		.loc 1 139 1 is_stmt 1 view -0
 250              		.cfi_startproc
 251              		@ args = 0, pretend = 0, frame = 0
 252              		@ frame_needed = 0, uses_anonymous_args = 0
ARM GAS  /tmp/ccQaDoJe.s 			page 8


 253              		@ link register save eliminated.
 140:Core/Src/stm32f1xx_hal_msp.c ****   if(htim_pwm->Instance==TIM2)
 254              		.loc 1 140 3 view .LVU56
 255              		.loc 1 140 14 is_stmt 0 view .LVU57
 256 0000 0368     		ldr	r3, [r0]
 257              		.loc 1 140 5 view .LVU58
 258 0002 B3F1804F 		cmp	r3, #1073741824
 259 0006 00D0     		beq	.L20
 260              	.L18:
 141:Core/Src/stm32f1xx_hal_msp.c ****   {
 142:Core/Src/stm32f1xx_hal_msp.c ****     /* USER CODE BEGIN TIM2_MspDeInit 0 */
 143:Core/Src/stm32f1xx_hal_msp.c **** 
 144:Core/Src/stm32f1xx_hal_msp.c ****     /* USER CODE END TIM2_MspDeInit 0 */
 145:Core/Src/stm32f1xx_hal_msp.c ****     /* Peripheral clock disable */
 146:Core/Src/stm32f1xx_hal_msp.c ****     __HAL_RCC_TIM2_CLK_DISABLE();
 147:Core/Src/stm32f1xx_hal_msp.c ****     /* USER CODE BEGIN TIM2_MspDeInit 1 */
 148:Core/Src/stm32f1xx_hal_msp.c **** 
 149:Core/Src/stm32f1xx_hal_msp.c ****     /* USER CODE END TIM2_MspDeInit 1 */
 150:Core/Src/stm32f1xx_hal_msp.c ****   }
 151:Core/Src/stm32f1xx_hal_msp.c **** 
 152:Core/Src/stm32f1xx_hal_msp.c **** }
 261              		.loc 1 152 1 view .LVU59
 262 0008 7047     		bx	lr
 263              	.L20:
 146:Core/Src/stm32f1xx_hal_msp.c ****     /* USER CODE BEGIN TIM2_MspDeInit 1 */
 264              		.loc 1 146 5 is_stmt 1 view .LVU60
 265 000a 034A     		ldr	r2, .L21
 266 000c D369     		ldr	r3, [r2, #28]
 267 000e 23F00103 		bic	r3, r3, #1
 268 0012 D361     		str	r3, [r2, #28]
 269              		.loc 1 152 1 is_stmt 0 view .LVU61
 270 0014 F8E7     		b	.L18
 271              	.L22:
 272 0016 00BF     		.align	2
 273              	.L21:
 274 0018 00100240 		.word	1073876992
 275              		.cfi_endproc
 276              	.LFE68:
 278              		.section	.text.HAL_UART_MspInit,"ax",%progbits
 279              		.align	1
 280              		.global	HAL_UART_MspInit
 281              		.syntax unified
 282              		.thumb
 283              		.thumb_func
 285              	HAL_UART_MspInit:
 286              	.LVL10:
 287              	.LFB69:
 153:Core/Src/stm32f1xx_hal_msp.c **** 
 154:Core/Src/stm32f1xx_hal_msp.c **** /**
 155:Core/Src/stm32f1xx_hal_msp.c ****   * @brief UART MSP Initialization
 156:Core/Src/stm32f1xx_hal_msp.c ****   * This function configures the hardware resources used in this example
 157:Core/Src/stm32f1xx_hal_msp.c ****   * @param huart: UART handle pointer
 158:Core/Src/stm32f1xx_hal_msp.c ****   * @retval None
 159:Core/Src/stm32f1xx_hal_msp.c ****   */
 160:Core/Src/stm32f1xx_hal_msp.c **** void HAL_UART_MspInit(UART_HandleTypeDef* huart)
 161:Core/Src/stm32f1xx_hal_msp.c **** {
 288              		.loc 1 161 1 is_stmt 1 view -0
ARM GAS  /tmp/ccQaDoJe.s 			page 9


 289              		.cfi_startproc
 290              		@ args = 0, pretend = 0, frame = 24
 291              		@ frame_needed = 0, uses_anonymous_args = 0
 292              		.loc 1 161 1 is_stmt 0 view .LVU63
 293 0000 30B5     		push	{r4, r5, lr}
 294              	.LCFI8:
 295              		.cfi_def_cfa_offset 12
 296              		.cfi_offset 4, -12
 297              		.cfi_offset 5, -8
 298              		.cfi_offset 14, -4
 299 0002 87B0     		sub	sp, sp, #28
 300              	.LCFI9:
 301              		.cfi_def_cfa_offset 40
 162:Core/Src/stm32f1xx_hal_msp.c ****   GPIO_InitTypeDef GPIO_InitStruct = {0};
 302              		.loc 1 162 3 is_stmt 1 view .LVU64
 303              		.loc 1 162 20 is_stmt 0 view .LVU65
 304 0004 0023     		movs	r3, #0
 305 0006 0293     		str	r3, [sp, #8]
 306 0008 0393     		str	r3, [sp, #12]
 307 000a 0493     		str	r3, [sp, #16]
 308 000c 0593     		str	r3, [sp, #20]
 163:Core/Src/stm32f1xx_hal_msp.c ****   if(huart->Instance==USART1)
 309              		.loc 1 163 3 is_stmt 1 view .LVU66
 310              		.loc 1 163 11 is_stmt 0 view .LVU67
 311 000e 0268     		ldr	r2, [r0]
 312              		.loc 1 163 5 view .LVU68
 313 0010 1B4B     		ldr	r3, .L27
 314 0012 9A42     		cmp	r2, r3
 315 0014 01D0     		beq	.L26
 316              	.LVL11:
 317              	.L23:
 164:Core/Src/stm32f1xx_hal_msp.c ****   {
 165:Core/Src/stm32f1xx_hal_msp.c ****     /* USER CODE BEGIN USART1_MspInit 0 */
 166:Core/Src/stm32f1xx_hal_msp.c **** 
 167:Core/Src/stm32f1xx_hal_msp.c ****     /* USER CODE END USART1_MspInit 0 */
 168:Core/Src/stm32f1xx_hal_msp.c ****     /* Peripheral clock enable */
 169:Core/Src/stm32f1xx_hal_msp.c ****     __HAL_RCC_USART1_CLK_ENABLE();
 170:Core/Src/stm32f1xx_hal_msp.c **** 
 171:Core/Src/stm32f1xx_hal_msp.c ****     __HAL_RCC_GPIOA_CLK_ENABLE();
 172:Core/Src/stm32f1xx_hal_msp.c ****     /**USART1 GPIO Configuration
 173:Core/Src/stm32f1xx_hal_msp.c ****     PA9     ------> USART1_TX
 174:Core/Src/stm32f1xx_hal_msp.c ****     PA10     ------> USART1_RX
 175:Core/Src/stm32f1xx_hal_msp.c ****     */
 176:Core/Src/stm32f1xx_hal_msp.c ****     GPIO_InitStruct.Pin = GPIO_PIN_9;
 177:Core/Src/stm32f1xx_hal_msp.c ****     GPIO_InitStruct.Mode = GPIO_MODE_AF_PP;
 178:Core/Src/stm32f1xx_hal_msp.c ****     GPIO_InitStruct.Speed = GPIO_SPEED_FREQ_HIGH;
 179:Core/Src/stm32f1xx_hal_msp.c ****     HAL_GPIO_Init(GPIOA, &GPIO_InitStruct);
 180:Core/Src/stm32f1xx_hal_msp.c **** 
 181:Core/Src/stm32f1xx_hal_msp.c ****     GPIO_InitStruct.Pin = GPIO_PIN_10;
 182:Core/Src/stm32f1xx_hal_msp.c ****     GPIO_InitStruct.Mode = GPIO_MODE_INPUT;
 183:Core/Src/stm32f1xx_hal_msp.c ****     GPIO_InitStruct.Pull = GPIO_NOPULL;
 184:Core/Src/stm32f1xx_hal_msp.c ****     HAL_GPIO_Init(GPIOA, &GPIO_InitStruct);
 185:Core/Src/stm32f1xx_hal_msp.c **** 
 186:Core/Src/stm32f1xx_hal_msp.c ****     /* USART1 interrupt Init */
 187:Core/Src/stm32f1xx_hal_msp.c ****     HAL_NVIC_SetPriority(USART1_IRQn, 0, 0);
 188:Core/Src/stm32f1xx_hal_msp.c ****     HAL_NVIC_EnableIRQ(USART1_IRQn);
 189:Core/Src/stm32f1xx_hal_msp.c ****     /* USER CODE BEGIN USART1_MspInit 1 */
ARM GAS  /tmp/ccQaDoJe.s 			page 10


 190:Core/Src/stm32f1xx_hal_msp.c **** 
 191:Core/Src/stm32f1xx_hal_msp.c ****     /* USER CODE END USART1_MspInit 1 */
 192:Core/Src/stm32f1xx_hal_msp.c **** 
 193:Core/Src/stm32f1xx_hal_msp.c ****   }
 194:Core/Src/stm32f1xx_hal_msp.c **** 
 195:Core/Src/stm32f1xx_hal_msp.c **** }
 318              		.loc 1 195 1 view .LVU69
 319 0016 07B0     		add	sp, sp, #28
 320              	.LCFI10:
 321              		.cfi_remember_state
 322              		.cfi_def_cfa_offset 12
 323              		@ sp needed
 324 0018 30BD     		pop	{r4, r5, pc}
 325              	.LVL12:
 326              	.L26:
 327              	.LCFI11:
 328              		.cfi_restore_state
 169:Core/Src/stm32f1xx_hal_msp.c **** 
 329              		.loc 1 169 5 is_stmt 1 view .LVU70
 330              	.LBB7:
 169:Core/Src/stm32f1xx_hal_msp.c **** 
 331              		.loc 1 169 5 view .LVU71
 169:Core/Src/stm32f1xx_hal_msp.c **** 
 332              		.loc 1 169 5 view .LVU72
 333 001a 03F55843 		add	r3, r3, #55296
 334 001e 9A69     		ldr	r2, [r3, #24]
 335 0020 42F48042 		orr	r2, r2, #16384
 336 0024 9A61     		str	r2, [r3, #24]
 169:Core/Src/stm32f1xx_hal_msp.c **** 
 337              		.loc 1 169 5 view .LVU73
 338 0026 9A69     		ldr	r2, [r3, #24]
 339 0028 02F48042 		and	r2, r2, #16384
 340 002c 0092     		str	r2, [sp]
 169:Core/Src/stm32f1xx_hal_msp.c **** 
 341              		.loc 1 169 5 view .LVU74
 342 002e 009A     		ldr	r2, [sp]
 343              	.LBE7:
 169:Core/Src/stm32f1xx_hal_msp.c **** 
 344              		.loc 1 169 5 view .LVU75
 171:Core/Src/stm32f1xx_hal_msp.c ****     /**USART1 GPIO Configuration
 345              		.loc 1 171 5 view .LVU76
 346              	.LBB8:
 171:Core/Src/stm32f1xx_hal_msp.c ****     /**USART1 GPIO Configuration
 347              		.loc 1 171 5 view .LVU77
 171:Core/Src/stm32f1xx_hal_msp.c ****     /**USART1 GPIO Configuration
 348              		.loc 1 171 5 view .LVU78
 349 0030 9A69     		ldr	r2, [r3, #24]
 350 0032 42F00402 		orr	r2, r2, #4
 351 0036 9A61     		str	r2, [r3, #24]
 171:Core/Src/stm32f1xx_hal_msp.c ****     /**USART1 GPIO Configuration
 352              		.loc 1 171 5 view .LVU79
 353 0038 9B69     		ldr	r3, [r3, #24]
 354 003a 03F00403 		and	r3, r3, #4
 355 003e 0193     		str	r3, [sp, #4]
 171:Core/Src/stm32f1xx_hal_msp.c ****     /**USART1 GPIO Configuration
 356              		.loc 1 171 5 view .LVU80
 357 0040 019B     		ldr	r3, [sp, #4]
ARM GAS  /tmp/ccQaDoJe.s 			page 11


 358              	.LBE8:
 171:Core/Src/stm32f1xx_hal_msp.c ****     /**USART1 GPIO Configuration
 359              		.loc 1 171 5 view .LVU81
 176:Core/Src/stm32f1xx_hal_msp.c ****     GPIO_InitStruct.Mode = GPIO_MODE_AF_PP;
 360              		.loc 1 176 5 view .LVU82
 176:Core/Src/stm32f1xx_hal_msp.c ****     GPIO_InitStruct.Mode = GPIO_MODE_AF_PP;
 361              		.loc 1 176 25 is_stmt 0 view .LVU83
 362 0042 4FF40073 		mov	r3, #512
 363 0046 0293     		str	r3, [sp, #8]
 177:Core/Src/stm32f1xx_hal_msp.c ****     GPIO_InitStruct.Speed = GPIO_SPEED_FREQ_HIGH;
 364              		.loc 1 177 5 is_stmt 1 view .LVU84
 177:Core/Src/stm32f1xx_hal_msp.c ****     GPIO_InitStruct.Speed = GPIO_SPEED_FREQ_HIGH;
 365              		.loc 1 177 26 is_stmt 0 view .LVU85
 366 0048 0223     		movs	r3, #2
 367 004a 0393     		str	r3, [sp, #12]
 178:Core/Src/stm32f1xx_hal_msp.c ****     HAL_GPIO_Init(GPIOA, &GPIO_InitStruct);
 368              		.loc 1 178 5 is_stmt 1 view .LVU86
 178:Core/Src/stm32f1xx_hal_msp.c ****     HAL_GPIO_Init(GPIOA, &GPIO_InitStruct);
 369              		.loc 1 178 27 is_stmt 0 view .LVU87
 370 004c 0323     		movs	r3, #3
 371 004e 0593     		str	r3, [sp, #20]
 179:Core/Src/stm32f1xx_hal_msp.c **** 
 372              		.loc 1 179 5 is_stmt 1 view .LVU88
 373 0050 0C4D     		ldr	r5, .L27+4
 374 0052 02A9     		add	r1, sp, #8
 375 0054 2846     		mov	r0, r5
 376              	.LVL13:
 179:Core/Src/stm32f1xx_hal_msp.c **** 
 377              		.loc 1 179 5 is_stmt 0 view .LVU89
 378 0056 FFF7FEFF 		bl	HAL_GPIO_Init
 379              	.LVL14:
 181:Core/Src/stm32f1xx_hal_msp.c ****     GPIO_InitStruct.Mode = GPIO_MODE_INPUT;
 380              		.loc 1 181 5 is_stmt 1 view .LVU90
 181:Core/Src/stm32f1xx_hal_msp.c ****     GPIO_InitStruct.Mode = GPIO_MODE_INPUT;
 381              		.loc 1 181 25 is_stmt 0 view .LVU91
 382 005a 4FF48063 		mov	r3, #1024
 383 005e 0293     		str	r3, [sp, #8]
 182:Core/Src/stm32f1xx_hal_msp.c ****     GPIO_InitStruct.Pull = GPIO_NOPULL;
 384              		.loc 1 182 5 is_stmt 1 view .LVU92
 182:Core/Src/stm32f1xx_hal_msp.c ****     GPIO_InitStruct.Pull = GPIO_NOPULL;
 385              		.loc 1 182 26 is_stmt 0 view .LVU93
 386 0060 0024     		movs	r4, #0
 387 0062 0394     		str	r4, [sp, #12]
 183:Core/Src/stm32f1xx_hal_msp.c ****     HAL_GPIO_Init(GPIOA, &GPIO_InitStruct);
 388              		.loc 1 183 5 is_stmt 1 view .LVU94
 183:Core/Src/stm32f1xx_hal_msp.c ****     HAL_GPIO_Init(GPIOA, &GPIO_InitStruct);
 389              		.loc 1 183 26 is_stmt 0 view .LVU95
 390 0064 0494     		str	r4, [sp, #16]
 184:Core/Src/stm32f1xx_hal_msp.c **** 
 391              		.loc 1 184 5 is_stmt 1 view .LVU96
 392 0066 02A9     		add	r1, sp, #8
 393 0068 2846     		mov	r0, r5
 394 006a FFF7FEFF 		bl	HAL_GPIO_Init
 395              	.LVL15:
 187:Core/Src/stm32f1xx_hal_msp.c ****     HAL_NVIC_EnableIRQ(USART1_IRQn);
 396              		.loc 1 187 5 view .LVU97
 397 006e 2246     		mov	r2, r4
ARM GAS  /tmp/ccQaDoJe.s 			page 12


 398 0070 2146     		mov	r1, r4
 399 0072 2520     		movs	r0, #37
 400 0074 FFF7FEFF 		bl	HAL_NVIC_SetPriority
 401              	.LVL16:
 188:Core/Src/stm32f1xx_hal_msp.c ****     /* USER CODE BEGIN USART1_MspInit 1 */
 402              		.loc 1 188 5 view .LVU98
 403 0078 2520     		movs	r0, #37
 404 007a FFF7FEFF 		bl	HAL_NVIC_EnableIRQ
 405              	.LVL17:
 406              		.loc 1 195 1 is_stmt 0 view .LVU99
 407 007e CAE7     		b	.L23
 408              	.L28:
 409              		.align	2
 410              	.L27:
 411 0080 00380140 		.word	1073821696
 412 0084 00080140 		.word	1073809408
 413              		.cfi_endproc
 414              	.LFE69:
 416              		.section	.text.HAL_UART_MspDeInit,"ax",%progbits
 417              		.align	1
 418              		.global	HAL_UART_MspDeInit
 419              		.syntax unified
 420              		.thumb
 421              		.thumb_func
 423              	HAL_UART_MspDeInit:
 424              	.LVL18:
 425              	.LFB70:
 196:Core/Src/stm32f1xx_hal_msp.c **** 
 197:Core/Src/stm32f1xx_hal_msp.c **** /**
 198:Core/Src/stm32f1xx_hal_msp.c ****   * @brief UART MSP De-Initialization
 199:Core/Src/stm32f1xx_hal_msp.c ****   * This function freeze the hardware resources used in this example
 200:Core/Src/stm32f1xx_hal_msp.c ****   * @param huart: UART handle pointer
 201:Core/Src/stm32f1xx_hal_msp.c ****   * @retval None
 202:Core/Src/stm32f1xx_hal_msp.c ****   */
 203:Core/Src/stm32f1xx_hal_msp.c **** void HAL_UART_MspDeInit(UART_HandleTypeDef* huart)
 204:Core/Src/stm32f1xx_hal_msp.c **** {
 426              		.loc 1 204 1 is_stmt 1 view -0
 427              		.cfi_startproc
 428              		@ args = 0, pretend = 0, frame = 0
 429              		@ frame_needed = 0, uses_anonymous_args = 0
 430              		.loc 1 204 1 is_stmt 0 view .LVU101
 431 0000 08B5     		push	{r3, lr}
 432              	.LCFI12:
 433              		.cfi_def_cfa_offset 8
 434              		.cfi_offset 3, -8
 435              		.cfi_offset 14, -4
 205:Core/Src/stm32f1xx_hal_msp.c ****   if(huart->Instance==USART1)
 436              		.loc 1 205 3 is_stmt 1 view .LVU102
 437              		.loc 1 205 11 is_stmt 0 view .LVU103
 438 0002 0268     		ldr	r2, [r0]
 439              		.loc 1 205 5 view .LVU104
 440 0004 084B     		ldr	r3, .L33
 441 0006 9A42     		cmp	r2, r3
 442 0008 00D0     		beq	.L32
 443              	.LVL19:
 444              	.L29:
 206:Core/Src/stm32f1xx_hal_msp.c ****   {
ARM GAS  /tmp/ccQaDoJe.s 			page 13


 207:Core/Src/stm32f1xx_hal_msp.c ****     /* USER CODE BEGIN USART1_MspDeInit 0 */
 208:Core/Src/stm32f1xx_hal_msp.c **** 
 209:Core/Src/stm32f1xx_hal_msp.c ****     /* USER CODE END USART1_MspDeInit 0 */
 210:Core/Src/stm32f1xx_hal_msp.c ****     /* Peripheral clock disable */
 211:Core/Src/stm32f1xx_hal_msp.c ****     __HAL_RCC_USART1_CLK_DISABLE();
 212:Core/Src/stm32f1xx_hal_msp.c **** 
 213:Core/Src/stm32f1xx_hal_msp.c ****     /**USART1 GPIO Configuration
 214:Core/Src/stm32f1xx_hal_msp.c ****     PA9     ------> USART1_TX
 215:Core/Src/stm32f1xx_hal_msp.c ****     PA10     ------> USART1_RX
 216:Core/Src/stm32f1xx_hal_msp.c ****     */
 217:Core/Src/stm32f1xx_hal_msp.c ****     HAL_GPIO_DeInit(GPIOA, GPIO_PIN_9|GPIO_PIN_10);
 218:Core/Src/stm32f1xx_hal_msp.c **** 
 219:Core/Src/stm32f1xx_hal_msp.c ****     /* USART1 interrupt DeInit */
 220:Core/Src/stm32f1xx_hal_msp.c ****     HAL_NVIC_DisableIRQ(USART1_IRQn);
 221:Core/Src/stm32f1xx_hal_msp.c ****     /* USER CODE BEGIN USART1_MspDeInit 1 */
 222:Core/Src/stm32f1xx_hal_msp.c **** 
 223:Core/Src/stm32f1xx_hal_msp.c ****     /* USER CODE END USART1_MspDeInit 1 */
 224:Core/Src/stm32f1xx_hal_msp.c ****   }
 225:Core/Src/stm32f1xx_hal_msp.c **** 
 226:Core/Src/stm32f1xx_hal_msp.c **** }
 445              		.loc 1 226 1 view .LVU105
 446 000a 08BD     		pop	{r3, pc}
 447              	.LVL20:
 448              	.L32:
 211:Core/Src/stm32f1xx_hal_msp.c **** 
 449              		.loc 1 211 5 is_stmt 1 view .LVU106
 450 000c 074A     		ldr	r2, .L33+4
 451 000e 9369     		ldr	r3, [r2, #24]
 452 0010 23F48043 		bic	r3, r3, #16384
 453 0014 9361     		str	r3, [r2, #24]
 217:Core/Src/stm32f1xx_hal_msp.c **** 
 454              		.loc 1 217 5 view .LVU107
 455 0016 4FF4C061 		mov	r1, #1536
 456 001a 0548     		ldr	r0, .L33+8
 457              	.LVL21:
 217:Core/Src/stm32f1xx_hal_msp.c **** 
 458              		.loc 1 217 5 is_stmt 0 view .LVU108
 459 001c FFF7FEFF 		bl	HAL_GPIO_DeInit
 460              	.LVL22:
 220:Core/Src/stm32f1xx_hal_msp.c ****     /* USER CODE BEGIN USART1_MspDeInit 1 */
 461              		.loc 1 220 5 is_stmt 1 view .LVU109
 462 0020 2520     		movs	r0, #37
 463 0022 FFF7FEFF 		bl	HAL_NVIC_DisableIRQ
 464              	.LVL23:
 465              		.loc 1 226 1 is_stmt 0 view .LVU110
 466 0026 F0E7     		b	.L29
 467              	.L34:
 468              		.align	2
 469              	.L33:
 470 0028 00380140 		.word	1073821696
 471 002c 00100240 		.word	1073876992
 472 0030 00080140 		.word	1073809408
 473              		.cfi_endproc
 474              	.LFE70:
 476              		.text
 477              	.Letext0:
 478              		.file 2 "Drivers/CMSIS/Device/ST/STM32F1xx/Include/stm32f103xb.h"
ARM GAS  /tmp/ccQaDoJe.s 			page 14


 479              		.file 3 "/usr/lib/gcc/arm-none-eabi/13.2.1/include/stdint.h"
 480              		.file 4 "Drivers/STM32F1xx_HAL_Driver/Inc/stm32f1xx_hal_def.h"
 481              		.file 5 "Drivers/STM32F1xx_HAL_Driver/Inc/stm32f1xx_hal_gpio.h"
 482              		.file 6 "Drivers/STM32F1xx_HAL_Driver/Inc/stm32f1xx_hal_dma.h"
 483              		.file 7 "Drivers/STM32F1xx_HAL_Driver/Inc/stm32f1xx_hal_tim.h"
 484              		.file 8 "Drivers/STM32F1xx_HAL_Driver/Inc/stm32f1xx_hal_uart.h"
 485              		.file 9 "Drivers/STM32F1xx_HAL_Driver/Inc/stm32f1xx_hal_cortex.h"
ARM GAS  /tmp/ccQaDoJe.s 			page 15


DEFINED SYMBOLS
                            *ABS*:00000000 stm32f1xx_hal_msp.c
     /tmp/ccQaDoJe.s:19     .text.HAL_MspInit:00000000 $t
     /tmp/ccQaDoJe.s:25     .text.HAL_MspInit:00000000 HAL_MspInit
     /tmp/ccQaDoJe.s:91     .text.HAL_MspInit:0000003c $d
     /tmp/ccQaDoJe.s:97     .text.HAL_TIM_PWM_MspInit:00000000 $t
     /tmp/ccQaDoJe.s:103    .text.HAL_TIM_PWM_MspInit:00000000 HAL_TIM_PWM_MspInit
     /tmp/ccQaDoJe.s:149    .text.HAL_TIM_MspPostInit:00000000 $t
     /tmp/ccQaDoJe.s:155    .text.HAL_TIM_MspPostInit:00000000 HAL_TIM_MspPostInit
     /tmp/ccQaDoJe.s:235    .text.HAL_TIM_MspPostInit:00000048 $d
     /tmp/ccQaDoJe.s:240    .text.HAL_TIM_PWM_MspDeInit:00000000 $t
     /tmp/ccQaDoJe.s:246    .text.HAL_TIM_PWM_MspDeInit:00000000 HAL_TIM_PWM_MspDeInit
     /tmp/ccQaDoJe.s:274    .text.HAL_TIM_PWM_MspDeInit:00000018 $d
     /tmp/ccQaDoJe.s:279    .text.HAL_UART_MspInit:00000000 $t
     /tmp/ccQaDoJe.s:285    .text.HAL_UART_MspInit:00000000 HAL_UART_MspInit
     /tmp/ccQaDoJe.s:411    .text.HAL_UART_MspInit:00000080 $d
     /tmp/ccQaDoJe.s:417    .text.HAL_UART_MspDeInit:00000000 $t
     /tmp/ccQaDoJe.s:423    .text.HAL_UART_MspDeInit:00000000 HAL_UART_MspDeInit
     /tmp/ccQaDoJe.s:470    .text.HAL_UART_MspDeInit:00000028 $d

UNDEFINED SYMBOLS
HAL_GPIO_Init
HAL_NVIC_SetPriority
HAL_NVIC_EnableIRQ
HAL_GPIO_DeInit
HAL_NVIC_DisableIRQ
