ARM GAS  /tmp/ccwGAs3D.s 			page 1


   1              		.cpu cortex-m3
   2              		.arch armv7-m
   3              		.fpu softvfp
   4              		.eabi_attribute 20, 1
   5              		.eabi_attribute 21, 1
   6              		.eabi_attribute 23, 3
   7              		.eabi_attribute 24, 1
   8              		.eabi_attribute 25, 1
   9              		.eabi_attribute 26, 1
  10              		.eabi_attribute 30, 1
  11              		.eabi_attribute 34, 1
  12              		.eabi_attribute 18, 4
  13              		.file	"main.c"
  14              		.text
  15              	.Ltext0:
  16              		.cfi_sections	.debug_frame
  17              		.file 1 "Core/Src/main.c"
  18              		.section	.text.MX_GPIO_Init,"ax",%progbits
  19              		.align	1
  20              		.syntax unified
  21              		.thumb
  22              		.thumb_func
  24              	MX_GPIO_Init:
  25              	.LFB71:
   1:Core/Src/main.c **** /* USER CODE BEGIN Header */
   2:Core/Src/main.c **** /**
   3:Core/Src/main.c ****   ******************************************************************************
   4:Core/Src/main.c ****   * @file           : main.c
   5:Core/Src/main.c ****   * @brief          : Main program body
   6:Core/Src/main.c ****   ******************************************************************************
   7:Core/Src/main.c ****   * @attention
   8:Core/Src/main.c ****   *
   9:Core/Src/main.c ****   * Copyright (c) 2026 STMicroelectronics.
  10:Core/Src/main.c ****   * All rights reserved.
  11:Core/Src/main.c ****   *
  12:Core/Src/main.c ****   * This software is licensed under terms that can be found in the LICENSE file
  13:Core/Src/main.c ****   * in the root directory of this software component.
  14:Core/Src/main.c ****   * If no LICENSE file comes with this software, it is provided AS-IS.
  15:Core/Src/main.c ****   *
  16:Core/Src/main.c ****   ******************************************************************************
  17:Core/Src/main.c ****   */
  18:Core/Src/main.c **** /* USER CODE END Header */
  19:Core/Src/main.c **** /* Includes ------------------------------------------------------------------*/
  20:Core/Src/main.c **** #include "main.h"
  21:Core/Src/main.c **** 
  22:Core/Src/main.c **** /* Private includes ----------------------------------------------------------*/
  23:Core/Src/main.c **** /* USER CODE BEGIN Includes */
  24:Core/Src/main.c **** #include "ssd1306.h"
  25:Core/Src/main.c **** #include <stdio.h>
  26:Core/Src/main.c **** /* USER CODE END Includes */
  27:Core/Src/main.c **** 
  28:Core/Src/main.c **** /* Private typedef -----------------------------------------------------------*/
  29:Core/Src/main.c **** /* USER CODE BEGIN PTD */
  30:Core/Src/main.c **** 
  31:Core/Src/main.c **** /* USER CODE END PTD */
  32:Core/Src/main.c **** 
  33:Core/Src/main.c **** /* Private define ------------------------------------------------------------*/
ARM GAS  /tmp/ccwGAs3D.s 			page 2


  34:Core/Src/main.c **** /* USER CODE BEGIN PD */
  35:Core/Src/main.c **** 
  36:Core/Src/main.c **** /* USER CODE END PD */
  37:Core/Src/main.c **** 
  38:Core/Src/main.c **** /* Private macro -------------------------------------------------------------*/
  39:Core/Src/main.c **** /* USER CODE BEGIN PM */
  40:Core/Src/main.c **** 
  41:Core/Src/main.c **** /* USER CODE END PM */
  42:Core/Src/main.c **** 
  43:Core/Src/main.c **** /* Private variables ---------------------------------------------------------*/
  44:Core/Src/main.c **** I2C_HandleTypeDef hi2c1;
  45:Core/Src/main.c **** 
  46:Core/Src/main.c **** /* USER CODE BEGIN PV */
  47:Core/Src/main.c **** 
  48:Core/Src/main.c **** /* USER CODE END PV */
  49:Core/Src/main.c **** 
  50:Core/Src/main.c **** /* Private function prototypes -----------------------------------------------*/
  51:Core/Src/main.c **** void SystemClock_Config(void);
  52:Core/Src/main.c **** static void MX_GPIO_Init(void);
  53:Core/Src/main.c **** static void MX_I2C1_Init(void);
  54:Core/Src/main.c **** /* USER CODE BEGIN PFP */
  55:Core/Src/main.c **** 
  56:Core/Src/main.c **** /* USER CODE END PFP */
  57:Core/Src/main.c **** 
  58:Core/Src/main.c **** /* Private user code ---------------------------------------------------------*/
  59:Core/Src/main.c **** /* USER CODE BEGIN 0 */
  60:Core/Src/main.c **** 
  61:Core/Src/main.c **** /* USER CODE END 0 */
  62:Core/Src/main.c **** 
  63:Core/Src/main.c **** /**
  64:Core/Src/main.c ****   * @brief  The application entry point.
  65:Core/Src/main.c ****   * @retval int
  66:Core/Src/main.c ****   */
  67:Core/Src/main.c **** int main(void)
  68:Core/Src/main.c **** {
  69:Core/Src/main.c **** 
  70:Core/Src/main.c ****   /* USER CODE BEGIN 1 */
  71:Core/Src/main.c **** 
  72:Core/Src/main.c ****   /* USER CODE END 1 */
  73:Core/Src/main.c **** 
  74:Core/Src/main.c ****   /* MCU Configuration--------------------------------------------------------*/
  75:Core/Src/main.c **** 
  76:Core/Src/main.c ****   /* Reset of all peripherals, Initializes the Flash interface and the Systick. */
  77:Core/Src/main.c ****   HAL_Init();
  78:Core/Src/main.c **** 
  79:Core/Src/main.c ****   /* USER CODE BEGIN Init */
  80:Core/Src/main.c **** 
  81:Core/Src/main.c ****   /* USER CODE END Init */
  82:Core/Src/main.c **** 
  83:Core/Src/main.c ****   /* Configure the system clock */
  84:Core/Src/main.c ****   SystemClock_Config();
  85:Core/Src/main.c **** 
  86:Core/Src/main.c ****   /* USER CODE BEGIN SysInit */
  87:Core/Src/main.c **** 
  88:Core/Src/main.c ****   /* USER CODE END SysInit */
  89:Core/Src/main.c **** 
  90:Core/Src/main.c ****   /* Initialize all configured peripherals */
ARM GAS  /tmp/ccwGAs3D.s 			page 3


  91:Core/Src/main.c ****   MX_GPIO_Init();
  92:Core/Src/main.c ****   MX_I2C1_Init();
  93:Core/Src/main.c ****   /* USER CODE BEGIN 2 */
  94:Core/Src/main.c ****   SSD1306_Init(&hi2c1);
  95:Core/Src/main.c ****   SSD1306_SetCursor(10,20);
  96:Core/Src/main.c ****   SSD1306_SetTextSize(2);
  97:Core/Src/main.c ****   SSD1306_WriteString("HELLO");
  98:Core/Src/main.c ****   SSD1306_UpdateScreen();
  99:Core/Src/main.c ****   int16_t x = 0;
 100:Core/Src/main.c ****   HAL_Delay(1000);
 101:Core/Src/main.c ****   SSD1306_Fill(SSD1306_COLOR_BLACK);
 102:Core/Src/main.c ****   SSD1306_UpdateScreen();
 103:Core/Src/main.c ****   HAL_Delay(1000);
 104:Core/Src/main.c ****   SSD1306_Fill(SSD1306_COLOR_WHITE);
 105:Core/Src/main.c ****   SSD1306_UpdateScreen();
 106:Core/Src/main.c ****   HAL_Delay(1000);
 107:Core/Src/main.c ****   /* USER CODE END 2 */
 108:Core/Src/main.c **** 
 109:Core/Src/main.c ****   /* Infinite loop */
 110:Core/Src/main.c ****   /* USER CODE BEGIN WHILE */
 111:Core/Src/main.c ****   while (1)
 112:Core/Src/main.c ****   {
 113:Core/Src/main.c ****     char text[20];
 114:Core/Src/main.c **** 
 115:Core/Src/main.c ****     snprintf(text, sizeof(text), "DEM: %d", x);
 116:Core/Src/main.c ****     SSD1306_Fill(SSD1306_COLOR_BLACK);
 117:Core/Src/main.c ****     SSD1306_SetCursor(10, 20);
 118:Core/Src/main.c ****     SSD1306_SetTextSize(2);
 119:Core/Src/main.c ****     SSD1306_WriteString(text);
 120:Core/Src/main.c ****     SSD1306_UpdateScreen();
 121:Core/Src/main.c **** 
 122:Core/Src/main.c ****     HAL_Delay(1000);
 123:Core/Src/main.c ****     x++;
 124:Core/Src/main.c ****     if (x > 60)
 125:Core/Src/main.c ****     {
 126:Core/Src/main.c ****       x = 0;
 127:Core/Src/main.c ****     }
 128:Core/Src/main.c ****     /* USER CODE END WHILE */
 129:Core/Src/main.c **** 
 130:Core/Src/main.c ****     /* USER CODE BEGIN 3 */
 131:Core/Src/main.c ****   }
 132:Core/Src/main.c ****   /* USER CODE END 3 */
 133:Core/Src/main.c **** }
 134:Core/Src/main.c **** 
 135:Core/Src/main.c **** /**
 136:Core/Src/main.c ****   * @brief System Clock Configuration
 137:Core/Src/main.c ****   * @retval None
 138:Core/Src/main.c ****   */
 139:Core/Src/main.c **** void SystemClock_Config(void)
 140:Core/Src/main.c **** {
 141:Core/Src/main.c ****   RCC_OscInitTypeDef RCC_OscInitStruct = {0};
 142:Core/Src/main.c ****   RCC_ClkInitTypeDef RCC_ClkInitStruct = {0};
 143:Core/Src/main.c **** 
 144:Core/Src/main.c ****   /** Initializes the RCC Oscillators according to the specified parameters
 145:Core/Src/main.c ****   * in the RCC_OscInitTypeDef structure.
 146:Core/Src/main.c ****   */
 147:Core/Src/main.c ****   RCC_OscInitStruct.OscillatorType = RCC_OSCILLATORTYPE_HSI;
ARM GAS  /tmp/ccwGAs3D.s 			page 4


 148:Core/Src/main.c ****   RCC_OscInitStruct.HSIState = RCC_HSI_ON;
 149:Core/Src/main.c ****   RCC_OscInitStruct.HSICalibrationValue = RCC_HSICALIBRATION_DEFAULT;
 150:Core/Src/main.c ****   RCC_OscInitStruct.PLL.PLLState = RCC_PLL_NONE;
 151:Core/Src/main.c ****   if (HAL_RCC_OscConfig(&RCC_OscInitStruct) != HAL_OK)
 152:Core/Src/main.c ****   {
 153:Core/Src/main.c ****     Error_Handler();
 154:Core/Src/main.c ****   }
 155:Core/Src/main.c **** 
 156:Core/Src/main.c ****   /** Initializes the CPU, AHB and APB buses clocks
 157:Core/Src/main.c ****   */
 158:Core/Src/main.c ****   RCC_ClkInitStruct.ClockType = RCC_CLOCKTYPE_HCLK|RCC_CLOCKTYPE_SYSCLK
 159:Core/Src/main.c ****                               |RCC_CLOCKTYPE_PCLK1|RCC_CLOCKTYPE_PCLK2;
 160:Core/Src/main.c ****   RCC_ClkInitStruct.SYSCLKSource = RCC_SYSCLKSOURCE_HSI;
 161:Core/Src/main.c ****   RCC_ClkInitStruct.AHBCLKDivider = RCC_SYSCLK_DIV1;
 162:Core/Src/main.c ****   RCC_ClkInitStruct.APB1CLKDivider = RCC_HCLK_DIV1;
 163:Core/Src/main.c ****   RCC_ClkInitStruct.APB2CLKDivider = RCC_HCLK_DIV1;
 164:Core/Src/main.c **** 
 165:Core/Src/main.c ****   if (HAL_RCC_ClockConfig(&RCC_ClkInitStruct, FLASH_LATENCY_0) != HAL_OK)
 166:Core/Src/main.c ****   {
 167:Core/Src/main.c ****     Error_Handler();
 168:Core/Src/main.c ****   }
 169:Core/Src/main.c **** }
 170:Core/Src/main.c **** 
 171:Core/Src/main.c **** /**
 172:Core/Src/main.c ****   * @brief I2C1 Initialization Function
 173:Core/Src/main.c ****   * @param None
 174:Core/Src/main.c ****   * @retval None
 175:Core/Src/main.c ****   */
 176:Core/Src/main.c **** static void MX_I2C1_Init(void)
 177:Core/Src/main.c **** {
 178:Core/Src/main.c **** 
 179:Core/Src/main.c ****   /* USER CODE BEGIN I2C1_Init 0 */
 180:Core/Src/main.c **** 
 181:Core/Src/main.c ****   /* USER CODE END I2C1_Init 0 */
 182:Core/Src/main.c **** 
 183:Core/Src/main.c ****   /* USER CODE BEGIN I2C1_Init 1 */
 184:Core/Src/main.c **** 
 185:Core/Src/main.c ****   /* USER CODE END I2C1_Init 1 */
 186:Core/Src/main.c ****   hi2c1.Instance = I2C1;
 187:Core/Src/main.c ****   hi2c1.Init.ClockSpeed = 100000;
 188:Core/Src/main.c ****   hi2c1.Init.DutyCycle = I2C_DUTYCYCLE_2;
 189:Core/Src/main.c ****   hi2c1.Init.OwnAddress1 = 0;
 190:Core/Src/main.c ****   hi2c1.Init.AddressingMode = I2C_ADDRESSINGMODE_7BIT;
 191:Core/Src/main.c ****   hi2c1.Init.DualAddressMode = I2C_DUALADDRESS_DISABLE;
 192:Core/Src/main.c ****   hi2c1.Init.OwnAddress2 = 0;
 193:Core/Src/main.c ****   hi2c1.Init.GeneralCallMode = I2C_GENERALCALL_DISABLE;
 194:Core/Src/main.c ****   hi2c1.Init.NoStretchMode = I2C_NOSTRETCH_DISABLE;
 195:Core/Src/main.c ****   if (HAL_I2C_Init(&hi2c1) != HAL_OK)
 196:Core/Src/main.c ****   {
 197:Core/Src/main.c ****     Error_Handler();
 198:Core/Src/main.c ****   }
 199:Core/Src/main.c ****   /* USER CODE BEGIN I2C1_Init 2 */
 200:Core/Src/main.c **** 
 201:Core/Src/main.c ****   /* USER CODE END I2C1_Init 2 */
 202:Core/Src/main.c **** 
 203:Core/Src/main.c **** }
 204:Core/Src/main.c **** 
ARM GAS  /tmp/ccwGAs3D.s 			page 5


 205:Core/Src/main.c **** /**
 206:Core/Src/main.c ****   * @brief GPIO Initialization Function
 207:Core/Src/main.c ****   * @param None
 208:Core/Src/main.c ****   * @retval None
 209:Core/Src/main.c ****   */
 210:Core/Src/main.c **** static void MX_GPIO_Init(void)
 211:Core/Src/main.c **** {
  26              		.loc 1 211 1 view -0
  27              		.cfi_startproc
  28              		@ args = 0, pretend = 0, frame = 8
  29              		@ frame_needed = 0, uses_anonymous_args = 0
  30              		@ link register save eliminated.
  31 0000 82B0     		sub	sp, sp, #8
  32              	.LCFI0:
  33              		.cfi_def_cfa_offset 8
 212:Core/Src/main.c ****   /* USER CODE BEGIN MX_GPIO_Init_1 */
 213:Core/Src/main.c **** 
 214:Core/Src/main.c ****   /* USER CODE END MX_GPIO_Init_1 */
 215:Core/Src/main.c **** 
 216:Core/Src/main.c ****   /* GPIO Ports Clock Enable */
 217:Core/Src/main.c ****   __HAL_RCC_GPIOB_CLK_ENABLE();
  34              		.loc 1 217 3 view .LVU1
  35              	.LBB4:
  36              		.loc 1 217 3 view .LVU2
  37              		.loc 1 217 3 view .LVU3
  38 0002 064B     		ldr	r3, .L3
  39 0004 9A69     		ldr	r2, [r3, #24]
  40 0006 42F00802 		orr	r2, r2, #8
  41 000a 9A61     		str	r2, [r3, #24]
  42              		.loc 1 217 3 view .LVU4
  43 000c 9B69     		ldr	r3, [r3, #24]
  44 000e 03F00803 		and	r3, r3, #8
  45 0012 0193     		str	r3, [sp, #4]
  46              		.loc 1 217 3 view .LVU5
  47 0014 019B     		ldr	r3, [sp, #4]
  48              	.LBE4:
  49              		.loc 1 217 3 view .LVU6
 218:Core/Src/main.c **** 
 219:Core/Src/main.c ****   /* USER CODE BEGIN MX_GPIO_Init_2 */
 220:Core/Src/main.c **** 
 221:Core/Src/main.c ****   /* USER CODE END MX_GPIO_Init_2 */
 222:Core/Src/main.c **** }
  50              		.loc 1 222 1 is_stmt 0 view .LVU7
  51 0016 02B0     		add	sp, sp, #8
  52              	.LCFI1:
  53              		.cfi_def_cfa_offset 0
  54              		@ sp needed
  55 0018 7047     		bx	lr
  56              	.L4:
  57 001a 00BF     		.align	2
  58              	.L3:
  59 001c 00100240 		.word	1073876992
  60              		.cfi_endproc
  61              	.LFE71:
  63              		.section	.text.Error_Handler,"ax",%progbits
  64              		.align	1
  65              		.global	Error_Handler
ARM GAS  /tmp/ccwGAs3D.s 			page 6


  66              		.syntax unified
  67              		.thumb
  68              		.thumb_func
  70              	Error_Handler:
  71              	.LFB72:
 223:Core/Src/main.c **** 
 224:Core/Src/main.c **** /* USER CODE BEGIN 4 */
 225:Core/Src/main.c **** 
 226:Core/Src/main.c **** /* USER CODE END 4 */
 227:Core/Src/main.c **** 
 228:Core/Src/main.c **** /**
 229:Core/Src/main.c ****   * @brief  This function is executed in case of error occurrence.
 230:Core/Src/main.c ****   * @retval None
 231:Core/Src/main.c ****   */
 232:Core/Src/main.c **** void Error_Handler(void)
 233:Core/Src/main.c **** {
  72              		.loc 1 233 1 is_stmt 1 view -0
  73              		.cfi_startproc
  74              		@ Volatile: function does not return.
  75              		@ args = 0, pretend = 0, frame = 0
  76              		@ frame_needed = 0, uses_anonymous_args = 0
  77              		@ link register save eliminated.
 234:Core/Src/main.c ****   /* USER CODE BEGIN Error_Handler_Debug */
 235:Core/Src/main.c ****   /* User can add his own implementation to report the HAL error return state */
 236:Core/Src/main.c ****   __disable_irq();
  78              		.loc 1 236 3 view .LVU9
  79              	.LBB5:
  80              	.LBI5:
  81              		.file 2 "Drivers/CMSIS/Include/cmsis_gcc.h"
   1:Drivers/CMSIS/Include/cmsis_gcc.h **** /**************************************************************************//**
   2:Drivers/CMSIS/Include/cmsis_gcc.h ****  * @file     cmsis_gcc.h
   3:Drivers/CMSIS/Include/cmsis_gcc.h ****  * @brief    CMSIS compiler GCC header file
   4:Drivers/CMSIS/Include/cmsis_gcc.h ****  * @version  V5.0.4
   5:Drivers/CMSIS/Include/cmsis_gcc.h ****  * @date     09. April 2018
   6:Drivers/CMSIS/Include/cmsis_gcc.h ****  ******************************************************************************/
   7:Drivers/CMSIS/Include/cmsis_gcc.h **** /*
   8:Drivers/CMSIS/Include/cmsis_gcc.h ****  * Copyright (c) 2009-2018 Arm Limited. All rights reserved.
   9:Drivers/CMSIS/Include/cmsis_gcc.h ****  *
  10:Drivers/CMSIS/Include/cmsis_gcc.h ****  * SPDX-License-Identifier: Apache-2.0
  11:Drivers/CMSIS/Include/cmsis_gcc.h ****  *
  12:Drivers/CMSIS/Include/cmsis_gcc.h ****  * Licensed under the Apache License, Version 2.0 (the License); you may
  13:Drivers/CMSIS/Include/cmsis_gcc.h ****  * not use this file except in compliance with the License.
  14:Drivers/CMSIS/Include/cmsis_gcc.h ****  * You may obtain a copy of the License at
  15:Drivers/CMSIS/Include/cmsis_gcc.h ****  *
  16:Drivers/CMSIS/Include/cmsis_gcc.h ****  * www.apache.org/licenses/LICENSE-2.0
  17:Drivers/CMSIS/Include/cmsis_gcc.h ****  *
  18:Drivers/CMSIS/Include/cmsis_gcc.h ****  * Unless required by applicable law or agreed to in writing, software
  19:Drivers/CMSIS/Include/cmsis_gcc.h ****  * distributed under the License is distributed on an AS IS BASIS, WITHOUT
  20:Drivers/CMSIS/Include/cmsis_gcc.h ****  * WARRANTIES OR CONDITIONS OF ANY KIND, either express or implied.
  21:Drivers/CMSIS/Include/cmsis_gcc.h ****  * See the License for the specific language governing permissions and
  22:Drivers/CMSIS/Include/cmsis_gcc.h ****  * limitations under the License.
  23:Drivers/CMSIS/Include/cmsis_gcc.h ****  */
  24:Drivers/CMSIS/Include/cmsis_gcc.h **** 
  25:Drivers/CMSIS/Include/cmsis_gcc.h **** #ifndef __CMSIS_GCC_H
  26:Drivers/CMSIS/Include/cmsis_gcc.h **** #define __CMSIS_GCC_H
  27:Drivers/CMSIS/Include/cmsis_gcc.h **** 
  28:Drivers/CMSIS/Include/cmsis_gcc.h **** /* ignore some GCC warnings */
ARM GAS  /tmp/ccwGAs3D.s 			page 7


  29:Drivers/CMSIS/Include/cmsis_gcc.h **** #pragma GCC diagnostic push
  30:Drivers/CMSIS/Include/cmsis_gcc.h **** #pragma GCC diagnostic ignored "-Wsign-conversion"
  31:Drivers/CMSIS/Include/cmsis_gcc.h **** #pragma GCC diagnostic ignored "-Wconversion"
  32:Drivers/CMSIS/Include/cmsis_gcc.h **** #pragma GCC diagnostic ignored "-Wunused-parameter"
  33:Drivers/CMSIS/Include/cmsis_gcc.h **** 
  34:Drivers/CMSIS/Include/cmsis_gcc.h **** /* Fallback for __has_builtin */
  35:Drivers/CMSIS/Include/cmsis_gcc.h **** #ifndef __has_builtin
  36:Drivers/CMSIS/Include/cmsis_gcc.h ****   #define __has_builtin(x) (0)
  37:Drivers/CMSIS/Include/cmsis_gcc.h **** #endif
  38:Drivers/CMSIS/Include/cmsis_gcc.h **** 
  39:Drivers/CMSIS/Include/cmsis_gcc.h **** /* CMSIS compiler specific defines */
  40:Drivers/CMSIS/Include/cmsis_gcc.h **** #ifndef   __ASM
  41:Drivers/CMSIS/Include/cmsis_gcc.h ****   #define __ASM                                  __asm
  42:Drivers/CMSIS/Include/cmsis_gcc.h **** #endif
  43:Drivers/CMSIS/Include/cmsis_gcc.h **** #ifndef   __INLINE
  44:Drivers/CMSIS/Include/cmsis_gcc.h ****   #define __INLINE                               inline
  45:Drivers/CMSIS/Include/cmsis_gcc.h **** #endif
  46:Drivers/CMSIS/Include/cmsis_gcc.h **** #ifndef   __STATIC_INLINE
  47:Drivers/CMSIS/Include/cmsis_gcc.h ****   #define __STATIC_INLINE                        static inline
  48:Drivers/CMSIS/Include/cmsis_gcc.h **** #endif
  49:Drivers/CMSIS/Include/cmsis_gcc.h **** #ifndef   __STATIC_FORCEINLINE                 
  50:Drivers/CMSIS/Include/cmsis_gcc.h ****   #define __STATIC_FORCEINLINE                   __attribute__((always_inline)) static inline
  51:Drivers/CMSIS/Include/cmsis_gcc.h **** #endif                                           
  52:Drivers/CMSIS/Include/cmsis_gcc.h **** #ifndef   __NO_RETURN
  53:Drivers/CMSIS/Include/cmsis_gcc.h ****   #define __NO_RETURN                            __attribute__((__noreturn__))
  54:Drivers/CMSIS/Include/cmsis_gcc.h **** #endif
  55:Drivers/CMSIS/Include/cmsis_gcc.h **** #ifndef   __USED
  56:Drivers/CMSIS/Include/cmsis_gcc.h ****   #define __USED                                 __attribute__((used))
  57:Drivers/CMSIS/Include/cmsis_gcc.h **** #endif
  58:Drivers/CMSIS/Include/cmsis_gcc.h **** #ifndef   __WEAK
  59:Drivers/CMSIS/Include/cmsis_gcc.h ****   #define __WEAK                                 __attribute__((weak))
  60:Drivers/CMSIS/Include/cmsis_gcc.h **** #endif
  61:Drivers/CMSIS/Include/cmsis_gcc.h **** #ifndef   __PACKED
  62:Drivers/CMSIS/Include/cmsis_gcc.h ****   #define __PACKED                               __attribute__((packed, aligned(1)))
  63:Drivers/CMSIS/Include/cmsis_gcc.h **** #endif
  64:Drivers/CMSIS/Include/cmsis_gcc.h **** #ifndef   __PACKED_STRUCT
  65:Drivers/CMSIS/Include/cmsis_gcc.h ****   #define __PACKED_STRUCT                        struct __attribute__((packed, aligned(1)))
  66:Drivers/CMSIS/Include/cmsis_gcc.h **** #endif
  67:Drivers/CMSIS/Include/cmsis_gcc.h **** #ifndef   __PACKED_UNION
  68:Drivers/CMSIS/Include/cmsis_gcc.h ****   #define __PACKED_UNION                         union __attribute__((packed, aligned(1)))
  69:Drivers/CMSIS/Include/cmsis_gcc.h **** #endif
  70:Drivers/CMSIS/Include/cmsis_gcc.h **** #ifndef   __UNALIGNED_UINT32        /* deprecated */
  71:Drivers/CMSIS/Include/cmsis_gcc.h ****   #pragma GCC diagnostic push
  72:Drivers/CMSIS/Include/cmsis_gcc.h ****   #pragma GCC diagnostic ignored "-Wpacked"
  73:Drivers/CMSIS/Include/cmsis_gcc.h ****   #pragma GCC diagnostic ignored "-Wattributes"
  74:Drivers/CMSIS/Include/cmsis_gcc.h ****   struct __attribute__((packed)) T_UINT32 { uint32_t v; };
  75:Drivers/CMSIS/Include/cmsis_gcc.h ****   #pragma GCC diagnostic pop
  76:Drivers/CMSIS/Include/cmsis_gcc.h ****   #define __UNALIGNED_UINT32(x)                  (((struct T_UINT32 *)(x))->v)
  77:Drivers/CMSIS/Include/cmsis_gcc.h **** #endif
  78:Drivers/CMSIS/Include/cmsis_gcc.h **** #ifndef   __UNALIGNED_UINT16_WRITE
  79:Drivers/CMSIS/Include/cmsis_gcc.h ****   #pragma GCC diagnostic push
  80:Drivers/CMSIS/Include/cmsis_gcc.h ****   #pragma GCC diagnostic ignored "-Wpacked"
  81:Drivers/CMSIS/Include/cmsis_gcc.h ****   #pragma GCC diagnostic ignored "-Wattributes"
  82:Drivers/CMSIS/Include/cmsis_gcc.h ****   __PACKED_STRUCT T_UINT16_WRITE { uint16_t v; };
  83:Drivers/CMSIS/Include/cmsis_gcc.h ****   #pragma GCC diagnostic pop
  84:Drivers/CMSIS/Include/cmsis_gcc.h ****   #define __UNALIGNED_UINT16_WRITE(addr, val)    (void)((((struct T_UINT16_WRITE *)(void *)(addr))-
  85:Drivers/CMSIS/Include/cmsis_gcc.h **** #endif
ARM GAS  /tmp/ccwGAs3D.s 			page 8


  86:Drivers/CMSIS/Include/cmsis_gcc.h **** #ifndef   __UNALIGNED_UINT16_READ
  87:Drivers/CMSIS/Include/cmsis_gcc.h ****   #pragma GCC diagnostic push
  88:Drivers/CMSIS/Include/cmsis_gcc.h ****   #pragma GCC diagnostic ignored "-Wpacked"
  89:Drivers/CMSIS/Include/cmsis_gcc.h ****   #pragma GCC diagnostic ignored "-Wattributes"
  90:Drivers/CMSIS/Include/cmsis_gcc.h ****   __PACKED_STRUCT T_UINT16_READ { uint16_t v; };
  91:Drivers/CMSIS/Include/cmsis_gcc.h ****   #pragma GCC diagnostic pop
  92:Drivers/CMSIS/Include/cmsis_gcc.h ****   #define __UNALIGNED_UINT16_READ(addr)          (((const struct T_UINT16_READ *)(const void *)(add
  93:Drivers/CMSIS/Include/cmsis_gcc.h **** #endif
  94:Drivers/CMSIS/Include/cmsis_gcc.h **** #ifndef   __UNALIGNED_UINT32_WRITE
  95:Drivers/CMSIS/Include/cmsis_gcc.h ****   #pragma GCC diagnostic push
  96:Drivers/CMSIS/Include/cmsis_gcc.h ****   #pragma GCC diagnostic ignored "-Wpacked"
  97:Drivers/CMSIS/Include/cmsis_gcc.h ****   #pragma GCC diagnostic ignored "-Wattributes"
  98:Drivers/CMSIS/Include/cmsis_gcc.h ****   __PACKED_STRUCT T_UINT32_WRITE { uint32_t v; };
  99:Drivers/CMSIS/Include/cmsis_gcc.h ****   #pragma GCC diagnostic pop
 100:Drivers/CMSIS/Include/cmsis_gcc.h ****   #define __UNALIGNED_UINT32_WRITE(addr, val)    (void)((((struct T_UINT32_WRITE *)(void *)(addr))-
 101:Drivers/CMSIS/Include/cmsis_gcc.h **** #endif
 102:Drivers/CMSIS/Include/cmsis_gcc.h **** #ifndef   __UNALIGNED_UINT32_READ
 103:Drivers/CMSIS/Include/cmsis_gcc.h ****   #pragma GCC diagnostic push
 104:Drivers/CMSIS/Include/cmsis_gcc.h ****   #pragma GCC diagnostic ignored "-Wpacked"
 105:Drivers/CMSIS/Include/cmsis_gcc.h ****   #pragma GCC diagnostic ignored "-Wattributes"
 106:Drivers/CMSIS/Include/cmsis_gcc.h ****   __PACKED_STRUCT T_UINT32_READ { uint32_t v; };
 107:Drivers/CMSIS/Include/cmsis_gcc.h ****   #pragma GCC diagnostic pop
 108:Drivers/CMSIS/Include/cmsis_gcc.h ****   #define __UNALIGNED_UINT32_READ(addr)          (((const struct T_UINT32_READ *)(const void *)(add
 109:Drivers/CMSIS/Include/cmsis_gcc.h **** #endif
 110:Drivers/CMSIS/Include/cmsis_gcc.h **** #ifndef   __ALIGNED
 111:Drivers/CMSIS/Include/cmsis_gcc.h ****   #define __ALIGNED(x)                           __attribute__((aligned(x)))
 112:Drivers/CMSIS/Include/cmsis_gcc.h **** #endif
 113:Drivers/CMSIS/Include/cmsis_gcc.h **** #ifndef   __RESTRICT
 114:Drivers/CMSIS/Include/cmsis_gcc.h ****   #define __RESTRICT                             __restrict
 115:Drivers/CMSIS/Include/cmsis_gcc.h **** #endif
 116:Drivers/CMSIS/Include/cmsis_gcc.h **** 
 117:Drivers/CMSIS/Include/cmsis_gcc.h **** 
 118:Drivers/CMSIS/Include/cmsis_gcc.h **** /* ###########################  Core Function Access  ########################### */
 119:Drivers/CMSIS/Include/cmsis_gcc.h **** /** \ingroup  CMSIS_Core_FunctionInterface
 120:Drivers/CMSIS/Include/cmsis_gcc.h ****     \defgroup CMSIS_Core_RegAccFunctions CMSIS Core Register Access Functions
 121:Drivers/CMSIS/Include/cmsis_gcc.h ****   @{
 122:Drivers/CMSIS/Include/cmsis_gcc.h ****  */
 123:Drivers/CMSIS/Include/cmsis_gcc.h **** 
 124:Drivers/CMSIS/Include/cmsis_gcc.h **** /**
 125:Drivers/CMSIS/Include/cmsis_gcc.h ****   \brief   Enable IRQ Interrupts
 126:Drivers/CMSIS/Include/cmsis_gcc.h ****   \details Enables IRQ interrupts by clearing the I-bit in the CPSR.
 127:Drivers/CMSIS/Include/cmsis_gcc.h ****            Can only be executed in Privileged modes.
 128:Drivers/CMSIS/Include/cmsis_gcc.h ****  */
 129:Drivers/CMSIS/Include/cmsis_gcc.h **** __STATIC_FORCEINLINE void __enable_irq(void)
 130:Drivers/CMSIS/Include/cmsis_gcc.h **** {
 131:Drivers/CMSIS/Include/cmsis_gcc.h ****   __ASM volatile ("cpsie i" : : : "memory");
 132:Drivers/CMSIS/Include/cmsis_gcc.h **** }
 133:Drivers/CMSIS/Include/cmsis_gcc.h **** 
 134:Drivers/CMSIS/Include/cmsis_gcc.h **** 
 135:Drivers/CMSIS/Include/cmsis_gcc.h **** /**
 136:Drivers/CMSIS/Include/cmsis_gcc.h ****   \brief   Disable IRQ Interrupts
 137:Drivers/CMSIS/Include/cmsis_gcc.h ****   \details Disables IRQ interrupts by setting the I-bit in the CPSR.
 138:Drivers/CMSIS/Include/cmsis_gcc.h ****            Can only be executed in Privileged modes.
 139:Drivers/CMSIS/Include/cmsis_gcc.h ****  */
 140:Drivers/CMSIS/Include/cmsis_gcc.h **** __STATIC_FORCEINLINE void __disable_irq(void)
  82              		.loc 2 140 27 view .LVU10
  83              	.LBB6:
ARM GAS  /tmp/ccwGAs3D.s 			page 9


 141:Drivers/CMSIS/Include/cmsis_gcc.h **** {
 142:Drivers/CMSIS/Include/cmsis_gcc.h ****   __ASM volatile ("cpsid i" : : : "memory");
  84              		.loc 2 142 3 view .LVU11
  85              		.syntax unified
  86              	@ 142 "Drivers/CMSIS/Include/cmsis_gcc.h" 1
  87 0000 72B6     		cpsid i
  88              	@ 0 "" 2
  89              		.thumb
  90              		.syntax unified
  91              	.L6:
  92              	.LBE6:
  93              	.LBE5:
 237:Core/Src/main.c ****   while (1)
  94              		.loc 1 237 3 view .LVU12
 238:Core/Src/main.c ****   {
 239:Core/Src/main.c ****   }
  95              		.loc 1 239 3 view .LVU13
 237:Core/Src/main.c ****   while (1)
  96              		.loc 1 237 9 view .LVU14
  97 0002 FEE7     		b	.L6
  98              		.cfi_endproc
  99              	.LFE72:
 101              		.section	.text.MX_I2C1_Init,"ax",%progbits
 102              		.align	1
 103              		.syntax unified
 104              		.thumb
 105              		.thumb_func
 107              	MX_I2C1_Init:
 108              	.LFB70:
 177:Core/Src/main.c **** 
 109              		.loc 1 177 1 view -0
 110              		.cfi_startproc
 111              		@ args = 0, pretend = 0, frame = 0
 112              		@ frame_needed = 0, uses_anonymous_args = 0
 113 0000 08B5     		push	{r3, lr}
 114              	.LCFI2:
 115              		.cfi_def_cfa_offset 8
 116              		.cfi_offset 3, -8
 117              		.cfi_offset 14, -4
 186:Core/Src/main.c ****   hi2c1.Init.ClockSpeed = 100000;
 118              		.loc 1 186 3 view .LVU16
 186:Core/Src/main.c ****   hi2c1.Init.ClockSpeed = 100000;
 119              		.loc 1 186 18 is_stmt 0 view .LVU17
 120 0002 0A48     		ldr	r0, .L11
 121 0004 0A4B     		ldr	r3, .L11+4
 122 0006 0360     		str	r3, [r0]
 187:Core/Src/main.c ****   hi2c1.Init.DutyCycle = I2C_DUTYCYCLE_2;
 123              		.loc 1 187 3 is_stmt 1 view .LVU18
 187:Core/Src/main.c ****   hi2c1.Init.DutyCycle = I2C_DUTYCYCLE_2;
 124              		.loc 1 187 25 is_stmt 0 view .LVU19
 125 0008 0A4B     		ldr	r3, .L11+8
 126 000a 4360     		str	r3, [r0, #4]
 188:Core/Src/main.c ****   hi2c1.Init.OwnAddress1 = 0;
 127              		.loc 1 188 3 is_stmt 1 view .LVU20
 188:Core/Src/main.c ****   hi2c1.Init.OwnAddress1 = 0;
 128              		.loc 1 188 24 is_stmt 0 view .LVU21
 129 000c 0023     		movs	r3, #0
ARM GAS  /tmp/ccwGAs3D.s 			page 10


 130 000e 8360     		str	r3, [r0, #8]
 189:Core/Src/main.c ****   hi2c1.Init.AddressingMode = I2C_ADDRESSINGMODE_7BIT;
 131              		.loc 1 189 3 is_stmt 1 view .LVU22
 189:Core/Src/main.c ****   hi2c1.Init.AddressingMode = I2C_ADDRESSINGMODE_7BIT;
 132              		.loc 1 189 26 is_stmt 0 view .LVU23
 133 0010 C360     		str	r3, [r0, #12]
 190:Core/Src/main.c ****   hi2c1.Init.DualAddressMode = I2C_DUALADDRESS_DISABLE;
 134              		.loc 1 190 3 is_stmt 1 view .LVU24
 190:Core/Src/main.c ****   hi2c1.Init.DualAddressMode = I2C_DUALADDRESS_DISABLE;
 135              		.loc 1 190 29 is_stmt 0 view .LVU25
 136 0012 4FF48042 		mov	r2, #16384
 137 0016 0261     		str	r2, [r0, #16]
 191:Core/Src/main.c ****   hi2c1.Init.OwnAddress2 = 0;
 138              		.loc 1 191 3 is_stmt 1 view .LVU26
 191:Core/Src/main.c ****   hi2c1.Init.OwnAddress2 = 0;
 139              		.loc 1 191 30 is_stmt 0 view .LVU27
 140 0018 4361     		str	r3, [r0, #20]
 192:Core/Src/main.c ****   hi2c1.Init.GeneralCallMode = I2C_GENERALCALL_DISABLE;
 141              		.loc 1 192 3 is_stmt 1 view .LVU28
 192:Core/Src/main.c ****   hi2c1.Init.GeneralCallMode = I2C_GENERALCALL_DISABLE;
 142              		.loc 1 192 26 is_stmt 0 view .LVU29
 143 001a 8361     		str	r3, [r0, #24]
 193:Core/Src/main.c ****   hi2c1.Init.NoStretchMode = I2C_NOSTRETCH_DISABLE;
 144              		.loc 1 193 3 is_stmt 1 view .LVU30
 193:Core/Src/main.c ****   hi2c1.Init.NoStretchMode = I2C_NOSTRETCH_DISABLE;
 145              		.loc 1 193 30 is_stmt 0 view .LVU31
 146 001c C361     		str	r3, [r0, #28]
 194:Core/Src/main.c ****   if (HAL_I2C_Init(&hi2c1) != HAL_OK)
 147              		.loc 1 194 3 is_stmt 1 view .LVU32
 194:Core/Src/main.c ****   if (HAL_I2C_Init(&hi2c1) != HAL_OK)
 148              		.loc 1 194 28 is_stmt 0 view .LVU33
 149 001e 0362     		str	r3, [r0, #32]
 195:Core/Src/main.c ****   {
 150              		.loc 1 195 3 is_stmt 1 view .LVU34
 195:Core/Src/main.c ****   {
 151              		.loc 1 195 7 is_stmt 0 view .LVU35
 152 0020 FFF7FEFF 		bl	HAL_I2C_Init
 153              	.LVL0:
 195:Core/Src/main.c ****   {
 154              		.loc 1 195 6 discriminator 1 view .LVU36
 155 0024 00B9     		cbnz	r0, .L10
 203:Core/Src/main.c **** 
 156              		.loc 1 203 1 view .LVU37
 157 0026 08BD     		pop	{r3, pc}
 158              	.L10:
 197:Core/Src/main.c ****   }
 159              		.loc 1 197 5 is_stmt 1 view .LVU38
 160 0028 FFF7FEFF 		bl	Error_Handler
 161              	.LVL1:
 162              	.L12:
 163              		.align	2
 164              	.L11:
 165 002c 00000000 		.word	hi2c1
 166 0030 00540040 		.word	1073763328
 167 0034 A0860100 		.word	100000
 168              		.cfi_endproc
 169              	.LFE70:
ARM GAS  /tmp/ccwGAs3D.s 			page 11


 171              		.section	.text.SystemClock_Config,"ax",%progbits
 172              		.align	1
 173              		.global	SystemClock_Config
 174              		.syntax unified
 175              		.thumb
 176              		.thumb_func
 178              	SystemClock_Config:
 179              	.LFB69:
 140:Core/Src/main.c ****   RCC_OscInitTypeDef RCC_OscInitStruct = {0};
 180              		.loc 1 140 1 view -0
 181              		.cfi_startproc
 182              		@ args = 0, pretend = 0, frame = 64
 183              		@ frame_needed = 0, uses_anonymous_args = 0
 184 0000 00B5     		push	{lr}
 185              	.LCFI3:
 186              		.cfi_def_cfa_offset 4
 187              		.cfi_offset 14, -4
 188 0002 91B0     		sub	sp, sp, #68
 189              	.LCFI4:
 190              		.cfi_def_cfa_offset 72
 141:Core/Src/main.c ****   RCC_ClkInitTypeDef RCC_ClkInitStruct = {0};
 191              		.loc 1 141 3 view .LVU40
 141:Core/Src/main.c ****   RCC_ClkInitTypeDef RCC_ClkInitStruct = {0};
 192              		.loc 1 141 22 is_stmt 0 view .LVU41
 193 0004 2822     		movs	r2, #40
 194 0006 0021     		movs	r1, #0
 195 0008 06A8     		add	r0, sp, #24
 196 000a FFF7FEFF 		bl	memset
 197              	.LVL2:
 142:Core/Src/main.c **** 
 198              		.loc 1 142 3 is_stmt 1 view .LVU42
 142:Core/Src/main.c **** 
 199              		.loc 1 142 22 is_stmt 0 view .LVU43
 200 000e 0023     		movs	r3, #0
 201 0010 0193     		str	r3, [sp, #4]
 202 0012 0293     		str	r3, [sp, #8]
 203 0014 0393     		str	r3, [sp, #12]
 204 0016 0493     		str	r3, [sp, #16]
 205 0018 0593     		str	r3, [sp, #20]
 147:Core/Src/main.c ****   RCC_OscInitStruct.HSIState = RCC_HSI_ON;
 206              		.loc 1 147 3 is_stmt 1 view .LVU44
 147:Core/Src/main.c ****   RCC_OscInitStruct.HSIState = RCC_HSI_ON;
 207              		.loc 1 147 36 is_stmt 0 view .LVU45
 208 001a 0223     		movs	r3, #2
 209 001c 0693     		str	r3, [sp, #24]
 148:Core/Src/main.c ****   RCC_OscInitStruct.HSICalibrationValue = RCC_HSICALIBRATION_DEFAULT;
 210              		.loc 1 148 3 is_stmt 1 view .LVU46
 148:Core/Src/main.c ****   RCC_OscInitStruct.HSICalibrationValue = RCC_HSICALIBRATION_DEFAULT;
 211              		.loc 1 148 30 is_stmt 0 view .LVU47
 212 001e 0123     		movs	r3, #1
 213 0020 0A93     		str	r3, [sp, #40]
 149:Core/Src/main.c ****   RCC_OscInitStruct.PLL.PLLState = RCC_PLL_NONE;
 214              		.loc 1 149 3 is_stmt 1 view .LVU48
 149:Core/Src/main.c ****   RCC_OscInitStruct.PLL.PLLState = RCC_PLL_NONE;
 215              		.loc 1 149 41 is_stmt 0 view .LVU49
 216 0022 1023     		movs	r3, #16
 217 0024 0B93     		str	r3, [sp, #44]
ARM GAS  /tmp/ccwGAs3D.s 			page 12


 150:Core/Src/main.c ****   if (HAL_RCC_OscConfig(&RCC_OscInitStruct) != HAL_OK)
 218              		.loc 1 150 3 is_stmt 1 view .LVU50
 151:Core/Src/main.c ****   {
 219              		.loc 1 151 3 view .LVU51
 151:Core/Src/main.c ****   {
 220              		.loc 1 151 7 is_stmt 0 view .LVU52
 221 0026 06A8     		add	r0, sp, #24
 222 0028 FFF7FEFF 		bl	HAL_RCC_OscConfig
 223              	.LVL3:
 151:Core/Src/main.c ****   {
 224              		.loc 1 151 6 discriminator 1 view .LVU53
 225 002c 68B9     		cbnz	r0, .L17
 158:Core/Src/main.c ****                               |RCC_CLOCKTYPE_PCLK1|RCC_CLOCKTYPE_PCLK2;
 226              		.loc 1 158 3 is_stmt 1 view .LVU54
 158:Core/Src/main.c ****                               |RCC_CLOCKTYPE_PCLK1|RCC_CLOCKTYPE_PCLK2;
 227              		.loc 1 158 31 is_stmt 0 view .LVU55
 228 002e 0F23     		movs	r3, #15
 229 0030 0193     		str	r3, [sp, #4]
 160:Core/Src/main.c ****   RCC_ClkInitStruct.AHBCLKDivider = RCC_SYSCLK_DIV1;
 230              		.loc 1 160 3 is_stmt 1 view .LVU56
 160:Core/Src/main.c ****   RCC_ClkInitStruct.AHBCLKDivider = RCC_SYSCLK_DIV1;
 231              		.loc 1 160 34 is_stmt 0 view .LVU57
 232 0032 0021     		movs	r1, #0
 233 0034 0291     		str	r1, [sp, #8]
 161:Core/Src/main.c ****   RCC_ClkInitStruct.APB1CLKDivider = RCC_HCLK_DIV1;
 234              		.loc 1 161 3 is_stmt 1 view .LVU58
 161:Core/Src/main.c ****   RCC_ClkInitStruct.APB1CLKDivider = RCC_HCLK_DIV1;
 235              		.loc 1 161 35 is_stmt 0 view .LVU59
 236 0036 0391     		str	r1, [sp, #12]
 162:Core/Src/main.c ****   RCC_ClkInitStruct.APB2CLKDivider = RCC_HCLK_DIV1;
 237              		.loc 1 162 3 is_stmt 1 view .LVU60
 162:Core/Src/main.c ****   RCC_ClkInitStruct.APB2CLKDivider = RCC_HCLK_DIV1;
 238              		.loc 1 162 36 is_stmt 0 view .LVU61
 239 0038 0491     		str	r1, [sp, #16]
 163:Core/Src/main.c **** 
 240              		.loc 1 163 3 is_stmt 1 view .LVU62
 163:Core/Src/main.c **** 
 241              		.loc 1 163 36 is_stmt 0 view .LVU63
 242 003a 0591     		str	r1, [sp, #20]
 165:Core/Src/main.c ****   {
 243              		.loc 1 165 3 is_stmt 1 view .LVU64
 165:Core/Src/main.c ****   {
 244              		.loc 1 165 7 is_stmt 0 view .LVU65
 245 003c 01A8     		add	r0, sp, #4
 246 003e FFF7FEFF 		bl	HAL_RCC_ClockConfig
 247              	.LVL4:
 165:Core/Src/main.c ****   {
 248              		.loc 1 165 6 discriminator 1 view .LVU66
 249 0042 20B9     		cbnz	r0, .L18
 169:Core/Src/main.c **** 
 250              		.loc 1 169 1 view .LVU67
 251 0044 11B0     		add	sp, sp, #68
 252              	.LCFI5:
 253              		.cfi_remember_state
 254              		.cfi_def_cfa_offset 4
 255              		@ sp needed
 256 0046 5DF804FB 		ldr	pc, [sp], #4
ARM GAS  /tmp/ccwGAs3D.s 			page 13


 257              	.L17:
 258              	.LCFI6:
 259              		.cfi_restore_state
 153:Core/Src/main.c ****   }
 260              		.loc 1 153 5 is_stmt 1 view .LVU68
 261 004a FFF7FEFF 		bl	Error_Handler
 262              	.LVL5:
 263              	.L18:
 167:Core/Src/main.c ****   }
 264              		.loc 1 167 5 view .LVU69
 265 004e FFF7FEFF 		bl	Error_Handler
 266              	.LVL6:
 267              		.cfi_endproc
 268              	.LFE69:
 270              		.section	.rodata.main.str1.4,"aMS",%progbits,1
 271              		.align	2
 272              	.LC0:
 273 0000 48454C4C 		.ascii	"HELLO\000"
 273      4F00
 274 0006 0000     		.align	2
 275              	.LC1:
 276 0008 44454D3A 		.ascii	"DEM: %d\000"
 276      20256400 
 277              		.section	.text.main,"ax",%progbits
 278              		.align	1
 279              		.global	main
 280              		.syntax unified
 281              		.thumb
 282              		.thumb_func
 284              	main:
 285              	.LFB68:
  68:Core/Src/main.c **** 
 286              		.loc 1 68 1 view -0
 287              		.cfi_startproc
 288              		@ args = 0, pretend = 0, frame = 24
 289              		@ frame_needed = 0, uses_anonymous_args = 0
 290 0000 10B5     		push	{r4, lr}
 291              	.LCFI7:
 292              		.cfi_def_cfa_offset 8
 293              		.cfi_offset 4, -8
 294              		.cfi_offset 14, -4
 295 0002 86B0     		sub	sp, sp, #24
 296              	.LCFI8:
 297              		.cfi_def_cfa_offset 32
  77:Core/Src/main.c **** 
 298              		.loc 1 77 3 view .LVU71
 299 0004 FFF7FEFF 		bl	HAL_Init
 300              	.LVL7:
  84:Core/Src/main.c **** 
 301              		.loc 1 84 3 view .LVU72
 302 0008 FFF7FEFF 		bl	SystemClock_Config
 303              	.LVL8:
  91:Core/Src/main.c ****   MX_I2C1_Init();
 304              		.loc 1 91 3 view .LVU73
 305 000c FFF7FEFF 		bl	MX_GPIO_Init
 306              	.LVL9:
  92:Core/Src/main.c ****   /* USER CODE BEGIN 2 */
ARM GAS  /tmp/ccwGAs3D.s 			page 14


 307              		.loc 1 92 3 view .LVU74
 308 0010 FFF7FEFF 		bl	MX_I2C1_Init
 309              	.LVL10:
  94:Core/Src/main.c ****   SSD1306_SetCursor(10,20);
 310              		.loc 1 94 3 view .LVU75
 311 0014 2248     		ldr	r0, .L24
 312 0016 FFF7FEFF 		bl	SSD1306_Init
 313              	.LVL11:
  95:Core/Src/main.c ****   SSD1306_SetTextSize(2);
 314              		.loc 1 95 3 view .LVU76
 315 001a 1421     		movs	r1, #20
 316 001c 0A20     		movs	r0, #10
 317 001e FFF7FEFF 		bl	SSD1306_SetCursor
 318              	.LVL12:
  96:Core/Src/main.c ****   SSD1306_WriteString("HELLO");
 319              		.loc 1 96 3 view .LVU77
 320 0022 0220     		movs	r0, #2
 321 0024 FFF7FEFF 		bl	SSD1306_SetTextSize
 322              	.LVL13:
  97:Core/Src/main.c ****   SSD1306_UpdateScreen();
 323              		.loc 1 97 3 view .LVU78
 324 0028 1E48     		ldr	r0, .L24+4
 325 002a FFF7FEFF 		bl	SSD1306_WriteString
 326              	.LVL14:
  98:Core/Src/main.c ****   int16_t x = 0;
 327              		.loc 1 98 3 view .LVU79
 328 002e FFF7FEFF 		bl	SSD1306_UpdateScreen
 329              	.LVL15:
  99:Core/Src/main.c ****   HAL_Delay(1000);
 330              		.loc 1 99 3 view .LVU80
 100:Core/Src/main.c ****   SSD1306_Fill(SSD1306_COLOR_BLACK);
 331              		.loc 1 100 3 view .LVU81
 332 0032 4FF47A70 		mov	r0, #1000
 333 0036 FFF7FEFF 		bl	HAL_Delay
 334              	.LVL16:
 101:Core/Src/main.c ****   SSD1306_UpdateScreen();
 335              		.loc 1 101 3 view .LVU82
 336 003a 0020     		movs	r0, #0
 337 003c FFF7FEFF 		bl	SSD1306_Fill
 338              	.LVL17:
 102:Core/Src/main.c ****   HAL_Delay(1000);
 339              		.loc 1 102 3 view .LVU83
 340 0040 FFF7FEFF 		bl	SSD1306_UpdateScreen
 341              	.LVL18:
 103:Core/Src/main.c ****   SSD1306_Fill(SSD1306_COLOR_WHITE);
 342              		.loc 1 103 3 view .LVU84
 343 0044 4FF47A70 		mov	r0, #1000
 344 0048 FFF7FEFF 		bl	HAL_Delay
 345              	.LVL19:
 104:Core/Src/main.c ****   SSD1306_UpdateScreen();
 346              		.loc 1 104 3 view .LVU85
 347 004c 0120     		movs	r0, #1
 348 004e FFF7FEFF 		bl	SSD1306_Fill
 349              	.LVL20:
 105:Core/Src/main.c ****   HAL_Delay(1000);
 350              		.loc 1 105 3 view .LVU86
 351 0052 FFF7FEFF 		bl	SSD1306_UpdateScreen
ARM GAS  /tmp/ccwGAs3D.s 			page 15


 352              	.LVL21:
 106:Core/Src/main.c ****   /* USER CODE END 2 */
 353              		.loc 1 106 3 view .LVU87
 354 0056 4FF47A70 		mov	r0, #1000
 355 005a FFF7FEFF 		bl	HAL_Delay
 356              	.LVL22:
  99:Core/Src/main.c ****   HAL_Delay(1000);
 357              		.loc 1 99 11 is_stmt 0 view .LVU88
 358 005e 0024     		movs	r4, #0
 359              	.LVL23:
 360              	.L21:
 111:Core/Src/main.c ****   {
 361              		.loc 1 111 3 is_stmt 1 view .LVU89
 362              	.LBB7:
 113:Core/Src/main.c **** 
 363              		.loc 1 113 5 view .LVU90
 115:Core/Src/main.c ****     SSD1306_Fill(SSD1306_COLOR_BLACK);
 364              		.loc 1 115 5 view .LVU91
 365 0060 2346     		mov	r3, r4
 366 0062 114A     		ldr	r2, .L24+8
 367 0064 1421     		movs	r1, #20
 368 0066 01A8     		add	r0, sp, #4
 369 0068 FFF7FEFF 		bl	snprintf
 370              	.LVL24:
 116:Core/Src/main.c ****     SSD1306_SetCursor(10, 20);
 371              		.loc 1 116 5 view .LVU92
 372 006c 0020     		movs	r0, #0
 373 006e FFF7FEFF 		bl	SSD1306_Fill
 374              	.LVL25:
 117:Core/Src/main.c ****     SSD1306_SetTextSize(2);
 375              		.loc 1 117 5 view .LVU93
 376 0072 1421     		movs	r1, #20
 377 0074 0A20     		movs	r0, #10
 378 0076 FFF7FEFF 		bl	SSD1306_SetCursor
 379              	.LVL26:
 118:Core/Src/main.c ****     SSD1306_WriteString(text);
 380              		.loc 1 118 5 view .LVU94
 381 007a 0220     		movs	r0, #2
 382 007c FFF7FEFF 		bl	SSD1306_SetTextSize
 383              	.LVL27:
 119:Core/Src/main.c ****     SSD1306_UpdateScreen();
 384              		.loc 1 119 5 view .LVU95
 385 0080 01A8     		add	r0, sp, #4
 386 0082 FFF7FEFF 		bl	SSD1306_WriteString
 387              	.LVL28:
 120:Core/Src/main.c **** 
 388              		.loc 1 120 5 view .LVU96
 389 0086 FFF7FEFF 		bl	SSD1306_UpdateScreen
 390              	.LVL29:
 122:Core/Src/main.c ****     x++;
 391              		.loc 1 122 5 view .LVU97
 392 008a 4FF47A70 		mov	r0, #1000
 393 008e FFF7FEFF 		bl	HAL_Delay
 394              	.LVL30:
 123:Core/Src/main.c ****     if (x > 60)
 395              		.loc 1 123 5 view .LVU98
 123:Core/Src/main.c ****     if (x > 60)
ARM GAS  /tmp/ccwGAs3D.s 			page 16


 396              		.loc 1 123 6 is_stmt 0 view .LVU99
 397 0092 0134     		adds	r4, r4, #1
 398              	.LVL31:
 123:Core/Src/main.c ****     if (x > 60)
 399              		.loc 1 123 6 view .LVU100
 400 0094 24B2     		sxth	r4, r4
 401              	.LVL32:
 124:Core/Src/main.c ****     {
 402              		.loc 1 124 5 is_stmt 1 view .LVU101
 124:Core/Src/main.c ****     {
 403              		.loc 1 124 8 is_stmt 0 view .LVU102
 404 0096 3C2C     		cmp	r4, #60
 405 0098 E2DD     		ble	.L21
 126:Core/Src/main.c ****     }
 406              		.loc 1 126 9 view .LVU103
 407 009a 0024     		movs	r4, #0
 408              	.LVL33:
 126:Core/Src/main.c ****     }
 409              		.loc 1 126 9 view .LVU104
 410              	.LBE7:
 111:Core/Src/main.c ****   {
 411              		.loc 1 111 9 is_stmt 1 view .LVU105
 112:Core/Src/main.c ****     char text[20];
 412              		.loc 1 112 3 is_stmt 0 view .LVU106
 413 009c E0E7     		b	.L21
 414              	.L25:
 415 009e 00BF     		.align	2
 416              	.L24:
 417 00a0 00000000 		.word	hi2c1
 418 00a4 00000000 		.word	.LC0
 419 00a8 08000000 		.word	.LC1
 420              		.cfi_endproc
 421              	.LFE68:
 423              		.global	hi2c1
 424              		.section	.bss.hi2c1,"aw",%nobits
 425              		.align	2
 428              	hi2c1:
 429 0000 00000000 		.space	84
 429      00000000 
 429      00000000 
 429      00000000 
 429      00000000 
 430              		.text
 431              	.Letext0:
 432              		.file 3 "/usr/lib/gcc/arm-none-eabi/13.2.1/include/stdint.h"
 433              		.file 4 "Drivers/CMSIS/Device/ST/STM32F1xx/Include/stm32f103xb.h"
 434              		.file 5 "/usr/lib/gcc/arm-none-eabi/13.2.1/include/stddef.h"
 435              		.file 6 "Drivers/STM32F1xx_HAL_Driver/Inc/stm32f1xx_hal_def.h"
 436              		.file 7 "Drivers/STM32F1xx_HAL_Driver/Inc/stm32f1xx_hal_rcc.h"
 437              		.file 8 "Drivers/STM32F1xx_HAL_Driver/Inc/stm32f1xx_hal_rcc_ex.h"
 438              		.file 9 "Drivers/STM32F1xx_HAL_Driver/Inc/stm32f1xx_hal_dma.h"
 439              		.file 10 "Drivers/STM32F1xx_HAL_Driver/Inc/stm32f1xx_hal_i2c.h"
 440              		.file 11 "Core/Inc/ssd1306.h"
 441              		.file 12 "/usr/include/newlib/stdio.h"
 442              		.file 13 "Drivers/STM32F1xx_HAL_Driver/Inc/stm32f1xx_hal.h"
 443              		.file 14 "<built-in>"
ARM GAS  /tmp/ccwGAs3D.s 			page 17


DEFINED SYMBOLS
                            *ABS*:00000000 main.c
     /tmp/ccwGAs3D.s:19     .text.MX_GPIO_Init:00000000 $t
     /tmp/ccwGAs3D.s:24     .text.MX_GPIO_Init:00000000 MX_GPIO_Init
     /tmp/ccwGAs3D.s:59     .text.MX_GPIO_Init:0000001c $d
     /tmp/ccwGAs3D.s:64     .text.Error_Handler:00000000 $t
     /tmp/ccwGAs3D.s:70     .text.Error_Handler:00000000 Error_Handler
     /tmp/ccwGAs3D.s:102    .text.MX_I2C1_Init:00000000 $t
     /tmp/ccwGAs3D.s:107    .text.MX_I2C1_Init:00000000 MX_I2C1_Init
     /tmp/ccwGAs3D.s:165    .text.MX_I2C1_Init:0000002c $d
     /tmp/ccwGAs3D.s:428    .bss.hi2c1:00000000 hi2c1
     /tmp/ccwGAs3D.s:172    .text.SystemClock_Config:00000000 $t
     /tmp/ccwGAs3D.s:178    .text.SystemClock_Config:00000000 SystemClock_Config
     /tmp/ccwGAs3D.s:271    .rodata.main.str1.4:00000000 $d
     /tmp/ccwGAs3D.s:278    .text.main:00000000 $t
     /tmp/ccwGAs3D.s:284    .text.main:00000000 main
     /tmp/ccwGAs3D.s:417    .text.main:000000a0 $d
     /tmp/ccwGAs3D.s:425    .bss.hi2c1:00000000 $d

UNDEFINED SYMBOLS
HAL_I2C_Init
memset
HAL_RCC_OscConfig
HAL_RCC_ClockConfig
HAL_Init
SSD1306_Init
SSD1306_SetCursor
SSD1306_SetTextSize
SSD1306_WriteString
SSD1306_UpdateScreen
HAL_Delay
SSD1306_Fill
snprintf
