ARM GAS  /tmp/ccEAwcSO.s 			page 1


   1              		.cpu cortex-m3
   2              		.arch armv7-m
   3              		.fpu softvfp
   4              		.eabi_attribute 20, 1
   5              		.eabi_attribute 21, 1
   6              		.eabi_attribute 23, 3
   7              		.eabi_attribute 24, 1
   8              		.eabi_attribute 25, 1
   9              		.eabi_attribute 26, 1
  10              		.eabi_attribute 30, 1
  11              		.eabi_attribute 34, 1
  12              		.eabi_attribute 18, 4
  13              		.file	"ssd1306.c"
  14              		.text
  15              	.Ltext0:
  16              		.cfi_sections	.debug_frame
  17              		.file 1 "Core/Src/ssd1306.c"
  18              		.section	.text.ssd1306_send_command,"ax",%progbits
  19              		.align	1
  20              		.syntax unified
  21              		.thumb
  22              		.thumb_func
  24              	ssd1306_send_command:
  25              	.LVL0:
  26              	.LFB65:
   1:Core/Src/ssd1306.c **** #include "ssd1306.h"
   2:Core/Src/ssd1306.c **** 
   3:Core/Src/ssd1306.c **** #define SSD1306_CONTROL_COMMAND  0x00U
   4:Core/Src/ssd1306.c **** #define SSD1306_CONTROL_DATA     0x40U
   5:Core/Src/ssd1306.c **** #define SSD1306_I2C_TIMEOUT      100U
   6:Core/Src/ssd1306.c **** #define SSD1306_CHAR_WIDTH       6U
   7:Core/Src/ssd1306.c **** #define SSD1306_CHAR_HEIGHT      8U
   8:Core/Src/ssd1306.c **** 
   9:Core/Src/ssd1306.c **** static I2C_HandleTypeDef *ssd1306_i2c;
  10:Core/Src/ssd1306.c **** static uint8_t ssd1306_buffer[SSD1306_WIDTH * SSD1306_HEIGHT / 8U];
  11:Core/Src/ssd1306.c **** static uint8_t cursor_x;
  12:Core/Src/ssd1306.c **** static uint8_t cursor_y;
  13:Core/Src/ssd1306.c **** static uint8_t text_size = 1U;
  14:Core/Src/ssd1306.c **** 
  15:Core/Src/ssd1306.c **** static const uint8_t font_digits[10][5] =
  16:Core/Src/ssd1306.c **** {
  17:Core/Src/ssd1306.c ****   {0x3E, 0x51, 0x49, 0x45, 0x3E}, {0x00, 0x42, 0x7F, 0x40, 0x00},
  18:Core/Src/ssd1306.c ****   {0x42, 0x61, 0x51, 0x49, 0x46}, {0x21, 0x41, 0x45, 0x4B, 0x31},
  19:Core/Src/ssd1306.c ****   {0x18, 0x14, 0x12, 0x7F, 0x10}, {0x27, 0x45, 0x45, 0x45, 0x39},
  20:Core/Src/ssd1306.c ****   {0x3C, 0x4A, 0x49, 0x49, 0x30}, {0x01, 0x71, 0x09, 0x05, 0x03},
  21:Core/Src/ssd1306.c ****   {0x36, 0x49, 0x49, 0x49, 0x36}, {0x06, 0x49, 0x49, 0x29, 0x1E}
  22:Core/Src/ssd1306.c **** };
  23:Core/Src/ssd1306.c **** 
  24:Core/Src/ssd1306.c **** static const uint8_t font_upper[26][5] =
  25:Core/Src/ssd1306.c **** {
  26:Core/Src/ssd1306.c ****   {0x7E, 0x11, 0x11, 0x11, 0x7E}, {0x7F, 0x49, 0x49, 0x49, 0x36},
  27:Core/Src/ssd1306.c ****   {0x3E, 0x41, 0x41, 0x41, 0x22}, {0x7F, 0x41, 0x41, 0x22, 0x1C},
  28:Core/Src/ssd1306.c ****   {0x7F, 0x49, 0x49, 0x49, 0x41}, {0x7F, 0x09, 0x09, 0x09, 0x01},
  29:Core/Src/ssd1306.c ****   {0x3E, 0x41, 0x49, 0x49, 0x7A}, {0x7F, 0x08, 0x08, 0x08, 0x7F},
  30:Core/Src/ssd1306.c ****   {0x00, 0x41, 0x7F, 0x41, 0x00}, {0x20, 0x40, 0x41, 0x3F, 0x01},
  31:Core/Src/ssd1306.c ****   {0x7F, 0x08, 0x14, 0x22, 0x41}, {0x7F, 0x40, 0x40, 0x40, 0x40},
  32:Core/Src/ssd1306.c ****   {0x7F, 0x02, 0x0C, 0x02, 0x7F}, {0x7F, 0x04, 0x08, 0x10, 0x7F},
ARM GAS  /tmp/ccEAwcSO.s 			page 2


  33:Core/Src/ssd1306.c ****   {0x3E, 0x41, 0x41, 0x41, 0x3E}, {0x7F, 0x09, 0x09, 0x09, 0x06},
  34:Core/Src/ssd1306.c ****   {0x3E, 0x41, 0x51, 0x21, 0x5E}, {0x7F, 0x09, 0x19, 0x29, 0x46},
  35:Core/Src/ssd1306.c ****   {0x46, 0x49, 0x49, 0x49, 0x31}, {0x01, 0x01, 0x7F, 0x01, 0x01},
  36:Core/Src/ssd1306.c ****   {0x3F, 0x40, 0x40, 0x40, 0x3F}, {0x1F, 0x20, 0x40, 0x20, 0x1F},
  37:Core/Src/ssd1306.c ****   {0x7F, 0x20, 0x18, 0x20, 0x7F}, {0x63, 0x14, 0x08, 0x14, 0x63},
  38:Core/Src/ssd1306.c ****   {0x07, 0x08, 0x70, 0x08, 0x07}, {0x61, 0x51, 0x49, 0x45, 0x43}
  39:Core/Src/ssd1306.c **** };
  40:Core/Src/ssd1306.c **** 
  41:Core/Src/ssd1306.c **** static const uint8_t font_colon[5] = {0x00, 0x36, 0x36, 0x00, 0x00};
  42:Core/Src/ssd1306.c **** 
  43:Core/Src/ssd1306.c **** static HAL_StatusTypeDef ssd1306_send_command(uint8_t command)
  44:Core/Src/ssd1306.c **** {
  27              		.loc 1 44 1 view -0
  28              		.cfi_startproc
  29              		@ args = 0, pretend = 0, frame = 8
  30              		@ frame_needed = 0, uses_anonymous_args = 0
  31              		.loc 1 44 1 is_stmt 0 view .LVU1
  32 0000 00B5     		push	{lr}
  33              	.LCFI0:
  34              		.cfi_def_cfa_offset 4
  35              		.cfi_offset 14, -4
  36 0002 85B0     		sub	sp, sp, #20
  37              	.LCFI1:
  38              		.cfi_def_cfa_offset 24
  45:Core/Src/ssd1306.c ****   uint8_t data[2] = {SSD1306_CONTROL_COMMAND, command};
  39              		.loc 1 45 3 is_stmt 1 view .LVU2
  40              		.loc 1 45 11 is_stmt 0 view .LVU3
  41 0004 0023     		movs	r3, #0
  42 0006 8DF80C30 		strb	r3, [sp, #12]
  43 000a 8DF80D00 		strb	r0, [sp, #13]
  46:Core/Src/ssd1306.c **** 
  47:Core/Src/ssd1306.c ****   return HAL_I2C_Master_Transmit(ssd1306_i2c, SSD1306_I2C_ADDR, data,
  44              		.loc 1 47 3 is_stmt 1 view .LVU4
  45              		.loc 1 47 10 is_stmt 0 view .LVU5
  46 000e 6423     		movs	r3, #100
  47 0010 0093     		str	r3, [sp]
  48 0012 0223     		movs	r3, #2
  49 0014 03AA     		add	r2, sp, #12
  50 0016 7821     		movs	r1, #120
  51 0018 0348     		ldr	r0, .L3
  52              	.LVL1:
  53              		.loc 1 47 10 view .LVU6
  54 001a 0068     		ldr	r0, [r0]
  55 001c FFF7FEFF 		bl	HAL_I2C_Master_Transmit
  56              	.LVL2:
  48:Core/Src/ssd1306.c ****                                  sizeof(data), SSD1306_I2C_TIMEOUT);
  49:Core/Src/ssd1306.c **** }
  57              		.loc 1 49 1 view .LVU7
  58 0020 05B0     		add	sp, sp, #20
  59              	.LCFI2:
  60              		.cfi_def_cfa_offset 4
  61              		@ sp needed
  62 0022 5DF804FB 		ldr	pc, [sp], #4
  63              	.L4:
  64 0026 00BF     		.align	2
  65              	.L3:
  66 0028 00000000 		.word	ssd1306_i2c
ARM GAS  /tmp/ccEAwcSO.s 			page 3


  67              		.cfi_endproc
  68              	.LFE65:
  70              		.section	.text.SSD1306_UpdateScreen,"ax",%progbits
  71              		.align	1
  72              		.global	SSD1306_UpdateScreen
  73              		.syntax unified
  74              		.thumb
  75              		.thumb_func
  77              	SSD1306_UpdateScreen:
  78              	.LFB67:
  50:Core/Src/ssd1306.c **** 
  51:Core/Src/ssd1306.c **** HAL_StatusTypeDef SSD1306_Init(I2C_HandleTypeDef *hi2c)
  52:Core/Src/ssd1306.c **** {
  53:Core/Src/ssd1306.c ****   static const uint8_t init_commands[] =
  54:Core/Src/ssd1306.c ****   {
  55:Core/Src/ssd1306.c ****     0xAE, 0x20, 0x00, 0xB0, 0xC8, 0x00, 0x10, 0x40,
  56:Core/Src/ssd1306.c ****     0x81, 0x7F, 0xA1, 0xA6, 0xA8, 0x3F, 0xA4, 0xD3,
  57:Core/Src/ssd1306.c ****     0x00, 0xD5, 0x80, 0xD9, 0xF1, 0xDA, 0x12, 0xDB,
  58:Core/Src/ssd1306.c ****     0x40, 0x8D, 0x14, 0xAF
  59:Core/Src/ssd1306.c ****   };
  60:Core/Src/ssd1306.c ****   HAL_StatusTypeDef status;
  61:Core/Src/ssd1306.c **** 
  62:Core/Src/ssd1306.c ****   if (hi2c == NULL)
  63:Core/Src/ssd1306.c ****   {
  64:Core/Src/ssd1306.c ****     return HAL_ERROR;
  65:Core/Src/ssd1306.c ****   }
  66:Core/Src/ssd1306.c **** 
  67:Core/Src/ssd1306.c ****   ssd1306_i2c = hi2c;
  68:Core/Src/ssd1306.c ****   status = HAL_I2C_IsDeviceReady(ssd1306_i2c, SSD1306_I2C_ADDR, 2,
  69:Core/Src/ssd1306.c ****                                  SSD1306_I2C_TIMEOUT);
  70:Core/Src/ssd1306.c ****   if (status != HAL_OK)
  71:Core/Src/ssd1306.c ****   {
  72:Core/Src/ssd1306.c ****     return status;
  73:Core/Src/ssd1306.c ****   }
  74:Core/Src/ssd1306.c **** 
  75:Core/Src/ssd1306.c ****   for (uint32_t index = 0; index < sizeof(init_commands); index++)
  76:Core/Src/ssd1306.c ****   {
  77:Core/Src/ssd1306.c ****     status = ssd1306_send_command(init_commands[index]);
  78:Core/Src/ssd1306.c ****     if (status != HAL_OK)
  79:Core/Src/ssd1306.c ****     {
  80:Core/Src/ssd1306.c ****       return status;
  81:Core/Src/ssd1306.c ****     }
  82:Core/Src/ssd1306.c ****   }
  83:Core/Src/ssd1306.c **** 
  84:Core/Src/ssd1306.c ****   SSD1306_Fill(SSD1306_COLOR_BLACK);
  85:Core/Src/ssd1306.c ****   cursor_x = 0;
  86:Core/Src/ssd1306.c ****   cursor_y = 0;
  87:Core/Src/ssd1306.c ****   return SSD1306_UpdateScreen();
  88:Core/Src/ssd1306.c **** }
  89:Core/Src/ssd1306.c **** 
  90:Core/Src/ssd1306.c **** HAL_StatusTypeDef SSD1306_UpdateScreen(void)
  91:Core/Src/ssd1306.c **** {
  79              		.loc 1 91 1 is_stmt 1 view -0
  80              		.cfi_startproc
  81              		@ args = 0, pretend = 0, frame = 136
  82              		@ frame_needed = 0, uses_anonymous_args = 0
  92:Core/Src/ssd1306.c ****   uint8_t data[SSD1306_WIDTH + 1U];
ARM GAS  /tmp/ccEAwcSO.s 			page 4


  83              		.loc 1 92 3 view .LVU9
  93:Core/Src/ssd1306.c **** 
  94:Core/Src/ssd1306.c ****   if (ssd1306_i2c == NULL)
  84              		.loc 1 94 3 view .LVU10
  85              		.loc 1 94 19 is_stmt 0 view .LVU11
  86 0000 204B     		ldr	r3, .L20
  87 0002 1B68     		ldr	r3, [r3]
  88              		.loc 1 94 6 view .LVU12
  89 0004 002B     		cmp	r3, #0
  90 0006 38D0     		beq	.L12
  91:Core/Src/ssd1306.c ****   uint8_t data[SSD1306_WIDTH + 1U];
  91              		.loc 1 91 1 view .LVU13
  92 0008 10B5     		push	{r4, lr}
  93              	.LCFI3:
  94              		.cfi_def_cfa_offset 8
  95              		.cfi_offset 4, -8
  96              		.cfi_offset 14, -4
  97 000a A4B0     		sub	sp, sp, #144
  98              	.LCFI4:
  99              		.cfi_def_cfa_offset 152
  95:Core/Src/ssd1306.c ****   {
  96:Core/Src/ssd1306.c ****     return HAL_ERROR;
  97:Core/Src/ssd1306.c ****   }
  98:Core/Src/ssd1306.c **** 
  99:Core/Src/ssd1306.c ****   data[0] = SSD1306_CONTROL_DATA;
 100              		.loc 1 99 3 is_stmt 1 view .LVU14
 101              		.loc 1 99 11 is_stmt 0 view .LVU15
 102 000c 4023     		movs	r3, #64
 103 000e 8DF80C30 		strb	r3, [sp, #12]
 100:Core/Src/ssd1306.c ****   for (uint8_t page = 0; page < SSD1306_HEIGHT / 8U; page++)
 104              		.loc 1 100 3 is_stmt 1 view .LVU16
 105              	.LBB2:
 106              		.loc 1 100 8 view .LVU17
 107              	.LVL3:
 108              		.loc 1 100 16 is_stmt 0 view .LVU18
 109 0012 0024     		movs	r4, #0
 110              		.loc 1 100 3 view .LVU19
 111 0014 1AE0     		b	.L7
 112              	.LVL4:
 113              	.L8:
 101:Core/Src/ssd1306.c ****   {
 102:Core/Src/ssd1306.c ****     if (ssd1306_send_command(0xB0U + page) != HAL_OK ||
 103:Core/Src/ssd1306.c ****         ssd1306_send_command(0x00U) != HAL_OK ||
 104:Core/Src/ssd1306.c ****         ssd1306_send_command(0x10U) != HAL_OK)
 105:Core/Src/ssd1306.c ****     {
 106:Core/Src/ssd1306.c ****       return HAL_ERROR;
 114              		.loc 1 106 7 is_stmt 1 view .LVU20
 115              		.loc 1 106 14 is_stmt 0 view .LVU21
 116 0016 0120     		movs	r0, #1
 117 0018 2DE0     		b	.L6
 118              	.LVL5:
 119              	.L10:
 120              	.LBB3:
 107:Core/Src/ssd1306.c ****     }
 108:Core/Src/ssd1306.c **** 
 109:Core/Src/ssd1306.c ****     for (uint16_t column = 0; column < SSD1306_WIDTH; column++)
 110:Core/Src/ssd1306.c ****     {
ARM GAS  /tmp/ccEAwcSO.s 			page 5


 111:Core/Src/ssd1306.c ****       data[column + 1U] = ssd1306_buffer[(page * SSD1306_WIDTH) + column];
 121              		.loc 1 111 7 is_stmt 1 view .LVU22
 122              		.loc 1 111 65 is_stmt 0 view .LVU23
 123 001a 03EBC412 		add	r2, r3, r4, lsl #7
 124              		.loc 1 111 41 view .LVU24
 125 001e 1A49     		ldr	r1, .L20+4
 126 0020 895C     		ldrb	r1, [r1, r2]	@ zero_extendqisi2
 127              		.loc 1 111 25 view .LVU25
 128 0022 03F19102 		add	r2, r3, #145
 129              		.loc 1 111 19 view .LVU26
 130 0026 0133     		adds	r3, r3, #1
 131              	.LVL6:
 132              		.loc 1 111 25 view .LVU27
 133 0028 6A44     		add	r2, sp, r2
 134 002a 02F8841C 		strb	r1, [r2, #-132]
 109:Core/Src/ssd1306.c ****     {
 135              		.loc 1 109 61 is_stmt 1 discriminator 3 view .LVU28
 136 002e 9BB2     		uxth	r3, r3
 137              	.LVL7:
 138              	.L9:
 109:Core/Src/ssd1306.c ****     {
 139              		.loc 1 109 38 discriminator 1 view .LVU29
 140 0030 7F2B     		cmp	r3, #127
 141 0032 F2D9     		bls	.L10
 142              	.LBE3:
 112:Core/Src/ssd1306.c ****     }
 113:Core/Src/ssd1306.c ****     if (HAL_I2C_Master_Transmit(ssd1306_i2c, SSD1306_I2C_ADDR, data,
 143              		.loc 1 113 5 view .LVU30
 144              		.loc 1 113 9 is_stmt 0 view .LVU31
 145 0034 6423     		movs	r3, #100
 146              	.LVL8:
 147              		.loc 1 113 9 view .LVU32
 148 0036 0093     		str	r3, [sp]
 149 0038 8123     		movs	r3, #129
 150 003a 03AA     		add	r2, sp, #12
 151 003c 7821     		movs	r1, #120
 152 003e 1148     		ldr	r0, .L20
 153 0040 0068     		ldr	r0, [r0]
 154 0042 FFF7FEFF 		bl	HAL_I2C_Master_Transmit
 155              	.LVL9:
 156              		.loc 1 113 8 discriminator 1 view .LVU33
 157 0046 D0B9     		cbnz	r0, .L14
 100:Core/Src/ssd1306.c ****   {
 158              		.loc 1 100 58 is_stmt 1 discriminator 2 view .LVU34
 159 0048 0134     		adds	r4, r4, #1
 160              	.LVL10:
 100:Core/Src/ssd1306.c ****   {
 161              		.loc 1 100 58 is_stmt 0 discriminator 2 view .LVU35
 162 004a E4B2     		uxtb	r4, r4
 163              	.LVL11:
 164              	.L7:
 100:Core/Src/ssd1306.c ****   {
 165              		.loc 1 100 31 is_stmt 1 discriminator 1 view .LVU36
 166 004c 072C     		cmp	r4, #7
 167 004e 11D8     		bhi	.L19
 102:Core/Src/ssd1306.c ****         ssd1306_send_command(0x00U) != HAL_OK ||
 168              		.loc 1 102 5 view .LVU37
ARM GAS  /tmp/ccEAwcSO.s 			page 6


 102:Core/Src/ssd1306.c ****         ssd1306_send_command(0x00U) != HAL_OK ||
 169              		.loc 1 102 9 is_stmt 0 view .LVU38
 170 0050 A4F15000 		sub	r0, r4, #80
 171 0054 C0B2     		uxtb	r0, r0
 172 0056 FFF7FEFF 		bl	ssd1306_send_command
 173              	.LVL12:
 102:Core/Src/ssd1306.c ****         ssd1306_send_command(0x00U) != HAL_OK ||
 174              		.loc 1 102 8 discriminator 1 view .LVU39
 175 005a 0028     		cmp	r0, #0
 176 005c DBD1     		bne	.L8
 103:Core/Src/ssd1306.c ****         ssd1306_send_command(0x10U) != HAL_OK)
 177              		.loc 1 103 9 view .LVU40
 178 005e FFF7FEFF 		bl	ssd1306_send_command
 179              	.LVL13:
 102:Core/Src/ssd1306.c ****         ssd1306_send_command(0x00U) != HAL_OK ||
 180              		.loc 1 102 54 discriminator 1 view .LVU41
 181 0062 0028     		cmp	r0, #0
 182 0064 D7D1     		bne	.L8
 104:Core/Src/ssd1306.c ****     {
 183              		.loc 1 104 9 view .LVU42
 184 0066 1020     		movs	r0, #16
 185 0068 FFF7FEFF 		bl	ssd1306_send_command
 186              	.LVL14:
 103:Core/Src/ssd1306.c ****         ssd1306_send_command(0x10U) != HAL_OK)
 187              		.loc 1 103 47 view .LVU43
 188 006c 0028     		cmp	r0, #0
 189 006e D2D1     		bne	.L8
 190              	.LBB4:
 109:Core/Src/ssd1306.c ****     {
 191              		.loc 1 109 19 view .LVU44
 192 0070 0023     		movs	r3, #0
 193 0072 DDE7     		b	.L9
 194              	.L19:
 195              	.LBE4:
 196              	.LBE2:
 114:Core/Src/ssd1306.c ****                                sizeof(data), SSD1306_I2C_TIMEOUT) != HAL_OK)
 115:Core/Src/ssd1306.c ****     {
 116:Core/Src/ssd1306.c ****       return HAL_ERROR;
 117:Core/Src/ssd1306.c ****     }
 118:Core/Src/ssd1306.c ****   }
 119:Core/Src/ssd1306.c **** 
 120:Core/Src/ssd1306.c ****   return HAL_OK;
 197              		.loc 1 120 10 view .LVU45
 198 0074 0020     		movs	r0, #0
 199              	.L6:
 121:Core/Src/ssd1306.c **** }
 200              		.loc 1 121 1 view .LVU46
 201 0076 24B0     		add	sp, sp, #144
 202              	.LCFI5:
 203              		.cfi_def_cfa_offset 8
 204              		@ sp needed
 205 0078 10BD     		pop	{r4, pc}
 206              	.LVL15:
 207              	.L12:
 208              	.LCFI6:
 209              		.cfi_def_cfa_offset 0
 210              		.cfi_restore 4
ARM GAS  /tmp/ccEAwcSO.s 			page 7


 211              		.cfi_restore 14
  96:Core/Src/ssd1306.c ****   }
 212              		.loc 1 96 12 view .LVU47
 213 007a 0120     		movs	r0, #1
 214              		.loc 1 121 1 view .LVU48
 215 007c 7047     		bx	lr
 216              	.LVL16:
 217              	.L14:
 218              	.LCFI7:
 219              		.cfi_def_cfa_offset 152
 220              		.cfi_offset 4, -8
 221              		.cfi_offset 14, -4
 222              	.LBB5:
 116:Core/Src/ssd1306.c ****     }
 223              		.loc 1 116 14 view .LVU49
 224 007e 0120     		movs	r0, #1
 225 0080 F9E7     		b	.L6
 226              	.L21:
 227 0082 00BF     		.align	2
 228              	.L20:
 229 0084 00000000 		.word	ssd1306_i2c
 230 0088 00000000 		.word	ssd1306_buffer
 231              	.LBE5:
 232              		.cfi_endproc
 233              	.LFE67:
 235              		.section	.text.SSD1306_SetContrast,"ax",%progbits
 236              		.align	1
 237              		.global	SSD1306_SetContrast
 238              		.syntax unified
 239              		.thumb
 240              		.thumb_func
 242              	SSD1306_SetContrast:
 243              	.LVL17:
 244              	.LFB68:
 122:Core/Src/ssd1306.c **** 
 123:Core/Src/ssd1306.c **** HAL_StatusTypeDef SSD1306_SetContrast(uint8_t contrast)
 124:Core/Src/ssd1306.c **** {
 245              		.loc 1 124 1 is_stmt 1 view -0
 246              		.cfi_startproc
 247              		@ args = 0, pretend = 0, frame = 0
 248              		@ frame_needed = 0, uses_anonymous_args = 0
 249              		.loc 1 124 1 is_stmt 0 view .LVU51
 250 0000 10B5     		push	{r4, lr}
 251              	.LCFI8:
 252              		.cfi_def_cfa_offset 8
 253              		.cfi_offset 4, -8
 254              		.cfi_offset 14, -4
 255 0002 0446     		mov	r4, r0
 125:Core/Src/ssd1306.c ****   HAL_StatusTypeDef status = ssd1306_send_command(0x81U);
 256              		.loc 1 125 3 is_stmt 1 view .LVU52
 257              		.loc 1 125 30 is_stmt 0 view .LVU53
 258 0004 8120     		movs	r0, #129
 259              	.LVL18:
 260              		.loc 1 125 30 view .LVU54
 261 0006 FFF7FEFF 		bl	ssd1306_send_command
 262              	.LVL19:
 126:Core/Src/ssd1306.c ****   if (status == HAL_OK)
ARM GAS  /tmp/ccEAwcSO.s 			page 8


 263              		.loc 1 126 3 is_stmt 1 view .LVU55
 264              		.loc 1 126 6 is_stmt 0 view .LVU56
 265 000a 00B1     		cbz	r0, .L25
 266              	.L23:
 267              	.LVL20:
 127:Core/Src/ssd1306.c ****   {
 128:Core/Src/ssd1306.c ****     status = ssd1306_send_command(contrast);
 129:Core/Src/ssd1306.c ****   }
 130:Core/Src/ssd1306.c ****   return status;
 268              		.loc 1 130 3 is_stmt 1 view .LVU57
 131:Core/Src/ssd1306.c **** }
 269              		.loc 1 131 1 is_stmt 0 view .LVU58
 270 000c 10BD     		pop	{r4, pc}
 271              	.LVL21:
 272              	.L25:
 128:Core/Src/ssd1306.c ****   }
 273              		.loc 1 128 5 is_stmt 1 view .LVU59
 128:Core/Src/ssd1306.c ****   }
 274              		.loc 1 128 14 is_stmt 0 view .LVU60
 275 000e 2046     		mov	r0, r4
 276 0010 FFF7FEFF 		bl	ssd1306_send_command
 277              	.LVL22:
 128:Core/Src/ssd1306.c ****   }
 278              		.loc 1 128 14 view .LVU61
 279 0014 FAE7     		b	.L23
 280              		.cfi_endproc
 281              	.LFE68:
 283              		.section	.text.SSD1306_Fill,"ax",%progbits
 284              		.align	1
 285              		.global	SSD1306_Fill
 286              		.syntax unified
 287              		.thumb
 288              		.thumb_func
 290              	SSD1306_Fill:
 291              	.LVL23:
 292              	.LFB69:
 132:Core/Src/ssd1306.c **** 
 133:Core/Src/ssd1306.c **** void SSD1306_Fill(SSD1306_Color color)
 134:Core/Src/ssd1306.c **** {
 293              		.loc 1 134 1 is_stmt 1 view -0
 294              		.cfi_startproc
 295              		@ args = 0, pretend = 0, frame = 0
 296              		@ frame_needed = 0, uses_anonymous_args = 0
 297              		@ link register save eliminated.
 135:Core/Src/ssd1306.c ****   uint8_t value = (color == SSD1306_COLOR_BLACK) ? 0x00U : 0xFFU;
 298              		.loc 1 135 3 view .LVU63
 299              		.loc 1 135 11 is_stmt 0 view .LVU64
 300 0000 0146     		mov	r1, r0
 301 0002 00B1     		cbz	r0, .L27
 302              		.loc 1 135 11 discriminator 2 view .LVU65
 303 0004 FF21     		movs	r1, #255
 304              	.L27:
 305              	.LVL24:
 136:Core/Src/ssd1306.c ****   for (uint16_t index = 0; index < sizeof(ssd1306_buffer); index++)
 306              		.loc 1 136 3 is_stmt 1 view .LVU66
 307              	.LBB6:
 308              		.loc 1 136 8 view .LVU67
ARM GAS  /tmp/ccEAwcSO.s 			page 9


 309              		.loc 1 136 17 is_stmt 0 view .LVU68
 310 0006 0023     		movs	r3, #0
 311              		.loc 1 136 3 view .LVU69
 312 0008 03E0     		b	.L28
 313              	.LVL25:
 314              	.L29:
 137:Core/Src/ssd1306.c ****   {
 138:Core/Src/ssd1306.c ****     ssd1306_buffer[index] = value;
 315              		.loc 1 138 5 is_stmt 1 view .LVU70
 316              		.loc 1 138 27 is_stmt 0 view .LVU71
 317 000a 044A     		ldr	r2, .L31
 318 000c D154     		strb	r1, [r2, r3]
 136:Core/Src/ssd1306.c ****   for (uint16_t index = 0; index < sizeof(ssd1306_buffer); index++)
 319              		.loc 1 136 65 is_stmt 1 discriminator 3 view .LVU72
 320 000e 0133     		adds	r3, r3, #1
 321              	.LVL26:
 136:Core/Src/ssd1306.c ****   for (uint16_t index = 0; index < sizeof(ssd1306_buffer); index++)
 322              		.loc 1 136 65 is_stmt 0 discriminator 3 view .LVU73
 323 0010 9BB2     		uxth	r3, r3
 324              	.LVL27:
 325              	.L28:
 136:Core/Src/ssd1306.c ****   for (uint16_t index = 0; index < sizeof(ssd1306_buffer); index++)
 326              		.loc 1 136 34 is_stmt 1 discriminator 1 view .LVU74
 327 0012 B3F5806F 		cmp	r3, #1024
 328 0016 F8D3     		bcc	.L29
 329              	.LBE6:
 139:Core/Src/ssd1306.c ****   }
 140:Core/Src/ssd1306.c **** }
 330              		.loc 1 140 1 is_stmt 0 view .LVU75
 331 0018 7047     		bx	lr
 332              	.L32:
 333 001a 00BF     		.align	2
 334              	.L31:
 335 001c 00000000 		.word	ssd1306_buffer
 336              		.cfi_endproc
 337              	.LFE69:
 339              		.section	.text.SSD1306_Init,"ax",%progbits
 340              		.align	1
 341              		.global	SSD1306_Init
 342              		.syntax unified
 343              		.thumb
 344              		.thumb_func
 346              	SSD1306_Init:
 347              	.LVL28:
 348              	.LFB66:
  52:Core/Src/ssd1306.c ****   static const uint8_t init_commands[] =
 349              		.loc 1 52 1 is_stmt 1 view -0
 350              		.cfi_startproc
 351              		@ args = 0, pretend = 0, frame = 0
 352              		@ frame_needed = 0, uses_anonymous_args = 0
  53:Core/Src/ssd1306.c ****   {
 353              		.loc 1 53 3 view .LVU77
  60:Core/Src/ssd1306.c **** 
 354              		.loc 1 60 3 view .LVU78
  62:Core/Src/ssd1306.c ****   {
 355              		.loc 1 62 3 view .LVU79
  62:Core/Src/ssd1306.c ****   {
ARM GAS  /tmp/ccEAwcSO.s 			page 10


 356              		.loc 1 62 6 is_stmt 0 view .LVU80
 357 0000 18B3     		cbz	r0, .L37
  52:Core/Src/ssd1306.c ****   static const uint8_t init_commands[] =
 358              		.loc 1 52 1 view .LVU81
 359 0002 10B5     		push	{r4, lr}
 360              	.LCFI9:
 361              		.cfi_def_cfa_offset 8
 362              		.cfi_offset 4, -8
 363              		.cfi_offset 14, -4
  67:Core/Src/ssd1306.c ****   status = HAL_I2C_IsDeviceReady(ssd1306_i2c, SSD1306_I2C_ADDR, 2,
 364              		.loc 1 67 3 is_stmt 1 view .LVU82
  67:Core/Src/ssd1306.c ****   status = HAL_I2C_IsDeviceReady(ssd1306_i2c, SSD1306_I2C_ADDR, 2,
 365              		.loc 1 67 15 is_stmt 0 view .LVU83
 366 0004 124B     		ldr	r3, .L44
 367 0006 1860     		str	r0, [r3]
  68:Core/Src/ssd1306.c ****                                  SSD1306_I2C_TIMEOUT);
 368              		.loc 1 68 3 is_stmt 1 view .LVU84
  68:Core/Src/ssd1306.c ****                                  SSD1306_I2C_TIMEOUT);
 369              		.loc 1 68 12 is_stmt 0 view .LVU85
 370 0008 6423     		movs	r3, #100
 371 000a 0222     		movs	r2, #2
 372 000c 7821     		movs	r1, #120
 373 000e FFF7FEFF 		bl	HAL_I2C_IsDeviceReady
 374              	.LVL29:
  70:Core/Src/ssd1306.c ****   {
 375              		.loc 1 70 3 is_stmt 1 view .LVU86
  70:Core/Src/ssd1306.c ****   {
 376              		.loc 1 70 6 is_stmt 0 view .LVU87
 377 0012 0346     		mov	r3, r0
 378 0014 58B9     		cbnz	r0, .L34
 379              	.LBB7:
  75:Core/Src/ssd1306.c ****   {
 380              		.loc 1 75 17 view .LVU88
 381 0016 0024     		movs	r4, #0
 382 0018 00E0     		b	.L35
 383              	.LVL30:
 384              	.L43:
  75:Core/Src/ssd1306.c ****   {
 385              		.loc 1 75 64 is_stmt 1 discriminator 2 view .LVU89
 386 001a 0134     		adds	r4, r4, #1
 387              	.LVL31:
 388              	.L35:
  75:Core/Src/ssd1306.c ****   {
 389              		.loc 1 75 34 discriminator 1 view .LVU90
 390 001c 1B2C     		cmp	r4, #27
 391 001e 08D8     		bhi	.L42
  77:Core/Src/ssd1306.c ****     if (status != HAL_OK)
 392              		.loc 1 77 5 view .LVU91
  77:Core/Src/ssd1306.c ****     if (status != HAL_OK)
 393              		.loc 1 77 14 is_stmt 0 view .LVU92
 394 0020 0C4B     		ldr	r3, .L44+4
 395 0022 185D     		ldrb	r0, [r3, r4]	@ zero_extendqisi2
 396              	.LVL32:
  77:Core/Src/ssd1306.c ****     if (status != HAL_OK)
 397              		.loc 1 77 14 view .LVU93
 398 0024 FFF7FEFF 		bl	ssd1306_send_command
 399              	.LVL33:
ARM GAS  /tmp/ccEAwcSO.s 			page 11


  78:Core/Src/ssd1306.c ****     {
 400              		.loc 1 78 5 is_stmt 1 view .LVU94
  78:Core/Src/ssd1306.c ****     {
 401              		.loc 1 78 8 is_stmt 0 view .LVU95
 402 0028 0346     		mov	r3, r0
 403 002a 0028     		cmp	r0, #0
 404 002c F5D0     		beq	.L43
 405              	.LVL34:
 406              	.L34:
  78:Core/Src/ssd1306.c ****     {
 407              		.loc 1 78 8 view .LVU96
 408              	.LBE7:
  88:Core/Src/ssd1306.c **** 
 409              		.loc 1 88 1 view .LVU97
 410 002e 1846     		mov	r0, r3
 411 0030 10BD     		pop	{r4, pc}
 412              	.LVL35:
 413              	.L42:
  84:Core/Src/ssd1306.c ****   cursor_x = 0;
 414              		.loc 1 84 3 is_stmt 1 view .LVU98
 415 0032 0020     		movs	r0, #0
 416              	.LVL36:
  84:Core/Src/ssd1306.c ****   cursor_x = 0;
 417              		.loc 1 84 3 is_stmt 0 view .LVU99
 418 0034 FFF7FEFF 		bl	SSD1306_Fill
 419              	.LVL37:
  85:Core/Src/ssd1306.c ****   cursor_y = 0;
 420              		.loc 1 85 3 is_stmt 1 view .LVU100
  85:Core/Src/ssd1306.c ****   cursor_y = 0;
 421              		.loc 1 85 12 is_stmt 0 view .LVU101
 422 0038 0023     		movs	r3, #0
 423 003a 074A     		ldr	r2, .L44+8
 424 003c 1370     		strb	r3, [r2]
  86:Core/Src/ssd1306.c ****   return SSD1306_UpdateScreen();
 425              		.loc 1 86 3 is_stmt 1 view .LVU102
  86:Core/Src/ssd1306.c ****   return SSD1306_UpdateScreen();
 426              		.loc 1 86 12 is_stmt 0 view .LVU103
 427 003e 074A     		ldr	r2, .L44+12
 428 0040 1370     		strb	r3, [r2]
  87:Core/Src/ssd1306.c **** }
 429              		.loc 1 87 3 is_stmt 1 view .LVU104
  87:Core/Src/ssd1306.c **** }
 430              		.loc 1 87 10 is_stmt 0 view .LVU105
 431 0042 FFF7FEFF 		bl	SSD1306_UpdateScreen
 432              	.LVL38:
 433 0046 0346     		mov	r3, r0
 434 0048 F1E7     		b	.L34
 435              	.LVL39:
 436              	.L37:
 437              	.LCFI10:
 438              		.cfi_def_cfa_offset 0
 439              		.cfi_restore 4
 440              		.cfi_restore 14
  64:Core/Src/ssd1306.c ****   }
 441              		.loc 1 64 12 view .LVU106
 442 004a 0123     		movs	r3, #1
  88:Core/Src/ssd1306.c **** 
ARM GAS  /tmp/ccEAwcSO.s 			page 12


 443              		.loc 1 88 1 view .LVU107
 444 004c 1846     		mov	r0, r3
 445              	.LVL40:
  88:Core/Src/ssd1306.c **** 
 446              		.loc 1 88 1 view .LVU108
 447 004e 7047     		bx	lr
 448              	.L45:
 449              		.align	2
 450              	.L44:
 451 0050 00000000 		.word	ssd1306_i2c
 452 0054 00000000 		.word	init_commands.0
 453 0058 00000000 		.word	cursor_x
 454 005c 00000000 		.word	cursor_y
 455              		.cfi_endproc
 456              	.LFE66:
 458              		.section	.text.SSD1306_DrawPixel,"ax",%progbits
 459              		.align	1
 460              		.global	SSD1306_DrawPixel
 461              		.syntax unified
 462              		.thumb
 463              		.thumb_func
 465              	SSD1306_DrawPixel:
 466              	.LVL41:
 467              	.LFB70:
 141:Core/Src/ssd1306.c **** 
 142:Core/Src/ssd1306.c **** void SSD1306_DrawPixel(uint8_t x, uint8_t y, SSD1306_Color color)
 143:Core/Src/ssd1306.c **** {
 468              		.loc 1 143 1 is_stmt 1 view -0
 469              		.cfi_startproc
 470              		@ args = 0, pretend = 0, frame = 0
 471              		@ frame_needed = 0, uses_anonymous_args = 0
 472              		@ link register save eliminated.
 144:Core/Src/ssd1306.c ****   if (x >= SSD1306_WIDTH || y >= SSD1306_HEIGHT)
 473              		.loc 1 144 3 view .LVU110
 474              		.loc 1 144 6 is_stmt 0 view .LVU111
 475 0000 10F0800F 		tst	r0, #128
 476 0004 1FD1     		bne	.L50
 477              		.loc 1 144 26 discriminator 1 view .LVU112
 478 0006 3F29     		cmp	r1, #63
 479 0008 1DD8     		bhi	.L50
 143:Core/Src/ssd1306.c ****   if (x >= SSD1306_WIDTH || y >= SSD1306_HEIGHT)
 480              		.loc 1 143 1 view .LVU113
 481 000a 10B4     		push	{r4}
 482              	.LCFI11:
 483              		.cfi_def_cfa_offset 4
 484              		.cfi_offset 4, -4
 145:Core/Src/ssd1306.c ****   {
 146:Core/Src/ssd1306.c ****     return;
 147:Core/Src/ssd1306.c ****   }
 148:Core/Src/ssd1306.c **** 
 149:Core/Src/ssd1306.c ****   if (color == SSD1306_COLOR_WHITE)
 485              		.loc 1 149 3 is_stmt 1 view .LVU114
 486              		.loc 1 149 6 is_stmt 0 view .LVU115
 487 000c 012A     		cmp	r2, #1
 488 000e 0DD0     		beq	.L53
 150:Core/Src/ssd1306.c ****   {
 151:Core/Src/ssd1306.c ****     ssd1306_buffer[x + (y / 8U) * SSD1306_WIDTH] |= (uint8_t)(1U << (y % 8U));
ARM GAS  /tmp/ccEAwcSO.s 			page 13


 152:Core/Src/ssd1306.c ****   }
 153:Core/Src/ssd1306.c ****   else
 154:Core/Src/ssd1306.c ****   {
 155:Core/Src/ssd1306.c ****     ssd1306_buffer[x + (y / 8U) * SSD1306_WIDTH] &= (uint8_t)~(1U << (y % 8U));
 489              		.loc 1 155 5 is_stmt 1 view .LVU116
 490              		.loc 1 155 19 is_stmt 0 view .LVU117
 491 0010 CB08     		lsrs	r3, r1, #3
 492 0012 00EBC310 		add	r0, r0, r3, lsl #7
 493              	.LVL42:
 494              		.loc 1 155 19 view .LVU118
 495 0016 0C4C     		ldr	r4, .L54
 496 0018 235C     		ldrb	r3, [r4, r0]	@ zero_extendqisi2
 497              		.loc 1 155 73 view .LVU119
 498 001a 01F00701 		and	r1, r1, #7
 499              	.LVL43:
 500              		.loc 1 155 67 view .LVU120
 501 001e 0122     		movs	r2, #1
 502              	.LVL44:
 503              		.loc 1 155 67 view .LVU121
 504 0020 8A40     		lsls	r2, r2, r1
 505              		.loc 1 155 50 view .LVU122
 506 0022 23EA0203 		bic	r3, r3, r2
 507 0026 2354     		strb	r3, [r4, r0]
 508              	.L46:
 156:Core/Src/ssd1306.c ****   }
 157:Core/Src/ssd1306.c **** }
 509              		.loc 1 157 1 view .LVU123
 510 0028 10BC     		pop	{r4}
 511              	.LCFI12:
 512              		.cfi_remember_state
 513              		.cfi_restore 4
 514              		.cfi_def_cfa_offset 0
 515 002a 7047     		bx	lr
 516              	.LVL45:
 517              	.L53:
 518              	.LCFI13:
 519              		.cfi_restore_state
 151:Core/Src/ssd1306.c ****   }
 520              		.loc 1 151 5 is_stmt 1 view .LVU124
 151:Core/Src/ssd1306.c ****   }
 521              		.loc 1 151 19 is_stmt 0 view .LVU125
 522 002c CB08     		lsrs	r3, r1, #3
 523 002e 00EBC310 		add	r0, r0, r3, lsl #7
 524              	.LVL46:
 151:Core/Src/ssd1306.c ****   }
 525              		.loc 1 151 19 view .LVU126
 526 0032 054C     		ldr	r4, .L54
 527 0034 225C     		ldrb	r2, [r4, r0]	@ zero_extendqisi2
 528              	.LVL47:
 151:Core/Src/ssd1306.c ****   }
 529              		.loc 1 151 72 view .LVU127
 530 0036 01F00701 		and	r1, r1, #7
 531              	.LVL48:
 151:Core/Src/ssd1306.c ****   }
 532              		.loc 1 151 66 view .LVU128
 533 003a 0123     		movs	r3, #1
 534 003c 8B40     		lsls	r3, r3, r1
ARM GAS  /tmp/ccEAwcSO.s 			page 14


 151:Core/Src/ssd1306.c ****   }
 535              		.loc 1 151 53 view .LVU129
 536 003e DBB2     		uxtb	r3, r3
 151:Core/Src/ssd1306.c ****   }
 537              		.loc 1 151 50 view .LVU130
 538 0040 1343     		orrs	r3, r3, r2
 539 0042 2354     		strb	r3, [r4, r0]
 540 0044 F0E7     		b	.L46
 541              	.LVL49:
 542              	.L50:
 543              	.LCFI14:
 544              		.cfi_def_cfa_offset 0
 545              		.cfi_restore 4
 151:Core/Src/ssd1306.c ****   }
 546              		.loc 1 151 50 view .LVU131
 547 0046 7047     		bx	lr
 548              	.L55:
 549              		.align	2
 550              	.L54:
 551 0048 00000000 		.word	ssd1306_buffer
 552              		.cfi_endproc
 553              	.LFE70:
 555              		.section	.text.SSD1306_SetCursor,"ax",%progbits
 556              		.align	1
 557              		.global	SSD1306_SetCursor
 558              		.syntax unified
 559              		.thumb
 560              		.thumb_func
 562              	SSD1306_SetCursor:
 563              	.LVL50:
 564              	.LFB71:
 158:Core/Src/ssd1306.c **** 
 159:Core/Src/ssd1306.c **** void SSD1306_SetCursor(uint8_t x, uint8_t y)
 160:Core/Src/ssd1306.c **** {
 565              		.loc 1 160 1 is_stmt 1 view -0
 566              		.cfi_startproc
 567              		@ args = 0, pretend = 0, frame = 0
 568              		@ frame_needed = 0, uses_anonymous_args = 0
 569              		@ link register save eliminated.
 161:Core/Src/ssd1306.c ****   cursor_x = x;
 570              		.loc 1 161 3 view .LVU133
 571              		.loc 1 161 12 is_stmt 0 view .LVU134
 572 0000 024B     		ldr	r3, .L57
 573 0002 1870     		strb	r0, [r3]
 162:Core/Src/ssd1306.c ****   cursor_y = y;
 574              		.loc 1 162 3 is_stmt 1 view .LVU135
 575              		.loc 1 162 12 is_stmt 0 view .LVU136
 576 0004 024B     		ldr	r3, .L57+4
 577 0006 1970     		strb	r1, [r3]
 163:Core/Src/ssd1306.c **** }
 578              		.loc 1 163 1 view .LVU137
 579 0008 7047     		bx	lr
 580              	.L58:
 581 000a 00BF     		.align	2
 582              	.L57:
 583 000c 00000000 		.word	cursor_x
 584 0010 00000000 		.word	cursor_y
ARM GAS  /tmp/ccEAwcSO.s 			page 15


 585              		.cfi_endproc
 586              	.LFE71:
 588              		.section	.text.SSD1306_SetTextSize,"ax",%progbits
 589              		.align	1
 590              		.global	SSD1306_SetTextSize
 591              		.syntax unified
 592              		.thumb
 593              		.thumb_func
 595              	SSD1306_SetTextSize:
 596              	.LVL51:
 597              	.LFB72:
 164:Core/Src/ssd1306.c **** 
 165:Core/Src/ssd1306.c **** void SSD1306_SetTextSize(uint8_t size)
 166:Core/Src/ssd1306.c **** {
 598              		.loc 1 166 1 is_stmt 1 view -0
 599              		.cfi_startproc
 600              		@ args = 0, pretend = 0, frame = 0
 601              		@ frame_needed = 0, uses_anonymous_args = 0
 602              		@ link register save eliminated.
 167:Core/Src/ssd1306.c ****   if (size < 1U)
 603              		.loc 1 167 3 view .LVU139
 604              		.loc 1 167 6 is_stmt 0 view .LVU140
 605 0000 0346     		mov	r3, r0
 606 0002 18B1     		cbz	r0, .L61
 168:Core/Src/ssd1306.c ****   {
 169:Core/Src/ssd1306.c ****     size = 1U;
 170:Core/Src/ssd1306.c ****   }
 171:Core/Src/ssd1306.c ****   if (size > 4U)
 607              		.loc 1 171 3 is_stmt 1 view .LVU141
 608              		.loc 1 171 6 is_stmt 0 view .LVU142
 609 0004 0428     		cmp	r0, #4
 610 0006 02D9     		bls	.L60
 172:Core/Src/ssd1306.c ****   {
 173:Core/Src/ssd1306.c ****     size = 4U;
 611              		.loc 1 173 10 view .LVU143
 612 0008 0423     		movs	r3, #4
 613 000a 00E0     		b	.L60
 614              	.L61:
 169:Core/Src/ssd1306.c ****   }
 615              		.loc 1 169 10 view .LVU144
 616 000c 0123     		movs	r3, #1
 617              	.L60:
 618              	.LVL52:
 174:Core/Src/ssd1306.c ****   }
 175:Core/Src/ssd1306.c ****   text_size = size;
 619              		.loc 1 175 3 is_stmt 1 view .LVU145
 620              		.loc 1 175 13 is_stmt 0 view .LVU146
 621 000e 014A     		ldr	r2, .L63
 622 0010 1370     		strb	r3, [r2]
 176:Core/Src/ssd1306.c **** }
 623              		.loc 1 176 1 view .LVU147
 624 0012 7047     		bx	lr
 625              	.L64:
 626              		.align	2
 627              	.L63:
 628 0014 00000000 		.word	text_size
 629              		.cfi_endproc
ARM GAS  /tmp/ccEAwcSO.s 			page 16


 630              	.LFE72:
 632              		.section	.text.SSD1306_WriteChar,"ax",%progbits
 633              		.align	1
 634              		.global	SSD1306_WriteChar
 635              		.syntax unified
 636              		.thumb
 637              		.thumb_func
 639              	SSD1306_WriteChar:
 640              	.LVL53:
 641              	.LFB73:
 177:Core/Src/ssd1306.c **** 
 178:Core/Src/ssd1306.c **** char SSD1306_WriteChar(char character)
 179:Core/Src/ssd1306.c **** {
 642              		.loc 1 179 1 is_stmt 1 view -0
 643              		.cfi_startproc
 644              		@ args = 0, pretend = 0, frame = 0
 645              		@ frame_needed = 0, uses_anonymous_args = 0
 646              		.loc 1 179 1 is_stmt 0 view .LVU149
 647 0000 2DE9F047 		push	{r4, r5, r6, r7, r8, r9, r10, lr}
 648              	.LCFI15:
 649              		.cfi_def_cfa_offset 32
 650              		.cfi_offset 4, -32
 651              		.cfi_offset 5, -28
 652              		.cfi_offset 6, -24
 653              		.cfi_offset 7, -20
 654              		.cfi_offset 8, -16
 655              		.cfi_offset 9, -12
 656              		.cfi_offset 10, -8
 657              		.cfi_offset 14, -4
 658 0004 8246     		mov	r10, r0
 180:Core/Src/ssd1306.c ****   const uint8_t *glyph = NULL;
 659              		.loc 1 180 3 is_stmt 1 view .LVU150
 660              	.LVL54:
 181:Core/Src/ssd1306.c **** 
 182:Core/Src/ssd1306.c ****   if (character >= '0' && character <= '9')
 661              		.loc 1 182 3 view .LVU151
 662              		.loc 1 182 24 is_stmt 0 view .LVU152
 663 0006 A0F13003 		sub	r3, r0, #48
 664 000a DBB2     		uxtb	r3, r3
 665              		.loc 1 182 6 view .LVU153
 666 000c 092B     		cmp	r3, #9
 667 000e 34D8     		bhi	.L66
 183:Core/Src/ssd1306.c ****   {
 184:Core/Src/ssd1306.c ****     glyph = font_digits[(uint8_t)character - (uint8_t)'0'];
 668              		.loc 1 184 5 is_stmt 1 view .LVU154
 669              		.loc 1 184 44 is_stmt 0 view .LVU155
 670 0010 A0F13009 		sub	r9, r0, #48
 671              		.loc 1 184 11 view .LVU156
 672 0014 09EB8909 		add	r9, r9, r9, lsl #2
 673 0018 594B     		ldr	r3, .L92
 674 001a 9944     		add	r9, r9, r3
 675              	.LVL55:
 676              	.L67:
 185:Core/Src/ssd1306.c ****   }
 186:Core/Src/ssd1306.c ****   else if (character >= 'a' && character <= 'z')
 187:Core/Src/ssd1306.c ****   {
 188:Core/Src/ssd1306.c ****     character = (char)(character - ('a' - 'A'));
ARM GAS  /tmp/ccEAwcSO.s 			page 17


 189:Core/Src/ssd1306.c ****   }
 190:Core/Src/ssd1306.c ****   if (character >= 'A' && character <= 'Z')
 677              		.loc 1 190 3 is_stmt 1 view .LVU157
 678              		.loc 1 190 24 is_stmt 0 view .LVU158
 679 001c AAF14103 		sub	r3, r10, #65
 680 0020 DBB2     		uxtb	r3, r3
 681              		.loc 1 190 6 view .LVU159
 682 0022 192B     		cmp	r3, #25
 683 0024 38D8     		bhi	.L68
 191:Core/Src/ssd1306.c ****   {
 192:Core/Src/ssd1306.c ****     glyph = font_upper[(uint8_t)character - (uint8_t)'A'];
 684              		.loc 1 192 5 is_stmt 1 view .LVU160
 685              		.loc 1 192 43 is_stmt 0 view .LVU161
 686 0026 AAF14109 		sub	r9, r10, #65
 687              	.LVL56:
 688              		.loc 1 192 11 view .LVU162
 689 002a 09EB8909 		add	r9, r9, r9, lsl #2
 690 002e 554B     		ldr	r3, .L92+4
 691 0030 9944     		add	r9, r9, r3
 692              	.LVL57:
 693              	.L69:
 193:Core/Src/ssd1306.c ****   }
 194:Core/Src/ssd1306.c ****   else if (character == ':')
 195:Core/Src/ssd1306.c ****   {
 196:Core/Src/ssd1306.c ****     glyph = font_colon;
 197:Core/Src/ssd1306.c ****   }
 198:Core/Src/ssd1306.c **** 
 199:Core/Src/ssd1306.c ****   if (character == ' ')
 694              		.loc 1 199 3 is_stmt 1 view .LVU163
 695              		.loc 1 199 6 is_stmt 0 view .LVU164
 696 0032 BAF1200F 		cmp	r10, #32
 697 0036 35D0     		beq	.L88
 698              	.LVL58:
 699              	.L70:
 200:Core/Src/ssd1306.c ****   {
 201:Core/Src/ssd1306.c ****     if (cursor_x + (SSD1306_CHAR_WIDTH * text_size) > SSD1306_WIDTH)
 202:Core/Src/ssd1306.c ****     {
 203:Core/Src/ssd1306.c ****       cursor_x = 0;
 204:Core/Src/ssd1306.c ****       cursor_y += SSD1306_CHAR_HEIGHT * text_size;
 205:Core/Src/ssd1306.c ****     }
 206:Core/Src/ssd1306.c ****     if (cursor_y + (SSD1306_CHAR_HEIGHT * text_size) > SSD1306_HEIGHT)
 207:Core/Src/ssd1306.c ****     {
 208:Core/Src/ssd1306.c ****       return 0;
 209:Core/Src/ssd1306.c ****     }
 210:Core/Src/ssd1306.c ****     cursor_x += SSD1306_CHAR_WIDTH * text_size;
 211:Core/Src/ssd1306.c ****     return character;
 212:Core/Src/ssd1306.c ****   }
 213:Core/Src/ssd1306.c ****   if (glyph == NULL)
 700              		.loc 1 213 3 is_stmt 1 view .LVU165
 701              		.loc 1 213 6 is_stmt 0 view .LVU166
 702 0038 B9F1000F 		cmp	r9, #0
 703 003c 00F09B80 		beq	.L83
 214:Core/Src/ssd1306.c ****   {
 215:Core/Src/ssd1306.c ****     return 0;
 216:Core/Src/ssd1306.c ****   }
 217:Core/Src/ssd1306.c **** 
 218:Core/Src/ssd1306.c ****   if (cursor_x + (SSD1306_CHAR_WIDTH * text_size) > SSD1306_WIDTH)
ARM GAS  /tmp/ccEAwcSO.s 			page 18


 704              		.loc 1 218 3 is_stmt 1 view .LVU167
 705              		.loc 1 218 38 is_stmt 0 view .LVU168
 706 0040 514B     		ldr	r3, .L92+8
 707 0042 1A78     		ldrb	r2, [r3]	@ zero_extendqisi2
 708 0044 02EB4201 		add	r1, r2, r2, lsl #1
 709              		.loc 1 218 16 view .LVU169
 710 0048 504B     		ldr	r3, .L92+12
 711 004a 1B78     		ldrb	r3, [r3]	@ zero_extendqisi2
 712 004c 03EB4103 		add	r3, r3, r1, lsl #1
 713              		.loc 1 218 6 view .LVU170
 714 0050 802B     		cmp	r3, #128
 715 0052 08D9     		bls	.L73
 219:Core/Src/ssd1306.c ****   {
 220:Core/Src/ssd1306.c ****     cursor_x = 0;
 716              		.loc 1 220 5 is_stmt 1 view .LVU171
 717              		.loc 1 220 14 is_stmt 0 view .LVU172
 718 0054 4D4B     		ldr	r3, .L92+12
 719 0056 0021     		movs	r1, #0
 720 0058 1970     		strb	r1, [r3]
 221:Core/Src/ssd1306.c ****     cursor_y += SSD1306_CHAR_HEIGHT * text_size;
 721              		.loc 1 221 5 is_stmt 1 view .LVU173
 722              		.loc 1 221 37 is_stmt 0 view .LVU174
 723 005a D300     		lsls	r3, r2, #3
 724 005c DBB2     		uxtb	r3, r3
 725              		.loc 1 221 14 view .LVU175
 726 005e 4C49     		ldr	r1, .L92+16
 727 0060 0878     		ldrb	r0, [r1]	@ zero_extendqisi2
 728 0062 0344     		add	r3, r3, r0
 729 0064 0B70     		strb	r3, [r1]
 730              	.L73:
 222:Core/Src/ssd1306.c ****   }
 223:Core/Src/ssd1306.c ****   if (cursor_y + (SSD1306_CHAR_HEIGHT * text_size) > SSD1306_HEIGHT)
 731              		.loc 1 223 3 is_stmt 1 view .LVU176
 732              		.loc 1 223 16 is_stmt 0 view .LVU177
 733 0066 4A4B     		ldr	r3, .L92+16
 734 0068 1B78     		ldrb	r3, [r3]	@ zero_extendqisi2
 735 006a 03EBC203 		add	r3, r3, r2, lsl #3
 736              		.loc 1 223 6 view .LVU178
 737 006e 402B     		cmp	r3, #64
 738 0070 00F28380 		bhi	.L84
 739              	.LBB8:
 224:Core/Src/ssd1306.c ****   {
 225:Core/Src/ssd1306.c ****     return 0;
 226:Core/Src/ssd1306.c ****   }
 227:Core/Src/ssd1306.c **** 
 228:Core/Src/ssd1306.c ****   for (uint8_t column = 0; column < 5U; column++)
 740              		.loc 1 228 16 view .LVU179
 741 0074 4FF00008 		mov	r8, #0
 742 0078 69E0     		b	.L74
 743              	.LVL59:
 744              	.L66:
 745              		.loc 1 228 16 view .LVU180
 746              	.LBE8:
 186:Core/Src/ssd1306.c ****   {
 747              		.loc 1 186 8 is_stmt 1 view .LVU181
 186:Core/Src/ssd1306.c ****   {
 748              		.loc 1 186 29 is_stmt 0 view .LVU182
ARM GAS  /tmp/ccEAwcSO.s 			page 19


 749 007a A0F16103 		sub	r3, r0, #97
 750 007e DBB2     		uxtb	r3, r3
 186:Core/Src/ssd1306.c ****   {
 751              		.loc 1 186 11 view .LVU183
 752 0080 192B     		cmp	r3, #25
 753 0082 06D8     		bhi	.L80
 188:Core/Src/ssd1306.c ****   }
 754              		.loc 1 188 5 is_stmt 1 view .LVU184
 188:Core/Src/ssd1306.c ****   }
 755              		.loc 1 188 15 is_stmt 0 view .LVU185
 756 0084 A0F1200A 		sub	r10, r0, #32
 757 0088 5FFA8AFA 		uxtb	r10, r10
 758              	.LVL60:
 180:Core/Src/ssd1306.c **** 
 759              		.loc 1 180 18 view .LVU186
 760 008c 4FF00009 		mov	r9, #0
 761 0090 C4E7     		b	.L67
 762              	.LVL61:
 763              	.L80:
 180:Core/Src/ssd1306.c **** 
 764              		.loc 1 180 18 view .LVU187
 765 0092 4FF00009 		mov	r9, #0
 766 0096 C1E7     		b	.L67
 767              	.LVL62:
 768              	.L68:
 194:Core/Src/ssd1306.c ****   {
 769              		.loc 1 194 8 is_stmt 1 view .LVU188
 194:Core/Src/ssd1306.c ****   {
 770              		.loc 1 194 11 is_stmt 0 view .LVU189
 771 0098 BAF13A0F 		cmp	r10, #58
 772 009c C9D1     		bne	.L69
 196:Core/Src/ssd1306.c ****   }
 773              		.loc 1 196 11 view .LVU190
 774 009e DFF8F490 		ldr	r9, .L92+20
 775              	.LVL63:
 196:Core/Src/ssd1306.c ****   }
 776              		.loc 1 196 11 view .LVU191
 777 00a2 C9E7     		b	.L70
 778              	.LVL64:
 779              	.L88:
 201:Core/Src/ssd1306.c ****     {
 780              		.loc 1 201 5 is_stmt 1 view .LVU192
 201:Core/Src/ssd1306.c ****     {
 781              		.loc 1 201 40 is_stmt 0 view .LVU193
 782 00a4 384B     		ldr	r3, .L92+8
 783 00a6 1B78     		ldrb	r3, [r3]	@ zero_extendqisi2
 784 00a8 03EB4301 		add	r1, r3, r3, lsl #1
 201:Core/Src/ssd1306.c ****     {
 785              		.loc 1 201 18 view .LVU194
 786 00ac 374A     		ldr	r2, .L92+12
 787 00ae 1278     		ldrb	r2, [r2]	@ zero_extendqisi2
 788 00b0 02EB4102 		add	r2, r2, r1, lsl #1
 201:Core/Src/ssd1306.c ****     {
 789              		.loc 1 201 8 view .LVU195
 790 00b4 802A     		cmp	r2, #128
 791 00b6 08D9     		bls	.L71
 203:Core/Src/ssd1306.c ****       cursor_y += SSD1306_CHAR_HEIGHT * text_size;
ARM GAS  /tmp/ccEAwcSO.s 			page 20


 792              		.loc 1 203 7 is_stmt 1 view .LVU196
 203:Core/Src/ssd1306.c ****       cursor_y += SSD1306_CHAR_HEIGHT * text_size;
 793              		.loc 1 203 16 is_stmt 0 view .LVU197
 794 00b8 344A     		ldr	r2, .L92+12
 795 00ba 0021     		movs	r1, #0
 796 00bc 1170     		strb	r1, [r2]
 204:Core/Src/ssd1306.c ****     }
 797              		.loc 1 204 7 is_stmt 1 view .LVU198
 204:Core/Src/ssd1306.c ****     }
 798              		.loc 1 204 39 is_stmt 0 view .LVU199
 799 00be DA00     		lsls	r2, r3, #3
 800 00c0 D2B2     		uxtb	r2, r2
 204:Core/Src/ssd1306.c ****     }
 801              		.loc 1 204 16 view .LVU200
 802 00c2 3349     		ldr	r1, .L92+16
 803 00c4 0878     		ldrb	r0, [r1]	@ zero_extendqisi2
 804 00c6 0244     		add	r2, r2, r0
 805 00c8 0A70     		strb	r2, [r1]
 806              	.L71:
 206:Core/Src/ssd1306.c ****     {
 807              		.loc 1 206 5 is_stmt 1 view .LVU201
 206:Core/Src/ssd1306.c ****     {
 808              		.loc 1 206 18 is_stmt 0 view .LVU202
 809 00ca 314A     		ldr	r2, .L92+16
 810 00cc 1278     		ldrb	r2, [r2]	@ zero_extendqisi2
 811 00ce 02EBC302 		add	r2, r2, r3, lsl #3
 206:Core/Src/ssd1306.c ****     {
 812              		.loc 1 206 8 view .LVU203
 813 00d2 402A     		cmp	r2, #64
 814 00d4 4DD8     		bhi	.L82
 210:Core/Src/ssd1306.c ****     return character;
 815              		.loc 1 210 5 is_stmt 1 view .LVU204
 210:Core/Src/ssd1306.c ****     return character;
 816              		.loc 1 210 36 is_stmt 0 view .LVU205
 817 00d6 03EB4303 		add	r3, r3, r3, lsl #1
 818 00da 5B00     		lsls	r3, r3, #1
 819 00dc DBB2     		uxtb	r3, r3
 210:Core/Src/ssd1306.c ****     return character;
 820              		.loc 1 210 14 view .LVU206
 821 00de 2B4A     		ldr	r2, .L92+12
 822 00e0 1178     		ldrb	r1, [r2]	@ zero_extendqisi2
 823 00e2 0B44     		add	r3, r3, r1
 824 00e4 1370     		strb	r3, [r2]
 211:Core/Src/ssd1306.c ****   }
 825              		.loc 1 211 5 is_stmt 1 view .LVU207
 211:Core/Src/ssd1306.c ****   }
 826              		.loc 1 211 12 is_stmt 0 view .LVU208
 827 00e6 5046     		mov	r0, r10
 828 00e8 41E0     		b	.L72
 829              	.LVL65:
 830              	.L76:
 831              	.LBB17:
 832              	.LBB9:
 833              	.LBB10:
 834              	.LBB11:
 835              	.LBB12:
 229:Core/Src/ssd1306.c ****   {
ARM GAS  /tmp/ccEAwcSO.s 			page 21


 230:Core/Src/ssd1306.c ****     for (uint8_t row = 0; row < 7U; row++)
 231:Core/Src/ssd1306.c ****     {
 232:Core/Src/ssd1306.c ****       SSD1306_Color color = (glyph[column] & (1U << row)) ?
 233:Core/Src/ssd1306.c ****                             SSD1306_COLOR_WHITE : SSD1306_COLOR_BLACK;
 234:Core/Src/ssd1306.c ****       for (uint8_t width = 0; width < text_size; width++)
 235:Core/Src/ssd1306.c ****       {
 236:Core/Src/ssd1306.c ****         for (uint8_t height = 0; height < text_size; height++)
 237:Core/Src/ssd1306.c ****         {
 238:Core/Src/ssd1306.c ****           SSD1306_DrawPixel((uint8_t)(cursor_x + column * text_size + width),
 836              		.loc 1 238 11 is_stmt 1 view .LVU209
 837              		.loc 1 238 57 is_stmt 0 view .LVU210
 838 00ea 08FB03F2 		mul	r2, r8, r3
 839 00ee D2B2     		uxtb	r2, r2
 840              		.loc 1 238 48 view .LVU211
 841 00f0 2649     		ldr	r1, .L92+12
 842 00f2 0978     		ldrb	r1, [r1]	@ zero_extendqisi2
 843 00f4 0A44     		add	r2, r2, r1
 844 00f6 D2B2     		uxtb	r2, r2
 239:Core/Src/ssd1306.c ****                             (uint8_t)(cursor_y + row * text_size + height), color);
 845              		.loc 1 239 54 view .LVU212
 846 00f8 06FB03F1 		mul	r1, r6, r3
 847 00fc C9B2     		uxtb	r1, r1
 848              		.loc 1 239 48 view .LVU213
 849 00fe 244B     		ldr	r3, .L92+16
 850 0100 1B78     		ldrb	r3, [r3]	@ zero_extendqisi2
 851 0102 1944     		add	r1, r1, r3
 852 0104 C9B2     		uxtb	r1, r1
 238:Core/Src/ssd1306.c ****                             (uint8_t)(cursor_y + row * text_size + height), color);
 853              		.loc 1 238 11 view .LVU214
 854 0106 2144     		add	r1, r1, r4
 855 0108 5019     		adds	r0, r2, r5
 856 010a 3A46     		mov	r2, r7
 857 010c C9B2     		uxtb	r1, r1
 858 010e C0B2     		uxtb	r0, r0
 859 0110 FFF7FEFF 		bl	SSD1306_DrawPixel
 860              	.LVL66:
 236:Core/Src/ssd1306.c ****         {
 861              		.loc 1 236 60 is_stmt 1 discriminator 3 view .LVU215
 862 0114 0134     		adds	r4, r4, #1
 863              	.LVL67:
 236:Core/Src/ssd1306.c ****         {
 864              		.loc 1 236 60 is_stmt 0 discriminator 3 view .LVU216
 865 0116 E4B2     		uxtb	r4, r4
 866              	.LVL68:
 867              	.L77:
 236:Core/Src/ssd1306.c ****         {
 868              		.loc 1 236 41 is_stmt 1 discriminator 1 view .LVU217
 869 0118 1B4B     		ldr	r3, .L92+8
 870 011a 1B78     		ldrb	r3, [r3]	@ zero_extendqisi2
 871 011c A342     		cmp	r3, r4
 872 011e E4D8     		bhi	.L76
 873              	.LBE12:
 234:Core/Src/ssd1306.c ****       {
 874              		.loc 1 234 55 discriminator 2 view .LVU218
 875 0120 0135     		adds	r5, r5, #1
 876              	.LVL69:
 234:Core/Src/ssd1306.c ****       {
ARM GAS  /tmp/ccEAwcSO.s 			page 22


 877              		.loc 1 234 55 is_stmt 0 discriminator 2 view .LVU219
 878 0122 EDB2     		uxtb	r5, r5
 879              	.LVL70:
 880              	.L75:
 234:Core/Src/ssd1306.c ****       {
 881              		.loc 1 234 37 is_stmt 1 discriminator 1 view .LVU220
 882 0124 184B     		ldr	r3, .L92+8
 883 0126 1B78     		ldrb	r3, [r3]	@ zero_extendqisi2
 884 0128 AB42     		cmp	r3, r5
 885 012a 01D9     		bls	.L89
 886              	.LBB13:
 236:Core/Src/ssd1306.c ****         {
 887              		.loc 1 236 22 is_stmt 0 view .LVU221
 888 012c 0024     		movs	r4, #0
 889 012e F3E7     		b	.L77
 890              	.L89:
 891              	.LBE13:
 892              	.LBE11:
 893              	.LBE10:
 230:Core/Src/ssd1306.c ****     {
 894              		.loc 1 230 40 is_stmt 1 discriminator 2 view .LVU222
 895 0130 0136     		adds	r6, r6, #1
 896              	.LVL71:
 230:Core/Src/ssd1306.c ****     {
 897              		.loc 1 230 40 is_stmt 0 discriminator 2 view .LVU223
 898 0132 F6B2     		uxtb	r6, r6
 899              	.LVL72:
 900              	.L79:
 230:Core/Src/ssd1306.c ****     {
 901              		.loc 1 230 31 is_stmt 1 discriminator 1 view .LVU224
 902 0134 062E     		cmp	r6, #6
 903 0136 06D8     		bhi	.L90
 904              	.LBB15:
 232:Core/Src/ssd1306.c ****                             SSD1306_COLOR_WHITE : SSD1306_COLOR_BLACK;
 905              		.loc 1 232 7 view .LVU225
 232:Core/Src/ssd1306.c ****                             SSD1306_COLOR_WHITE : SSD1306_COLOR_BLACK;
 906              		.loc 1 232 35 is_stmt 0 view .LVU226
 907 0138 19F80870 		ldrb	r7, [r9, r8]	@ zero_extendqisi2
 232:Core/Src/ssd1306.c ****                             SSD1306_COLOR_WHITE : SSD1306_COLOR_BLACK;
 908              		.loc 1 232 59 view .LVU227
 909 013c F740     		lsrs	r7, r7, r6
 232:Core/Src/ssd1306.c ****                             SSD1306_COLOR_WHITE : SSD1306_COLOR_BLACK;
 910              		.loc 1 232 21 view .LVU228
 911 013e 07F00107 		and	r7, r7, #1
 912              	.LVL73:
 234:Core/Src/ssd1306.c ****       {
 913              		.loc 1 234 7 is_stmt 1 view .LVU229
 914              	.LBB14:
 234:Core/Src/ssd1306.c ****       {
 915              		.loc 1 234 12 view .LVU230
 234:Core/Src/ssd1306.c ****       {
 916              		.loc 1 234 20 is_stmt 0 view .LVU231
 917 0142 0025     		movs	r5, #0
 234:Core/Src/ssd1306.c ****       {
 918              		.loc 1 234 7 view .LVU232
 919 0144 EEE7     		b	.L75
 920              	.LVL74:
ARM GAS  /tmp/ccEAwcSO.s 			page 23


 921              	.L90:
 234:Core/Src/ssd1306.c ****       {
 922              		.loc 1 234 7 view .LVU233
 923              	.LBE14:
 924              	.LBE15:
 925              	.LBE9:
 228:Core/Src/ssd1306.c ****   {
 926              		.loc 1 228 47 is_stmt 1 discriminator 2 view .LVU234
 927 0146 08F10108 		add	r8, r8, #1
 928              	.LVL75:
 228:Core/Src/ssd1306.c ****   {
 929              		.loc 1 228 47 is_stmt 0 discriminator 2 view .LVU235
 930 014a 5FFA88F8 		uxtb	r8, r8
 931              	.LVL76:
 932              	.L74:
 228:Core/Src/ssd1306.c ****   {
 933              		.loc 1 228 35 is_stmt 1 discriminator 1 view .LVU236
 934 014e B8F1040F 		cmp	r8, #4
 935 0152 01D8     		bhi	.L91
 936              	.LBB16:
 230:Core/Src/ssd1306.c ****     {
 937              		.loc 1 230 18 is_stmt 0 view .LVU237
 938 0154 0026     		movs	r6, #0
 939 0156 EDE7     		b	.L79
 940              	.L91:
 941              	.LBE16:
 942              	.LBE17:
 240:Core/Src/ssd1306.c ****         }
 241:Core/Src/ssd1306.c ****       }
 242:Core/Src/ssd1306.c ****     }
 243:Core/Src/ssd1306.c ****   }
 244:Core/Src/ssd1306.c ****   cursor_x += SSD1306_CHAR_WIDTH * text_size;
 943              		.loc 1 244 3 is_stmt 1 view .LVU238
 944              		.loc 1 244 34 is_stmt 0 view .LVU239
 945 0158 0B4B     		ldr	r3, .L92+8
 946 015a 1B78     		ldrb	r3, [r3]	@ zero_extendqisi2
 947 015c 03EB4303 		add	r3, r3, r3, lsl #1
 948 0160 5B00     		lsls	r3, r3, #1
 949 0162 DBB2     		uxtb	r3, r3
 950              		.loc 1 244 12 view .LVU240
 951 0164 094A     		ldr	r2, .L92+12
 952 0166 1178     		ldrb	r1, [r2]	@ zero_extendqisi2
 953 0168 0B44     		add	r3, r3, r1
 954 016a 1370     		strb	r3, [r2]
 245:Core/Src/ssd1306.c ****   return character;
 955              		.loc 1 245 3 is_stmt 1 view .LVU241
 956              		.loc 1 245 10 is_stmt 0 view .LVU242
 957 016c 5046     		mov	r0, r10
 958              	.LVL77:
 959              	.L72:
 246:Core/Src/ssd1306.c **** }
 960              		.loc 1 246 1 view .LVU243
 961 016e BDE8F087 		pop	{r4, r5, r6, r7, r8, r9, r10, pc}
 962              	.LVL78:
 963              	.L82:
 208:Core/Src/ssd1306.c ****     }
 964              		.loc 1 208 14 view .LVU244
ARM GAS  /tmp/ccEAwcSO.s 			page 24


 965 0172 0020     		movs	r0, #0
 966 0174 FBE7     		b	.L72
 967              	.LVL79:
 968              	.L83:
 215:Core/Src/ssd1306.c ****   }
 969              		.loc 1 215 12 view .LVU245
 970 0176 0020     		movs	r0, #0
 971 0178 F9E7     		b	.L72
 972              	.L84:
 225:Core/Src/ssd1306.c ****   }
 973              		.loc 1 225 12 view .LVU246
 974 017a 0020     		movs	r0, #0
 975 017c F7E7     		b	.L72
 976              	.L93:
 977 017e 00BF     		.align	2
 978              	.L92:
 979 0180 00000000 		.word	font_digits
 980 0184 00000000 		.word	font_upper
 981 0188 00000000 		.word	text_size
 982 018c 00000000 		.word	cursor_x
 983 0190 00000000 		.word	cursor_y
 984 0194 00000000 		.word	font_colon
 985              		.cfi_endproc
 986              	.LFE73:
 988              		.section	.text.SSD1306_WriteString,"ax",%progbits
 989              		.align	1
 990              		.global	SSD1306_WriteString
 991              		.syntax unified
 992              		.thumb
 993              		.thumb_func
 995              	SSD1306_WriteString:
 996              	.LVL80:
 997              	.LFB74:
 247:Core/Src/ssd1306.c **** 
 248:Core/Src/ssd1306.c **** char *SSD1306_WriteString(char *string)
 249:Core/Src/ssd1306.c **** {
 998              		.loc 1 249 1 is_stmt 1 view -0
 999              		.cfi_startproc
 1000              		@ args = 0, pretend = 0, frame = 0
 1001              		@ frame_needed = 0, uses_anonymous_args = 0
 1002              		.loc 1 249 1 is_stmt 0 view .LVU248
 1003 0000 10B5     		push	{r4, lr}
 1004              	.LCFI16:
 1005              		.cfi_def_cfa_offset 8
 1006              		.cfi_offset 4, -8
 1007              		.cfi_offset 14, -4
 1008 0002 0446     		mov	r4, r0
 250:Core/Src/ssd1306.c ****   while (*string != '\0')
 1009              		.loc 1 250 3 is_stmt 1 view .LVU249
 1010              	.LVL81:
 1011              	.L95:
 1012              		.loc 1 250 18 view .LVU250
 1013              		.loc 1 250 10 is_stmt 0 view .LVU251
 1014 0004 2078     		ldrb	r0, [r4]	@ zero_extendqisi2
 1015              		.loc 1 250 18 view .LVU252
 1016 0006 20B1     		cbz	r0, .L96
 251:Core/Src/ssd1306.c ****   {
ARM GAS  /tmp/ccEAwcSO.s 			page 25


 252:Core/Src/ssd1306.c ****     if (SSD1306_WriteChar(*string++) == 0)
 1017              		.loc 1 252 5 is_stmt 1 view .LVU253
 1018              		.loc 1 252 34 is_stmt 0 view .LVU254
 1019 0008 0134     		adds	r4, r4, #1
 1020              	.LVL82:
 1021              		.loc 1 252 9 view .LVU255
 1022 000a FFF7FEFF 		bl	SSD1306_WriteChar
 1023              	.LVL83:
 1024              		.loc 1 252 8 discriminator 1 view .LVU256
 1025 000e 0028     		cmp	r0, #0
 1026 0010 F8D1     		bne	.L95
 1027              	.L96:
 253:Core/Src/ssd1306.c ****     {
 254:Core/Src/ssd1306.c ****       return string;
 255:Core/Src/ssd1306.c ****     }
 256:Core/Src/ssd1306.c ****   }
 257:Core/Src/ssd1306.c ****   return string;
 258:Core/Src/ssd1306.c **** }...
 1028              		.loc 1 258 1 view .LVU257
 1029 0012 2046     		mov	r0, r4
 1030 0014 10BD     		pop	{r4, pc}
 1031              		.loc 1 258 1 view .LVU258
 1032              		.cfi_endproc
 1033              	.LFE74:
 1035              		.section	.rodata.init_commands.0,"a"
 1036              		.align	2
 1039              	init_commands.0:
 1040 0000 AE2000B0 		.ascii	"\256 \000\260\310\000\020@\201\177\241\246\250?\244"
 1040      C8001040 
 1040      817FA1A6 
 1040      A83FA4
 1041 000f D300D580 		.ascii	"\323\000\325\200\331\361\332\022\333@\215\024\257"
 1041      D9F1DA12 
 1041      DB408D14 
 1041      AF
 1042              		.section	.rodata.font_colon,"a"
 1043              		.align	2
 1046              	font_colon:
 1047 0000 00363600 		.ascii	"\00066\000\000"
 1047      00
 1048              		.section	.rodata.font_upper,"a"
 1049              		.align	2
 1052              	font_upper:
 1053 0000 7E111111 		.ascii	"~\021\021\021~"
 1053      7E
 1054 0005 7F494949 		.ascii	"\177III6"
 1054      36
 1055 000a 3E414141 		.ascii	">AAA\""
 1055      22
 1056 000f 7F414122 		.ascii	"\177AA\"\034"
 1056      1C
 1057 0014 7F494949 		.ascii	"\177IIIA"
 1057      41
 1058 0019 7F090909 		.ascii	"\177\011\011\011\001"
 1058      01
 1059 001e 3E414949 		.ascii	">AIIz"
 1059      7A
ARM GAS  /tmp/ccEAwcSO.s 			page 26


 1060 0023 7F080808 		.ascii	"\177\010\010\010\177"
 1060      7F
 1061 0028 00417F41 		.ascii	"\000A\177A\000"
 1061      00
 1062 002d 2040413F 		.ascii	" @A?\001"
 1062      01
 1063 0032 7F081422 		.ascii	"\177\010\024\"A"
 1063      41
 1064 0037 7F404040 		.ascii	"\177@@@@"
 1064      40
 1065 003c 7F020C02 		.ascii	"\177\002\014\002\177"
 1065      7F
 1066 0041 7F040810 		.ascii	"\177\004\010\020\177"
 1066      7F
 1067 0046 3E414141 		.ascii	">AAA>"
 1067      3E
 1068 004b 7F090909 		.ascii	"\177\011\011\011\006"
 1068      06
 1069 0050 3E415121 		.ascii	">AQ!^"
 1069      5E
 1070 0055 7F091929 		.ascii	"\177\011\031)F"
 1070      46
 1071 005a 46494949 		.ascii	"FIII1"
 1071      31
 1072 005f 01017F01 		.ascii	"\001\001\177\001\001"
 1072      01
 1073 0064 3F404040 		.ascii	"?@@@?"
 1073      3F
 1074 0069 1F204020 		.ascii	"\037 @ \037"
 1074      1F
 1075 006e 7F201820 		.ascii	"\177 \030 \177"
 1075      7F
 1076 0073 63140814 		.ascii	"c\024\010\024c"
 1076      63
 1077 0078 07087008 		.ascii	"\007\010p\010\007"
 1077      07
 1078 007d 61514945 		.ascii	"aQIEC"
 1078      43
 1079              		.section	.rodata.font_digits,"a"
 1080              		.align	2
 1083              	font_digits:
 1084 0000 3E514945 		.ascii	">QIE>"
 1084      3E
 1085 0005 00427F40 		.ascii	"\000B\177@\000"
 1085      00
 1086 000a 42615149 		.ascii	"BaQIF"
 1086      46
 1087 000f 2141454B 		.ascii	"!AEK1"
 1087      31
 1088 0014 1814127F 		.ascii	"\030\024\022\177\020"
 1088      10
 1089 0019 27454545 		.ascii	"'EEE9"
 1089      39
 1090 001e 3C4A4949 		.ascii	"<JII0"
 1090      30
 1091 0023 01710905 		.ascii	"\001q\011\005\003"
 1091      03
ARM GAS  /tmp/ccEAwcSO.s 			page 27


 1092 0028 36494949 		.ascii	"6III6"
 1092      36
 1093 002d 06494929 		.ascii	"\006II)\036"
 1093      1E
 1094              		.section	.data.text_size,"aw"
 1097              	text_size:
 1098 0000 01       		.byte	1
 1099              		.section	.bss.cursor_y,"aw",%nobits
 1102              	cursor_y:
 1103 0000 00       		.space	1
 1104              		.section	.bss.cursor_x,"aw",%nobits
 1107              	cursor_x:
 1108 0000 00       		.space	1
 1109              		.section	.bss.ssd1306_buffer,"aw",%nobits
 1110              		.align	2
 1113              	ssd1306_buffer:
 1114 0000 00000000 		.space	1024
 1114      00000000 
 1114      00000000 
 1114      00000000 
 1114      00000000 
 1115              		.section	.bss.ssd1306_i2c,"aw",%nobits
 1116              		.align	2
 1119              	ssd1306_i2c:
 1120 0000 00000000 		.space	4
 1121              		.text
 1122              	.Letext0:
 1123              		.file 2 "/usr/lib/gcc/arm-none-eabi/13.2.1/include/stdint.h"
 1124              		.file 3 "Drivers/CMSIS/Device/ST/STM32F1xx/Include/stm32f103xb.h"
 1125              		.file 4 "Drivers/STM32F1xx_HAL_Driver/Inc/stm32f1xx_hal_def.h"
 1126              		.file 5 "Drivers/STM32F1xx_HAL_Driver/Inc/stm32f1xx_hal_dma.h"
 1127              		.file 6 "Drivers/STM32F1xx_HAL_Driver/Inc/stm32f1xx_hal_i2c.h"
 1128              		.file 7 "Core/Inc/ssd1306.h"
ARM GAS  /tmp/ccEAwcSO.s 			page 28


DEFINED SYMBOLS
                            *ABS*:00000000 ssd1306.c
     /tmp/ccEAwcSO.s:19     .text.ssd1306_send_command:00000000 $t
     /tmp/ccEAwcSO.s:24     .text.ssd1306_send_command:00000000 ssd1306_send_command
     /tmp/ccEAwcSO.s:66     .text.ssd1306_send_command:00000028 $d
     /tmp/ccEAwcSO.s:1119   .bss.ssd1306_i2c:00000000 ssd1306_i2c
     /tmp/ccEAwcSO.s:71     .text.SSD1306_UpdateScreen:00000000 $t
     /tmp/ccEAwcSO.s:77     .text.SSD1306_UpdateScreen:00000000 SSD1306_UpdateScreen
     /tmp/ccEAwcSO.s:229    .text.SSD1306_UpdateScreen:00000084 $d
     /tmp/ccEAwcSO.s:1113   .bss.ssd1306_buffer:00000000 ssd1306_buffer
     /tmp/ccEAwcSO.s:236    .text.SSD1306_SetContrast:00000000 $t
     /tmp/ccEAwcSO.s:242    .text.SSD1306_SetContrast:00000000 SSD1306_SetContrast
     /tmp/ccEAwcSO.s:284    .text.SSD1306_Fill:00000000 $t
     /tmp/ccEAwcSO.s:290    .text.SSD1306_Fill:00000000 SSD1306_Fill
     /tmp/ccEAwcSO.s:335    .text.SSD1306_Fill:0000001c $d
     /tmp/ccEAwcSO.s:340    .text.SSD1306_Init:00000000 $t
     /tmp/ccEAwcSO.s:346    .text.SSD1306_Init:00000000 SSD1306_Init
     /tmp/ccEAwcSO.s:451    .text.SSD1306_Init:00000050 $d
     /tmp/ccEAwcSO.s:1039   .rodata.init_commands.0:00000000 init_commands.0
     /tmp/ccEAwcSO.s:1107   .bss.cursor_x:00000000 cursor_x
     /tmp/ccEAwcSO.s:1102   .bss.cursor_y:00000000 cursor_y
     /tmp/ccEAwcSO.s:459    .text.SSD1306_DrawPixel:00000000 $t
     /tmp/ccEAwcSO.s:465    .text.SSD1306_DrawPixel:00000000 SSD1306_DrawPixel
     /tmp/ccEAwcSO.s:551    .text.SSD1306_DrawPixel:00000048 $d
     /tmp/ccEAwcSO.s:556    .text.SSD1306_SetCursor:00000000 $t
     /tmp/ccEAwcSO.s:562    .text.SSD1306_SetCursor:00000000 SSD1306_SetCursor
     /tmp/ccEAwcSO.s:583    .text.SSD1306_SetCursor:0000000c $d
     /tmp/ccEAwcSO.s:589    .text.SSD1306_SetTextSize:00000000 $t
     /tmp/ccEAwcSO.s:595    .text.SSD1306_SetTextSize:00000000 SSD1306_SetTextSize
     /tmp/ccEAwcSO.s:628    .text.SSD1306_SetTextSize:00000014 $d
     /tmp/ccEAwcSO.s:1097   .data.text_size:00000000 text_size
     /tmp/ccEAwcSO.s:633    .text.SSD1306_WriteChar:00000000 $t
     /tmp/ccEAwcSO.s:639    .text.SSD1306_WriteChar:00000000 SSD1306_WriteChar
     /tmp/ccEAwcSO.s:979    .text.SSD1306_WriteChar:00000180 $d
     /tmp/ccEAwcSO.s:1083   .rodata.font_digits:00000000 font_digits
     /tmp/ccEAwcSO.s:1052   .rodata.font_upper:00000000 font_upper
     /tmp/ccEAwcSO.s:1046   .rodata.font_colon:00000000 font_colon
     /tmp/ccEAwcSO.s:989    .text.SSD1306_WriteString:00000000 $t
     /tmp/ccEAwcSO.s:995    .text.SSD1306_WriteString:00000000 SSD1306_WriteString
     /tmp/ccEAwcSO.s:1036   .rodata.init_commands.0:00000000 $d
     /tmp/ccEAwcSO.s:1043   .rodata.font_colon:00000000 $d
     /tmp/ccEAwcSO.s:1049   .rodata.font_upper:00000000 $d
     /tmp/ccEAwcSO.s:1080   .rodata.font_digits:00000000 $d
     /tmp/ccEAwcSO.s:1103   .bss.cursor_y:00000000 $d
     /tmp/ccEAwcSO.s:1108   .bss.cursor_x:00000000 $d
     /tmp/ccEAwcSO.s:1110   .bss.ssd1306_buffer:00000000 $d
     /tmp/ccEAwcSO.s:1116   .bss.ssd1306_i2c:00000000 $d

UNDEFINED SYMBOLS
HAL_I2C_Master_Transmit
HAL_I2C_IsDeviceReady
