ARM GAS  /tmp/ccinZ6x2.s 			page 1


   1              		.cpu cortex-m3
   2              		.arch armv7-m
   3              		.fpu softvfp
   4              		.eabi_attribute 20, 1
   5              		.eabi_attribute 21, 1
   6              		.eabi_attribute 23, 3
   7              		.eabi_attribute 24, 1
   8              		.eabi_attribute 25, 1
   9              		.eabi_attribute 26, 1
  10              		.eabi_attribute 30, 1
  11              		.eabi_attribute 34, 1
  12              		.eabi_attribute 18, 4
  13              		.file	"main.c"
  14              		.text
  15              	.Ltext0:
  16              		.cfi_sections	.debug_frame
  17              		.file 1 "Core/Src/main.c"
  18              		.section	.text.MX_GPIO_Init,"ax",%progbits
  19              		.align	1
  20              		.syntax unified
  21              		.thumb
  22              		.thumb_func
  24              	MX_GPIO_Init:
  25              	.LFB72:
   1:Core/Src/main.c **** /* USER CODE BEGIN Header */
   2:Core/Src/main.c **** /**
   3:Core/Src/main.c ****   ******************************************************************************
   4:Core/Src/main.c ****   * @file           : main.c
   5:Core/Src/main.c ****   * @brief          : Main program body
   6:Core/Src/main.c ****   ******************************************************************************
   7:Core/Src/main.c ****   * @attention
   8:Core/Src/main.c ****   *
   9:Core/Src/main.c ****   * Copyright (c) 2026 STMicroelectronics.
  10:Core/Src/main.c ****   * All rights reserved.
  11:Core/Src/main.c ****   *
  12:Core/Src/main.c ****   * This software is licensed under terms that can be found in the LICENSE file
  13:Core/Src/main.c ****   * in the root directory of this software component.
  14:Core/Src/main.c ****   * If no LICENSE file comes with this software, it is provided AS-IS.
  15:Core/Src/main.c ****   *
  16:Core/Src/main.c ****   ******************************************************************************
  17:Core/Src/main.c ****   */
  18:Core/Src/main.c **** /* USER CODE END Header */
  19:Core/Src/main.c **** /* Includes ------------------------------------------------------------------*/
  20:Core/Src/main.c **** #include "main.h"
  21:Core/Src/main.c **** 
  22:Core/Src/main.c **** /* Private includes ----------------------------------------------------------*/
  23:Core/Src/main.c **** /* USER CODE BEGIN Includes */
  24:Core/Src/main.c **** #include <stdio.h>
  25:Core/Src/main.c **** /* USER CODE END Includes */
  26:Core/Src/main.c **** 
  27:Core/Src/main.c **** /* Private typedef -----------------------------------------------------------*/
  28:Core/Src/main.c **** /* USER CODE BEGIN PTD */
  29:Core/Src/main.c **** 
  30:Core/Src/main.c **** /* USER CODE END PTD */
  31:Core/Src/main.c **** 
  32:Core/Src/main.c **** /* Private define ------------------------------------------------------------*/
  33:Core/Src/main.c **** /* USER CODE BEGIN PD */
ARM GAS  /tmp/ccinZ6x2.s 			page 2


  34:Core/Src/main.c **** #define RX_BUFFER_SIZE 128U
  35:Core/Src/main.c **** #define RESPONSE_PREFIX "He Thong Nhung - N4 - nhom 7:"
  36:Core/Src/main.c **** 
  37:Core/Src/main.c **** /* USER CODE END PD */
  38:Core/Src/main.c **** 
  39:Core/Src/main.c **** /* Private macro -------------------------------------------------------------*/
  40:Core/Src/main.c **** /* USER CODE BEGIN PM */
  41:Core/Src/main.c **** 
  42:Core/Src/main.c **** /* USER CODE END PM */
  43:Core/Src/main.c **** 
  44:Core/Src/main.c **** /* Private variables ---------------------------------------------------------*/
  45:Core/Src/main.c **** ADC_HandleTypeDef hadc1;
  46:Core/Src/main.c **** 
  47:Core/Src/main.c **** UART_HandleTypeDef huart1;
  48:Core/Src/main.c **** 
  49:Core/Src/main.c **** /* USER CODE BEGIN PV */
  50:Core/Src/main.c **** static uint8_t rx_byte;
  51:Core/Src/main.c **** static char rx_buffer[RX_BUFFER_SIZE];
  52:Core/Src/main.c **** static uint32_t rx_length;
  53:Core/Src/main.c **** 
  54:Core/Src/main.c **** /* USER CODE END PV */
  55:Core/Src/main.c **** 
  56:Core/Src/main.c **** /* Private function prototypes -----------------------------------------------*/
  57:Core/Src/main.c **** void SystemClock_Config(void);
  58:Core/Src/main.c **** static void MX_GPIO_Init(void);
  59:Core/Src/main.c **** static void MX_USART1_UART_Init(void);
  60:Core/Src/main.c **** static void MX_ADC1_Init(void);
  61:Core/Src/main.c **** /* USER CODE BEGIN PFP */
  62:Core/Src/main.c **** 
  63:Core/Src/main.c **** /* USER CODE END PFP */
  64:Core/Src/main.c **** 
  65:Core/Src/main.c **** /* Private user code ---------------------------------------------------------*/
  66:Core/Src/main.c **** /* USER CODE BEGIN 0 */
  67:Core/Src/main.c **** 
  68:Core/Src/main.c **** /* USER CODE END 0 */
  69:Core/Src/main.c **** 
  70:Core/Src/main.c **** /**
  71:Core/Src/main.c ****   * @brief  The application entry point.
  72:Core/Src/main.c ****   * @retval int
  73:Core/Src/main.c ****   */
  74:Core/Src/main.c **** int main(void)
  75:Core/Src/main.c **** {
  76:Core/Src/main.c **** 
  77:Core/Src/main.c ****   /* USER CODE BEGIN 1 */
  78:Core/Src/main.c **** 
  79:Core/Src/main.c ****   /* USER CODE END 1 */
  80:Core/Src/main.c **** 
  81:Core/Src/main.c ****   /* MCU Configuration--------------------------------------------------------*/
  82:Core/Src/main.c **** 
  83:Core/Src/main.c ****   /* Reset of all peripherals, Initializes the Flash interface and the Systick. */
  84:Core/Src/main.c ****   HAL_Init();
  85:Core/Src/main.c **** 
  86:Core/Src/main.c ****   /* USER CODE BEGIN Init */
  87:Core/Src/main.c **** 
  88:Core/Src/main.c ****   /* USER CODE END Init */
  89:Core/Src/main.c **** 
  90:Core/Src/main.c ****   /* Configure the system clock */
ARM GAS  /tmp/ccinZ6x2.s 			page 3


  91:Core/Src/main.c ****   SystemClock_Config();
  92:Core/Src/main.c **** 
  93:Core/Src/main.c ****   /* USER CODE BEGIN SysInit */
  94:Core/Src/main.c **** 
  95:Core/Src/main.c ****   /* USER CODE END SysInit */
  96:Core/Src/main.c **** 
  97:Core/Src/main.c ****   /* Initialize all configured peripherals */
  98:Core/Src/main.c ****   MX_GPIO_Init();
  99:Core/Src/main.c ****   MX_USART1_UART_Init();
 100:Core/Src/main.c ****   MX_ADC1_Init();
 101:Core/Src/main.c ****   /* USER CODE BEGIN 2 */
 102:Core/Src/main.c **** 
 103:Core/Src/main.c ****   /* USER CODE END 2 */
 104:Core/Src/main.c **** 
 105:Core/Src/main.c ****   /* Infinite loop */
 106:Core/Src/main.c ****   /* USER CODE BEGIN WHILE */
 107:Core/Src/main.c ****   while (1)
 108:Core/Src/main.c ****   {
 109:Core/Src/main.c ****     /* USER CODE END WHILE */
 110:Core/Src/main.c **** 
 111:Core/Src/main.c ****     uint32_t adc_value;
 112:Core/Src/main.c ****     char adc_message[32];
 113:Core/Src/main.c **** 
 114:Core/Src/main.c ****     if (HAL_ADC_Start(&hadc1) == HAL_OK &&
 115:Core/Src/main.c ****         HAL_ADC_PollForConversion(&hadc1, 10) == HAL_OK)
 116:Core/Src/main.c ****     {
 117:Core/Src/main.c ****       adc_value = HAL_ADC_GetValue(&hadc1);
 118:Core/Src/main.c ****       uint32_t voltage_mV = adc_value ;
 119:Core/Src/main.c ****       int message_length = snprintf(adc_message, sizeof(adc_message),
 120:Core/Src/main.c ****                                     "ADC_PB1: %lu V\r\n",
 121:Core/Src/main.c ****                                     (unsigned long)(voltage_mV ));
 122:Core/Src/main.c ****                                     
 123:Core/Src/main.c ****                                     //(unsigned long)(voltage_mV ))
 124:Core/Src/main.c ****       if (message_length > 0)
 125:Core/Src/main.c ****       {
 126:Core/Src/main.c ****         HAL_UART_Transmit(&huart1, (uint8_t *)adc_message,
 127:Core/Src/main.c ****                           (uint16_t)message_length, HAL_MAX_DELAY);
 128:Core/Src/main.c ****       }
 129:Core/Src/main.c ****     }
 130:Core/Src/main.c ****     HAL_ADC_Stop(&hadc1);
 131:Core/Src/main.c ****     HAL_Delay(1000);
 132:Core/Src/main.c **** 
 133:Core/Src/main.c ****     /* USER CODE BEGIN 3 */
 134:Core/Src/main.c ****   }
 135:Core/Src/main.c ****   /* USER CODE END 3 */
 136:Core/Src/main.c **** }
 137:Core/Src/main.c **** 
 138:Core/Src/main.c **** /**
 139:Core/Src/main.c ****   * @brief System Clock Configuration
 140:Core/Src/main.c ****   * @retval None
 141:Core/Src/main.c ****   */
 142:Core/Src/main.c **** void SystemClock_Config(void)
 143:Core/Src/main.c **** {
 144:Core/Src/main.c ****   RCC_OscInitTypeDef RCC_OscInitStruct = {0};
 145:Core/Src/main.c ****   RCC_ClkInitTypeDef RCC_ClkInitStruct = {0};
 146:Core/Src/main.c ****   RCC_PeriphCLKInitTypeDef PeriphClkInit = {0};
 147:Core/Src/main.c **** 
ARM GAS  /tmp/ccinZ6x2.s 			page 4


 148:Core/Src/main.c ****   /** Initializes the RCC Oscillators according to the specified parameters
 149:Core/Src/main.c ****   * in the RCC_OscInitTypeDef structure.
 150:Core/Src/main.c ****   */
 151:Core/Src/main.c ****   RCC_OscInitStruct.OscillatorType = RCC_OSCILLATORTYPE_HSI;
 152:Core/Src/main.c ****   RCC_OscInitStruct.HSIState = RCC_HSI_ON;
 153:Core/Src/main.c ****   RCC_OscInitStruct.HSICalibrationValue = RCC_HSICALIBRATION_DEFAULT;
 154:Core/Src/main.c ****   RCC_OscInitStruct.PLL.PLLState = RCC_PLL_NONE;
 155:Core/Src/main.c ****   if (HAL_RCC_OscConfig(&RCC_OscInitStruct) != HAL_OK)
 156:Core/Src/main.c ****   {
 157:Core/Src/main.c ****     Error_Handler();
 158:Core/Src/main.c ****   }
 159:Core/Src/main.c **** 
 160:Core/Src/main.c ****   /** Initializes the CPU, AHB and APB buses clocks
 161:Core/Src/main.c ****   */
 162:Core/Src/main.c ****   RCC_ClkInitStruct.ClockType = RCC_CLOCKTYPE_HCLK|RCC_CLOCKTYPE_SYSCLK
 163:Core/Src/main.c ****                               |RCC_CLOCKTYPE_PCLK1|RCC_CLOCKTYPE_PCLK2;
 164:Core/Src/main.c ****   RCC_ClkInitStruct.SYSCLKSource = RCC_SYSCLKSOURCE_HSI;
 165:Core/Src/main.c ****   RCC_ClkInitStruct.AHBCLKDivider = RCC_SYSCLK_DIV1;
 166:Core/Src/main.c ****   RCC_ClkInitStruct.APB1CLKDivider = RCC_HCLK_DIV1;
 167:Core/Src/main.c ****   RCC_ClkInitStruct.APB2CLKDivider = RCC_HCLK_DIV1;
 168:Core/Src/main.c **** 
 169:Core/Src/main.c ****   if (HAL_RCC_ClockConfig(&RCC_ClkInitStruct, FLASH_LATENCY_0) != HAL_OK)
 170:Core/Src/main.c ****   {
 171:Core/Src/main.c ****     Error_Handler();
 172:Core/Src/main.c ****   }
 173:Core/Src/main.c ****   PeriphClkInit.PeriphClockSelection = RCC_PERIPHCLK_ADC;
 174:Core/Src/main.c ****   PeriphClkInit.AdcClockSelection = RCC_ADCPCLK2_DIV2;
 175:Core/Src/main.c ****   if (HAL_RCCEx_PeriphCLKConfig(&PeriphClkInit) != HAL_OK)
 176:Core/Src/main.c ****   {
 177:Core/Src/main.c ****     Error_Handler();
 178:Core/Src/main.c ****   }
 179:Core/Src/main.c **** }
 180:Core/Src/main.c **** 
 181:Core/Src/main.c **** /**
 182:Core/Src/main.c ****   * @brief ADC1 Initialization Function
 183:Core/Src/main.c ****   * @param None
 184:Core/Src/main.c ****   * @retval None
 185:Core/Src/main.c ****   */
 186:Core/Src/main.c **** static void MX_ADC1_Init(void)
 187:Core/Src/main.c **** {
 188:Core/Src/main.c **** 
 189:Core/Src/main.c ****   /* USER CODE BEGIN ADC1_Init 0 */
 190:Core/Src/main.c **** 
 191:Core/Src/main.c ****   /* USER CODE END ADC1_Init 0 */
 192:Core/Src/main.c **** 
 193:Core/Src/main.c ****   ADC_ChannelConfTypeDef sConfig = {0};
 194:Core/Src/main.c **** 
 195:Core/Src/main.c ****   /* USER CODE BEGIN ADC1_Init 1 */
 196:Core/Src/main.c **** 
 197:Core/Src/main.c ****   /* USER CODE END ADC1_Init 1 */
 198:Core/Src/main.c **** 
 199:Core/Src/main.c ****   /** Common config
 200:Core/Src/main.c ****   */
 201:Core/Src/main.c ****   hadc1.Instance = ADC1;
 202:Core/Src/main.c ****   hadc1.Init.ScanConvMode = ADC_SCAN_DISABLE;
 203:Core/Src/main.c ****   hadc1.Init.ContinuousConvMode = DISABLE;
 204:Core/Src/main.c ****   hadc1.Init.DiscontinuousConvMode = DISABLE;
ARM GAS  /tmp/ccinZ6x2.s 			page 5


 205:Core/Src/main.c ****   hadc1.Init.ExternalTrigConv = ADC_SOFTWARE_START;
 206:Core/Src/main.c ****   hadc1.Init.DataAlign = ADC_DATAALIGN_RIGHT;
 207:Core/Src/main.c ****   hadc1.Init.NbrOfConversion = 1;
 208:Core/Src/main.c ****   if (HAL_ADC_Init(&hadc1) != HAL_OK)
 209:Core/Src/main.c ****   {
 210:Core/Src/main.c ****     Error_Handler();
 211:Core/Src/main.c ****   }
 212:Core/Src/main.c **** 
 213:Core/Src/main.c ****   /** Configure Regular Channel
 214:Core/Src/main.c ****   */
 215:Core/Src/main.c ****   sConfig.Channel = ADC_CHANNEL_9;
 216:Core/Src/main.c ****   sConfig.Rank = ADC_REGULAR_RANK_1;
 217:Core/Src/main.c ****   sConfig.SamplingTime = ADC_SAMPLETIME_1CYCLE_5;
 218:Core/Src/main.c ****   if (HAL_ADC_ConfigChannel(&hadc1, &sConfig) != HAL_OK)
 219:Core/Src/main.c ****   {
 220:Core/Src/main.c ****     Error_Handler();
 221:Core/Src/main.c ****   }
 222:Core/Src/main.c ****   /* USER CODE BEGIN ADC1_Init 2 */
 223:Core/Src/main.c **** 
 224:Core/Src/main.c ****   /* USER CODE END ADC1_Init 2 */
 225:Core/Src/main.c **** 
 226:Core/Src/main.c **** }
 227:Core/Src/main.c **** 
 228:Core/Src/main.c **** /**
 229:Core/Src/main.c ****   * @brief USART1 Initialization Function
 230:Core/Src/main.c ****   * @param None
 231:Core/Src/main.c ****   * @retval None
 232:Core/Src/main.c ****   */
 233:Core/Src/main.c **** static void MX_USART1_UART_Init(void)
 234:Core/Src/main.c **** {
 235:Core/Src/main.c **** 
 236:Core/Src/main.c ****   /* USER CODE BEGIN USART1_Init 0 */
 237:Core/Src/main.c **** 
 238:Core/Src/main.c ****   /* USER CODE END USART1_Init 0 */
 239:Core/Src/main.c **** 
 240:Core/Src/main.c ****   /* USER CODE BEGIN USART1_Init 1 */
 241:Core/Src/main.c **** 
 242:Core/Src/main.c ****   /* USER CODE END USART1_Init 1 */
 243:Core/Src/main.c ****   huart1.Instance = USART1;
 244:Core/Src/main.c ****   huart1.Init.BaudRate = 115200;
 245:Core/Src/main.c ****   huart1.Init.WordLength = UART_WORDLENGTH_8B;
 246:Core/Src/main.c ****   huart1.Init.StopBits = UART_STOPBITS_1;
 247:Core/Src/main.c ****   huart1.Init.Parity = UART_PARITY_NONE;
 248:Core/Src/main.c ****   huart1.Init.Mode = UART_MODE_TX_RX;
 249:Core/Src/main.c ****   huart1.Init.HwFlowCtl = UART_HWCONTROL_NONE;
 250:Core/Src/main.c ****   huart1.Init.OverSampling = UART_OVERSAMPLING_16;
 251:Core/Src/main.c ****   if (HAL_UART_Init(&huart1) != HAL_OK)
 252:Core/Src/main.c ****   {
 253:Core/Src/main.c ****     Error_Handler();
 254:Core/Src/main.c ****   }
 255:Core/Src/main.c ****   /* USER CODE BEGIN USART1_Init 2 */
 256:Core/Src/main.c **** 
 257:Core/Src/main.c ****   /* USER CODE END USART1_Init 2 */
 258:Core/Src/main.c **** 
 259:Core/Src/main.c **** }
 260:Core/Src/main.c **** 
 261:Core/Src/main.c **** /**
ARM GAS  /tmp/ccinZ6x2.s 			page 6


 262:Core/Src/main.c ****   * @brief GPIO Initialization Function
 263:Core/Src/main.c ****   * @param None
 264:Core/Src/main.c ****   * @retval None
 265:Core/Src/main.c ****   */
 266:Core/Src/main.c **** static void MX_GPIO_Init(void)
 267:Core/Src/main.c **** {
  26              		.loc 1 267 1 view -0
  27              		.cfi_startproc
  28              		@ args = 0, pretend = 0, frame = 32
  29              		@ frame_needed = 0, uses_anonymous_args = 0
  30 0000 30B5     		push	{r4, r5, lr}
  31              	.LCFI0:
  32              		.cfi_def_cfa_offset 12
  33              		.cfi_offset 4, -12
  34              		.cfi_offset 5, -8
  35              		.cfi_offset 14, -4
  36 0002 89B0     		sub	sp, sp, #36
  37              	.LCFI1:
  38              		.cfi_def_cfa_offset 48
 268:Core/Src/main.c ****   GPIO_InitTypeDef GPIO_InitStruct = {0};
  39              		.loc 1 268 3 view .LVU1
  40              		.loc 1 268 20 is_stmt 0 view .LVU2
  41 0004 0024     		movs	r4, #0
  42 0006 0494     		str	r4, [sp, #16]
  43 0008 0594     		str	r4, [sp, #20]
  44 000a 0694     		str	r4, [sp, #24]
  45 000c 0794     		str	r4, [sp, #28]
 269:Core/Src/main.c ****   /* USER CODE BEGIN MX_GPIO_Init_1 */
 270:Core/Src/main.c **** 
 271:Core/Src/main.c ****   /* USER CODE END MX_GPIO_Init_1 */
 272:Core/Src/main.c **** 
 273:Core/Src/main.c ****   /* GPIO Ports Clock Enable */
 274:Core/Src/main.c ****   __HAL_RCC_GPIOC_CLK_ENABLE();
  46              		.loc 1 274 3 is_stmt 1 view .LVU3
  47              	.LBB4:
  48              		.loc 1 274 3 view .LVU4
  49              		.loc 1 274 3 view .LVU5
  50 000e 184B     		ldr	r3, .L3
  51 0010 9A69     		ldr	r2, [r3, #24]
  52 0012 42F01002 		orr	r2, r2, #16
  53 0016 9A61     		str	r2, [r3, #24]
  54              		.loc 1 274 3 view .LVU6
  55 0018 9A69     		ldr	r2, [r3, #24]
  56 001a 02F01002 		and	r2, r2, #16
  57 001e 0192     		str	r2, [sp, #4]
  58              		.loc 1 274 3 view .LVU7
  59 0020 019A     		ldr	r2, [sp, #4]
  60              	.LBE4:
  61              		.loc 1 274 3 view .LVU8
 275:Core/Src/main.c ****   __HAL_RCC_GPIOB_CLK_ENABLE();
  62              		.loc 1 275 3 view .LVU9
  63              	.LBB5:
  64              		.loc 1 275 3 view .LVU10
  65              		.loc 1 275 3 view .LVU11
  66 0022 9A69     		ldr	r2, [r3, #24]
  67 0024 42F00802 		orr	r2, r2, #8
  68 0028 9A61     		str	r2, [r3, #24]
ARM GAS  /tmp/ccinZ6x2.s 			page 7


  69              		.loc 1 275 3 view .LVU12
  70 002a 9A69     		ldr	r2, [r3, #24]
  71 002c 02F00802 		and	r2, r2, #8
  72 0030 0292     		str	r2, [sp, #8]
  73              		.loc 1 275 3 view .LVU13
  74 0032 029A     		ldr	r2, [sp, #8]
  75              	.LBE5:
  76              		.loc 1 275 3 view .LVU14
 276:Core/Src/main.c ****   __HAL_RCC_GPIOA_CLK_ENABLE();
  77              		.loc 1 276 3 view .LVU15
  78              	.LBB6:
  79              		.loc 1 276 3 view .LVU16
  80              		.loc 1 276 3 view .LVU17
  81 0034 9A69     		ldr	r2, [r3, #24]
  82 0036 42F00402 		orr	r2, r2, #4
  83 003a 9A61     		str	r2, [r3, #24]
  84              		.loc 1 276 3 view .LVU18
  85 003c 9B69     		ldr	r3, [r3, #24]
  86 003e 03F00403 		and	r3, r3, #4
  87 0042 0393     		str	r3, [sp, #12]
  88              		.loc 1 276 3 view .LVU19
  89 0044 039B     		ldr	r3, [sp, #12]
  90              	.LBE6:
  91              		.loc 1 276 3 view .LVU20
 277:Core/Src/main.c **** 
 278:Core/Src/main.c ****   /*Configure GPIO pin Output Level */
 279:Core/Src/main.c ****   HAL_GPIO_WritePin(GPIOC, GPIO_PIN_13, GPIO_PIN_RESET);
  92              		.loc 1 279 3 view .LVU21
  93 0046 0B4D     		ldr	r5, .L3+4
  94 0048 2246     		mov	r2, r4
  95 004a 4FF40051 		mov	r1, #8192
  96 004e 2846     		mov	r0, r5
  97 0050 FFF7FEFF 		bl	HAL_GPIO_WritePin
  98              	.LVL0:
 280:Core/Src/main.c **** 
 281:Core/Src/main.c ****   /*Configure GPIO pin : PC13 */
 282:Core/Src/main.c ****   GPIO_InitStruct.Pin = GPIO_PIN_13;
  99              		.loc 1 282 3 view .LVU22
 100              		.loc 1 282 23 is_stmt 0 view .LVU23
 101 0054 4FF40053 		mov	r3, #8192
 102 0058 0493     		str	r3, [sp, #16]
 283:Core/Src/main.c ****   GPIO_InitStruct.Mode = GPIO_MODE_OUTPUT_PP;
 103              		.loc 1 283 3 is_stmt 1 view .LVU24
 104              		.loc 1 283 24 is_stmt 0 view .LVU25
 105 005a 0123     		movs	r3, #1
 106 005c 0593     		str	r3, [sp, #20]
 284:Core/Src/main.c ****   GPIO_InitStruct.Pull = GPIO_NOPULL;
 107              		.loc 1 284 3 is_stmt 1 view .LVU26
 108              		.loc 1 284 24 is_stmt 0 view .LVU27
 109 005e 0694     		str	r4, [sp, #24]
 285:Core/Src/main.c ****   GPIO_InitStruct.Speed = GPIO_SPEED_FREQ_LOW;
 110              		.loc 1 285 3 is_stmt 1 view .LVU28
 111              		.loc 1 285 25 is_stmt 0 view .LVU29
 112 0060 0223     		movs	r3, #2
 113 0062 0793     		str	r3, [sp, #28]
 286:Core/Src/main.c ****   HAL_GPIO_Init(GPIOC, &GPIO_InitStruct);
 114              		.loc 1 286 3 is_stmt 1 view .LVU30
ARM GAS  /tmp/ccinZ6x2.s 			page 8


 115 0064 04A9     		add	r1, sp, #16
 116 0066 2846     		mov	r0, r5
 117 0068 FFF7FEFF 		bl	HAL_GPIO_Init
 118              	.LVL1:
 287:Core/Src/main.c **** 
 288:Core/Src/main.c ****   /* USER CODE BEGIN MX_GPIO_Init_2 */
 289:Core/Src/main.c **** 
 290:Core/Src/main.c ****   /* USER CODE END MX_GPIO_Init_2 */
 291:Core/Src/main.c **** }
 119              		.loc 1 291 1 is_stmt 0 view .LVU31
 120 006c 09B0     		add	sp, sp, #36
 121              	.LCFI2:
 122              		.cfi_def_cfa_offset 12
 123              		@ sp needed
 124 006e 30BD     		pop	{r4, r5, pc}
 125              	.L4:
 126              		.align	2
 127              	.L3:
 128 0070 00100240 		.word	1073876992
 129 0074 00100140 		.word	1073811456
 130              		.cfi_endproc
 131              	.LFE72:
 133              		.section	.text.Error_Handler,"ax",%progbits
 134              		.align	1
 135              		.global	Error_Handler
 136              		.syntax unified
 137              		.thumb
 138              		.thumb_func
 140              	Error_Handler:
 141              	.LFB73:
 292:Core/Src/main.c **** 
 293:Core/Src/main.c **** /* USER CODE BEGIN 4 */
 294:Core/Src/main.c **** 
 295:Core/Src/main.c **** /* USER CODE END 4 */
 296:Core/Src/main.c **** 
 297:Core/Src/main.c **** /**
 298:Core/Src/main.c ****   * @brief  This function is executed in case of error occurrence.
 299:Core/Src/main.c ****   * @retval None
 300:Core/Src/main.c ****   */
 301:Core/Src/main.c **** void Error_Handler(void)
 302:Core/Src/main.c **** {
 142              		.loc 1 302 1 is_stmt 1 view -0
 143              		.cfi_startproc
 144              		@ Volatile: function does not return.
 145              		@ args = 0, pretend = 0, frame = 0
 146              		@ frame_needed = 0, uses_anonymous_args = 0
 147              		@ link register save eliminated.
 303:Core/Src/main.c ****   /* USER CODE BEGIN Error_Handler_Debug */
 304:Core/Src/main.c ****   /* User can add his own implementation to report the HAL error return state */
 305:Core/Src/main.c ****   __disable_irq();
 148              		.loc 1 305 3 view .LVU33
 149              	.LBB7:
 150              	.LBI7:
 151              		.file 2 "Drivers/CMSIS/Include/cmsis_gcc.h"
   1:Drivers/CMSIS/Include/cmsis_gcc.h **** /**************************************************************************//**
   2:Drivers/CMSIS/Include/cmsis_gcc.h ****  * @file     cmsis_gcc.h
   3:Drivers/CMSIS/Include/cmsis_gcc.h ****  * @brief    CMSIS compiler GCC header file
ARM GAS  /tmp/ccinZ6x2.s 			page 9


   4:Drivers/CMSIS/Include/cmsis_gcc.h ****  * @version  V5.0.4
   5:Drivers/CMSIS/Include/cmsis_gcc.h ****  * @date     09. April 2018
   6:Drivers/CMSIS/Include/cmsis_gcc.h ****  ******************************************************************************/
   7:Drivers/CMSIS/Include/cmsis_gcc.h **** /*
   8:Drivers/CMSIS/Include/cmsis_gcc.h ****  * Copyright (c) 2009-2018 Arm Limited. All rights reserved.
   9:Drivers/CMSIS/Include/cmsis_gcc.h ****  *
  10:Drivers/CMSIS/Include/cmsis_gcc.h ****  * SPDX-License-Identifier: Apache-2.0
  11:Drivers/CMSIS/Include/cmsis_gcc.h ****  *
  12:Drivers/CMSIS/Include/cmsis_gcc.h ****  * Licensed under the Apache License, Version 2.0 (the License); you may
  13:Drivers/CMSIS/Include/cmsis_gcc.h ****  * not use this file except in compliance with the License.
  14:Drivers/CMSIS/Include/cmsis_gcc.h ****  * You may obtain a copy of the License at
  15:Drivers/CMSIS/Include/cmsis_gcc.h ****  *
  16:Drivers/CMSIS/Include/cmsis_gcc.h ****  * www.apache.org/licenses/LICENSE-2.0
  17:Drivers/CMSIS/Include/cmsis_gcc.h ****  *
  18:Drivers/CMSIS/Include/cmsis_gcc.h ****  * Unless required by applicable law or agreed to in writing, software
  19:Drivers/CMSIS/Include/cmsis_gcc.h ****  * distributed under the License is distributed on an AS IS BASIS, WITHOUT
  20:Drivers/CMSIS/Include/cmsis_gcc.h ****  * WARRANTIES OR CONDITIONS OF ANY KIND, either express or implied.
  21:Drivers/CMSIS/Include/cmsis_gcc.h ****  * See the License for the specific language governing permissions and
  22:Drivers/CMSIS/Include/cmsis_gcc.h ****  * limitations under the License.
  23:Drivers/CMSIS/Include/cmsis_gcc.h ****  */
  24:Drivers/CMSIS/Include/cmsis_gcc.h **** 
  25:Drivers/CMSIS/Include/cmsis_gcc.h **** #ifndef __CMSIS_GCC_H
  26:Drivers/CMSIS/Include/cmsis_gcc.h **** #define __CMSIS_GCC_H
  27:Drivers/CMSIS/Include/cmsis_gcc.h **** 
  28:Drivers/CMSIS/Include/cmsis_gcc.h **** /* ignore some GCC warnings */
  29:Drivers/CMSIS/Include/cmsis_gcc.h **** #pragma GCC diagnostic push
  30:Drivers/CMSIS/Include/cmsis_gcc.h **** #pragma GCC diagnostic ignored "-Wsign-conversion"
  31:Drivers/CMSIS/Include/cmsis_gcc.h **** #pragma GCC diagnostic ignored "-Wconversion"
  32:Drivers/CMSIS/Include/cmsis_gcc.h **** #pragma GCC diagnostic ignored "-Wunused-parameter"
  33:Drivers/CMSIS/Include/cmsis_gcc.h **** 
  34:Drivers/CMSIS/Include/cmsis_gcc.h **** /* Fallback for __has_builtin */
  35:Drivers/CMSIS/Include/cmsis_gcc.h **** #ifndef __has_builtin
  36:Drivers/CMSIS/Include/cmsis_gcc.h ****   #define __has_builtin(x) (0)
  37:Drivers/CMSIS/Include/cmsis_gcc.h **** #endif
  38:Drivers/CMSIS/Include/cmsis_gcc.h **** 
  39:Drivers/CMSIS/Include/cmsis_gcc.h **** /* CMSIS compiler specific defines */
  40:Drivers/CMSIS/Include/cmsis_gcc.h **** #ifndef   __ASM
  41:Drivers/CMSIS/Include/cmsis_gcc.h ****   #define __ASM                                  __asm
  42:Drivers/CMSIS/Include/cmsis_gcc.h **** #endif
  43:Drivers/CMSIS/Include/cmsis_gcc.h **** #ifndef   __INLINE
  44:Drivers/CMSIS/Include/cmsis_gcc.h ****   #define __INLINE                               inline
  45:Drivers/CMSIS/Include/cmsis_gcc.h **** #endif
  46:Drivers/CMSIS/Include/cmsis_gcc.h **** #ifndef   __STATIC_INLINE
  47:Drivers/CMSIS/Include/cmsis_gcc.h ****   #define __STATIC_INLINE                        static inline
  48:Drivers/CMSIS/Include/cmsis_gcc.h **** #endif
  49:Drivers/CMSIS/Include/cmsis_gcc.h **** #ifndef   __STATIC_FORCEINLINE                 
  50:Drivers/CMSIS/Include/cmsis_gcc.h ****   #define __STATIC_FORCEINLINE                   __attribute__((always_inline)) static inline
  51:Drivers/CMSIS/Include/cmsis_gcc.h **** #endif                                           
  52:Drivers/CMSIS/Include/cmsis_gcc.h **** #ifndef   __NO_RETURN
  53:Drivers/CMSIS/Include/cmsis_gcc.h ****   #define __NO_RETURN                            __attribute__((__noreturn__))
  54:Drivers/CMSIS/Include/cmsis_gcc.h **** #endif
  55:Drivers/CMSIS/Include/cmsis_gcc.h **** #ifndef   __USED
  56:Drivers/CMSIS/Include/cmsis_gcc.h ****   #define __USED                                 __attribute__((used))
  57:Drivers/CMSIS/Include/cmsis_gcc.h **** #endif
  58:Drivers/CMSIS/Include/cmsis_gcc.h **** #ifndef   __WEAK
  59:Drivers/CMSIS/Include/cmsis_gcc.h ****   #define __WEAK                                 __attribute__((weak))
  60:Drivers/CMSIS/Include/cmsis_gcc.h **** #endif
ARM GAS  /tmp/ccinZ6x2.s 			page 10


  61:Drivers/CMSIS/Include/cmsis_gcc.h **** #ifndef   __PACKED
  62:Drivers/CMSIS/Include/cmsis_gcc.h ****   #define __PACKED                               __attribute__((packed, aligned(1)))
  63:Drivers/CMSIS/Include/cmsis_gcc.h **** #endif
  64:Drivers/CMSIS/Include/cmsis_gcc.h **** #ifndef   __PACKED_STRUCT
  65:Drivers/CMSIS/Include/cmsis_gcc.h ****   #define __PACKED_STRUCT                        struct __attribute__((packed, aligned(1)))
  66:Drivers/CMSIS/Include/cmsis_gcc.h **** #endif
  67:Drivers/CMSIS/Include/cmsis_gcc.h **** #ifndef   __PACKED_UNION
  68:Drivers/CMSIS/Include/cmsis_gcc.h ****   #define __PACKED_UNION                         union __attribute__((packed, aligned(1)))
  69:Drivers/CMSIS/Include/cmsis_gcc.h **** #endif
  70:Drivers/CMSIS/Include/cmsis_gcc.h **** #ifndef   __UNALIGNED_UINT32        /* deprecated */
  71:Drivers/CMSIS/Include/cmsis_gcc.h ****   #pragma GCC diagnostic push
  72:Drivers/CMSIS/Include/cmsis_gcc.h ****   #pragma GCC diagnostic ignored "-Wpacked"
  73:Drivers/CMSIS/Include/cmsis_gcc.h ****   #pragma GCC diagnostic ignored "-Wattributes"
  74:Drivers/CMSIS/Include/cmsis_gcc.h ****   struct __attribute__((packed)) T_UINT32 { uint32_t v; };
  75:Drivers/CMSIS/Include/cmsis_gcc.h ****   #pragma GCC diagnostic pop
  76:Drivers/CMSIS/Include/cmsis_gcc.h ****   #define __UNALIGNED_UINT32(x)                  (((struct T_UINT32 *)(x))->v)
  77:Drivers/CMSIS/Include/cmsis_gcc.h **** #endif
  78:Drivers/CMSIS/Include/cmsis_gcc.h **** #ifndef   __UNALIGNED_UINT16_WRITE
  79:Drivers/CMSIS/Include/cmsis_gcc.h ****   #pragma GCC diagnostic push
  80:Drivers/CMSIS/Include/cmsis_gcc.h ****   #pragma GCC diagnostic ignored "-Wpacked"
  81:Drivers/CMSIS/Include/cmsis_gcc.h ****   #pragma GCC diagnostic ignored "-Wattributes"
  82:Drivers/CMSIS/Include/cmsis_gcc.h ****   __PACKED_STRUCT T_UINT16_WRITE { uint16_t v; };
  83:Drivers/CMSIS/Include/cmsis_gcc.h ****   #pragma GCC diagnostic pop
  84:Drivers/CMSIS/Include/cmsis_gcc.h ****   #define __UNALIGNED_UINT16_WRITE(addr, val)    (void)((((struct T_UINT16_WRITE *)(void *)(addr))-
  85:Drivers/CMSIS/Include/cmsis_gcc.h **** #endif
  86:Drivers/CMSIS/Include/cmsis_gcc.h **** #ifndef   __UNALIGNED_UINT16_READ
  87:Drivers/CMSIS/Include/cmsis_gcc.h ****   #pragma GCC diagnostic push
  88:Drivers/CMSIS/Include/cmsis_gcc.h ****   #pragma GCC diagnostic ignored "-Wpacked"
  89:Drivers/CMSIS/Include/cmsis_gcc.h ****   #pragma GCC diagnostic ignored "-Wattributes"
  90:Drivers/CMSIS/Include/cmsis_gcc.h ****   __PACKED_STRUCT T_UINT16_READ { uint16_t v; };
  91:Drivers/CMSIS/Include/cmsis_gcc.h ****   #pragma GCC diagnostic pop
  92:Drivers/CMSIS/Include/cmsis_gcc.h ****   #define __UNALIGNED_UINT16_READ(addr)          (((const struct T_UINT16_READ *)(const void *)(add
  93:Drivers/CMSIS/Include/cmsis_gcc.h **** #endif
  94:Drivers/CMSIS/Include/cmsis_gcc.h **** #ifndef   __UNALIGNED_UINT32_WRITE
  95:Drivers/CMSIS/Include/cmsis_gcc.h ****   #pragma GCC diagnostic push
  96:Drivers/CMSIS/Include/cmsis_gcc.h ****   #pragma GCC diagnostic ignored "-Wpacked"
  97:Drivers/CMSIS/Include/cmsis_gcc.h ****   #pragma GCC diagnostic ignored "-Wattributes"
  98:Drivers/CMSIS/Include/cmsis_gcc.h ****   __PACKED_STRUCT T_UINT32_WRITE { uint32_t v; };
  99:Drivers/CMSIS/Include/cmsis_gcc.h ****   #pragma GCC diagnostic pop
 100:Drivers/CMSIS/Include/cmsis_gcc.h ****   #define __UNALIGNED_UINT32_WRITE(addr, val)    (void)((((struct T_UINT32_WRITE *)(void *)(addr))-
 101:Drivers/CMSIS/Include/cmsis_gcc.h **** #endif
 102:Drivers/CMSIS/Include/cmsis_gcc.h **** #ifndef   __UNALIGNED_UINT32_READ
 103:Drivers/CMSIS/Include/cmsis_gcc.h ****   #pragma GCC diagnostic push
 104:Drivers/CMSIS/Include/cmsis_gcc.h ****   #pragma GCC diagnostic ignored "-Wpacked"
 105:Drivers/CMSIS/Include/cmsis_gcc.h ****   #pragma GCC diagnostic ignored "-Wattributes"
 106:Drivers/CMSIS/Include/cmsis_gcc.h ****   __PACKED_STRUCT T_UINT32_READ { uint32_t v; };
 107:Drivers/CMSIS/Include/cmsis_gcc.h ****   #pragma GCC diagnostic pop
 108:Drivers/CMSIS/Include/cmsis_gcc.h ****   #define __UNALIGNED_UINT32_READ(addr)          (((const struct T_UINT32_READ *)(const void *)(add
 109:Drivers/CMSIS/Include/cmsis_gcc.h **** #endif
 110:Drivers/CMSIS/Include/cmsis_gcc.h **** #ifndef   __ALIGNED
 111:Drivers/CMSIS/Include/cmsis_gcc.h ****   #define __ALIGNED(x)                           __attribute__((aligned(x)))
 112:Drivers/CMSIS/Include/cmsis_gcc.h **** #endif
 113:Drivers/CMSIS/Include/cmsis_gcc.h **** #ifndef   __RESTRICT
 114:Drivers/CMSIS/Include/cmsis_gcc.h ****   #define __RESTRICT                             __restrict
 115:Drivers/CMSIS/Include/cmsis_gcc.h **** #endif
 116:Drivers/CMSIS/Include/cmsis_gcc.h **** 
 117:Drivers/CMSIS/Include/cmsis_gcc.h **** 
ARM GAS  /tmp/ccinZ6x2.s 			page 11


 118:Drivers/CMSIS/Include/cmsis_gcc.h **** /* ###########################  Core Function Access  ########################### */
 119:Drivers/CMSIS/Include/cmsis_gcc.h **** /** \ingroup  CMSIS_Core_FunctionInterface
 120:Drivers/CMSIS/Include/cmsis_gcc.h ****     \defgroup CMSIS_Core_RegAccFunctions CMSIS Core Register Access Functions
 121:Drivers/CMSIS/Include/cmsis_gcc.h ****   @{
 122:Drivers/CMSIS/Include/cmsis_gcc.h ****  */
 123:Drivers/CMSIS/Include/cmsis_gcc.h **** 
 124:Drivers/CMSIS/Include/cmsis_gcc.h **** /**
 125:Drivers/CMSIS/Include/cmsis_gcc.h ****   \brief   Enable IRQ Interrupts
 126:Drivers/CMSIS/Include/cmsis_gcc.h ****   \details Enables IRQ interrupts by clearing the I-bit in the CPSR.
 127:Drivers/CMSIS/Include/cmsis_gcc.h ****            Can only be executed in Privileged modes.
 128:Drivers/CMSIS/Include/cmsis_gcc.h ****  */
 129:Drivers/CMSIS/Include/cmsis_gcc.h **** __STATIC_FORCEINLINE void __enable_irq(void)
 130:Drivers/CMSIS/Include/cmsis_gcc.h **** {
 131:Drivers/CMSIS/Include/cmsis_gcc.h ****   __ASM volatile ("cpsie i" : : : "memory");
 132:Drivers/CMSIS/Include/cmsis_gcc.h **** }
 133:Drivers/CMSIS/Include/cmsis_gcc.h **** 
 134:Drivers/CMSIS/Include/cmsis_gcc.h **** 
 135:Drivers/CMSIS/Include/cmsis_gcc.h **** /**
 136:Drivers/CMSIS/Include/cmsis_gcc.h ****   \brief   Disable IRQ Interrupts
 137:Drivers/CMSIS/Include/cmsis_gcc.h ****   \details Disables IRQ interrupts by setting the I-bit in the CPSR.
 138:Drivers/CMSIS/Include/cmsis_gcc.h ****            Can only be executed in Privileged modes.
 139:Drivers/CMSIS/Include/cmsis_gcc.h ****  */
 140:Drivers/CMSIS/Include/cmsis_gcc.h **** __STATIC_FORCEINLINE void __disable_irq(void)
 152              		.loc 2 140 27 view .LVU34
 153              	.LBB8:
 141:Drivers/CMSIS/Include/cmsis_gcc.h **** {
 142:Drivers/CMSIS/Include/cmsis_gcc.h ****   __ASM volatile ("cpsid i" : : : "memory");
 154              		.loc 2 142 3 view .LVU35
 155              		.syntax unified
 156              	@ 142 "Drivers/CMSIS/Include/cmsis_gcc.h" 1
 157 0000 72B6     		cpsid i
 158              	@ 0 "" 2
 159              		.thumb
 160              		.syntax unified
 161              	.L6:
 162              	.LBE8:
 163              	.LBE7:
 306:Core/Src/main.c ****   while (1)
 164              		.loc 1 306 3 view .LVU36
 307:Core/Src/main.c ****   {
 308:Core/Src/main.c ****   }
 165              		.loc 1 308 3 view .LVU37
 306:Core/Src/main.c ****   while (1)
 166              		.loc 1 306 9 view .LVU38
 167 0002 FEE7     		b	.L6
 168              		.cfi_endproc
 169              	.LFE73:
 171              		.section	.text.MX_USART1_UART_Init,"ax",%progbits
 172              		.align	1
 173              		.syntax unified
 174              		.thumb
 175              		.thumb_func
 177              	MX_USART1_UART_Init:
 178              	.LFB71:
 234:Core/Src/main.c **** 
 179              		.loc 1 234 1 view -0
 180              		.cfi_startproc
ARM GAS  /tmp/ccinZ6x2.s 			page 12


 181              		@ args = 0, pretend = 0, frame = 0
 182              		@ frame_needed = 0, uses_anonymous_args = 0
 183 0000 08B5     		push	{r3, lr}
 184              	.LCFI3:
 185              		.cfi_def_cfa_offset 8
 186              		.cfi_offset 3, -8
 187              		.cfi_offset 14, -4
 243:Core/Src/main.c ****   huart1.Init.BaudRate = 115200;
 188              		.loc 1 243 3 view .LVU40
 243:Core/Src/main.c ****   huart1.Init.BaudRate = 115200;
 189              		.loc 1 243 19 is_stmt 0 view .LVU41
 190 0002 0A48     		ldr	r0, .L11
 191 0004 0A4B     		ldr	r3, .L11+4
 192 0006 0360     		str	r3, [r0]
 244:Core/Src/main.c ****   huart1.Init.WordLength = UART_WORDLENGTH_8B;
 193              		.loc 1 244 3 is_stmt 1 view .LVU42
 244:Core/Src/main.c ****   huart1.Init.WordLength = UART_WORDLENGTH_8B;
 194              		.loc 1 244 24 is_stmt 0 view .LVU43
 195 0008 4FF4E133 		mov	r3, #115200
 196 000c 4360     		str	r3, [r0, #4]
 245:Core/Src/main.c ****   huart1.Init.StopBits = UART_STOPBITS_1;
 197              		.loc 1 245 3 is_stmt 1 view .LVU44
 245:Core/Src/main.c ****   huart1.Init.StopBits = UART_STOPBITS_1;
 198              		.loc 1 245 26 is_stmt 0 view .LVU45
 199 000e 0023     		movs	r3, #0
 200 0010 8360     		str	r3, [r0, #8]
 246:Core/Src/main.c ****   huart1.Init.Parity = UART_PARITY_NONE;
 201              		.loc 1 246 3 is_stmt 1 view .LVU46
 246:Core/Src/main.c ****   huart1.Init.Parity = UART_PARITY_NONE;
 202              		.loc 1 246 24 is_stmt 0 view .LVU47
 203 0012 C360     		str	r3, [r0, #12]
 247:Core/Src/main.c ****   huart1.Init.Mode = UART_MODE_TX_RX;
 204              		.loc 1 247 3 is_stmt 1 view .LVU48
 247:Core/Src/main.c ****   huart1.Init.Mode = UART_MODE_TX_RX;
 205              		.loc 1 247 22 is_stmt 0 view .LVU49
 206 0014 0361     		str	r3, [r0, #16]
 248:Core/Src/main.c ****   huart1.Init.HwFlowCtl = UART_HWCONTROL_NONE;
 207              		.loc 1 248 3 is_stmt 1 view .LVU50
 248:Core/Src/main.c ****   huart1.Init.HwFlowCtl = UART_HWCONTROL_NONE;
 208              		.loc 1 248 20 is_stmt 0 view .LVU51
 209 0016 0C22     		movs	r2, #12
 210 0018 4261     		str	r2, [r0, #20]
 249:Core/Src/main.c ****   huart1.Init.OverSampling = UART_OVERSAMPLING_16;
 211              		.loc 1 249 3 is_stmt 1 view .LVU52
 249:Core/Src/main.c ****   huart1.Init.OverSampling = UART_OVERSAMPLING_16;
 212              		.loc 1 249 25 is_stmt 0 view .LVU53
 213 001a 8361     		str	r3, [r0, #24]
 250:Core/Src/main.c ****   if (HAL_UART_Init(&huart1) != HAL_OK)
 214              		.loc 1 250 3 is_stmt 1 view .LVU54
 250:Core/Src/main.c ****   if (HAL_UART_Init(&huart1) != HAL_OK)
 215              		.loc 1 250 28 is_stmt 0 view .LVU55
 216 001c C361     		str	r3, [r0, #28]
 251:Core/Src/main.c ****   {
 217              		.loc 1 251 3 is_stmt 1 view .LVU56
 251:Core/Src/main.c ****   {
 218              		.loc 1 251 7 is_stmt 0 view .LVU57
 219 001e FFF7FEFF 		bl	HAL_UART_Init
ARM GAS  /tmp/ccinZ6x2.s 			page 13


 220              	.LVL2:
 251:Core/Src/main.c ****   {
 221              		.loc 1 251 6 discriminator 1 view .LVU58
 222 0022 00B9     		cbnz	r0, .L10
 259:Core/Src/main.c **** 
 223              		.loc 1 259 1 view .LVU59
 224 0024 08BD     		pop	{r3, pc}
 225              	.L10:
 253:Core/Src/main.c ****   }
 226              		.loc 1 253 5 is_stmt 1 view .LVU60
 227 0026 FFF7FEFF 		bl	Error_Handler
 228              	.LVL3:
 229              	.L12:
 230 002a 00BF     		.align	2
 231              	.L11:
 232 002c 00000000 		.word	huart1
 233 0030 00380140 		.word	1073821696
 234              		.cfi_endproc
 235              	.LFE71:
 237              		.section	.text.MX_ADC1_Init,"ax",%progbits
 238              		.align	1
 239              		.syntax unified
 240              		.thumb
 241              		.thumb_func
 243              	MX_ADC1_Init:
 244              	.LFB70:
 187:Core/Src/main.c **** 
 245              		.loc 1 187 1 view -0
 246              		.cfi_startproc
 247              		@ args = 0, pretend = 0, frame = 16
 248              		@ frame_needed = 0, uses_anonymous_args = 0
 249 0000 00B5     		push	{lr}
 250              	.LCFI4:
 251              		.cfi_def_cfa_offset 4
 252              		.cfi_offset 14, -4
 253 0002 85B0     		sub	sp, sp, #20
 254              	.LCFI5:
 255              		.cfi_def_cfa_offset 24
 193:Core/Src/main.c **** 
 256              		.loc 1 193 3 view .LVU62
 193:Core/Src/main.c **** 
 257              		.loc 1 193 26 is_stmt 0 view .LVU63
 258 0004 0023     		movs	r3, #0
 259 0006 0193     		str	r3, [sp, #4]
 260 0008 0293     		str	r3, [sp, #8]
 261 000a 0393     		str	r3, [sp, #12]
 201:Core/Src/main.c ****   hadc1.Init.ScanConvMode = ADC_SCAN_DISABLE;
 262              		.loc 1 201 3 is_stmt 1 view .LVU64
 201:Core/Src/main.c ****   hadc1.Init.ScanConvMode = ADC_SCAN_DISABLE;
 263              		.loc 1 201 18 is_stmt 0 view .LVU65
 264 000c 1048     		ldr	r0, .L19
 265 000e 114A     		ldr	r2, .L19+4
 266 0010 0260     		str	r2, [r0]
 202:Core/Src/main.c ****   hadc1.Init.ContinuousConvMode = DISABLE;
 267              		.loc 1 202 3 is_stmt 1 view .LVU66
 202:Core/Src/main.c ****   hadc1.Init.ContinuousConvMode = DISABLE;
 268              		.loc 1 202 27 is_stmt 0 view .LVU67
ARM GAS  /tmp/ccinZ6x2.s 			page 14


 269 0012 8360     		str	r3, [r0, #8]
 203:Core/Src/main.c ****   hadc1.Init.DiscontinuousConvMode = DISABLE;
 270              		.loc 1 203 3 is_stmt 1 view .LVU68
 203:Core/Src/main.c ****   hadc1.Init.DiscontinuousConvMode = DISABLE;
 271              		.loc 1 203 33 is_stmt 0 view .LVU69
 272 0014 0373     		strb	r3, [r0, #12]
 204:Core/Src/main.c ****   hadc1.Init.ExternalTrigConv = ADC_SOFTWARE_START;
 273              		.loc 1 204 3 is_stmt 1 view .LVU70
 204:Core/Src/main.c ****   hadc1.Init.ExternalTrigConv = ADC_SOFTWARE_START;
 274              		.loc 1 204 36 is_stmt 0 view .LVU71
 275 0016 0375     		strb	r3, [r0, #20]
 205:Core/Src/main.c ****   hadc1.Init.DataAlign = ADC_DATAALIGN_RIGHT;
 276              		.loc 1 205 3 is_stmt 1 view .LVU72
 205:Core/Src/main.c ****   hadc1.Init.DataAlign = ADC_DATAALIGN_RIGHT;
 277              		.loc 1 205 31 is_stmt 0 view .LVU73
 278 0018 4FF46022 		mov	r2, #917504
 279 001c C261     		str	r2, [r0, #28]
 206:Core/Src/main.c ****   hadc1.Init.NbrOfConversion = 1;
 280              		.loc 1 206 3 is_stmt 1 view .LVU74
 206:Core/Src/main.c ****   hadc1.Init.NbrOfConversion = 1;
 281              		.loc 1 206 24 is_stmt 0 view .LVU75
 282 001e 4360     		str	r3, [r0, #4]
 207:Core/Src/main.c ****   if (HAL_ADC_Init(&hadc1) != HAL_OK)
 283              		.loc 1 207 3 is_stmt 1 view .LVU76
 207:Core/Src/main.c ****   if (HAL_ADC_Init(&hadc1) != HAL_OK)
 284              		.loc 1 207 30 is_stmt 0 view .LVU77
 285 0020 0123     		movs	r3, #1
 286 0022 0361     		str	r3, [r0, #16]
 208:Core/Src/main.c ****   {
 287              		.loc 1 208 3 is_stmt 1 view .LVU78
 208:Core/Src/main.c ****   {
 288              		.loc 1 208 7 is_stmt 0 view .LVU79
 289 0024 FFF7FEFF 		bl	HAL_ADC_Init
 290              	.LVL4:
 208:Core/Src/main.c ****   {
 291              		.loc 1 208 6 discriminator 1 view .LVU80
 292 0028 68B9     		cbnz	r0, .L17
 215:Core/Src/main.c ****   sConfig.Rank = ADC_REGULAR_RANK_1;
 293              		.loc 1 215 3 is_stmt 1 view .LVU81
 215:Core/Src/main.c ****   sConfig.Rank = ADC_REGULAR_RANK_1;
 294              		.loc 1 215 19 is_stmt 0 view .LVU82
 295 002a 0923     		movs	r3, #9
 296 002c 0193     		str	r3, [sp, #4]
 216:Core/Src/main.c ****   sConfig.SamplingTime = ADC_SAMPLETIME_1CYCLE_5;
 297              		.loc 1 216 3 is_stmt 1 view .LVU83
 216:Core/Src/main.c ****   sConfig.SamplingTime = ADC_SAMPLETIME_1CYCLE_5;
 298              		.loc 1 216 16 is_stmt 0 view .LVU84
 299 002e 0123     		movs	r3, #1
 300 0030 0293     		str	r3, [sp, #8]
 217:Core/Src/main.c ****   if (HAL_ADC_ConfigChannel(&hadc1, &sConfig) != HAL_OK)
 301              		.loc 1 217 3 is_stmt 1 view .LVU85
 217:Core/Src/main.c ****   if (HAL_ADC_ConfigChannel(&hadc1, &sConfig) != HAL_OK)
 302              		.loc 1 217 24 is_stmt 0 view .LVU86
 303 0032 0023     		movs	r3, #0
 304 0034 0393     		str	r3, [sp, #12]
 218:Core/Src/main.c ****   {
 305              		.loc 1 218 3 is_stmt 1 view .LVU87
ARM GAS  /tmp/ccinZ6x2.s 			page 15


 218:Core/Src/main.c ****   {
 306              		.loc 1 218 7 is_stmt 0 view .LVU88
 307 0036 01A9     		add	r1, sp, #4
 308 0038 0548     		ldr	r0, .L19
 309 003a FFF7FEFF 		bl	HAL_ADC_ConfigChannel
 310              	.LVL5:
 218:Core/Src/main.c ****   {
 311              		.loc 1 218 6 discriminator 1 view .LVU89
 312 003e 20B9     		cbnz	r0, .L18
 226:Core/Src/main.c **** 
 313              		.loc 1 226 1 view .LVU90
 314 0040 05B0     		add	sp, sp, #20
 315              	.LCFI6:
 316              		.cfi_remember_state
 317              		.cfi_def_cfa_offset 4
 318              		@ sp needed
 319 0042 5DF804FB 		ldr	pc, [sp], #4
 320              	.L17:
 321              	.LCFI7:
 322              		.cfi_restore_state
 210:Core/Src/main.c ****   }
 323              		.loc 1 210 5 is_stmt 1 view .LVU91
 324 0046 FFF7FEFF 		bl	Error_Handler
 325              	.LVL6:
 326              	.L18:
 220:Core/Src/main.c ****   }
 327              		.loc 1 220 5 view .LVU92
 328 004a FFF7FEFF 		bl	Error_Handler
 329              	.LVL7:
 330              	.L20:
 331 004e 00BF     		.align	2
 332              	.L19:
 333 0050 00000000 		.word	hadc1
 334 0054 00240140 		.word	1073816576
 335              		.cfi_endproc
 336              	.LFE70:
 338              		.section	.text.SystemClock_Config,"ax",%progbits
 339              		.align	1
 340              		.global	SystemClock_Config
 341              		.syntax unified
 342              		.thumb
 343              		.thumb_func
 345              	SystemClock_Config:
 346              	.LFB69:
 143:Core/Src/main.c ****   RCC_OscInitTypeDef RCC_OscInitStruct = {0};
 347              		.loc 1 143 1 view -0
 348              		.cfi_startproc
 349              		@ args = 0, pretend = 0, frame = 80
 350              		@ frame_needed = 0, uses_anonymous_args = 0
 351 0000 00B5     		push	{lr}
 352              	.LCFI8:
 353              		.cfi_def_cfa_offset 4
 354              		.cfi_offset 14, -4
 355 0002 95B0     		sub	sp, sp, #84
 356              	.LCFI9:
 357              		.cfi_def_cfa_offset 88
 144:Core/Src/main.c ****   RCC_ClkInitTypeDef RCC_ClkInitStruct = {0};
ARM GAS  /tmp/ccinZ6x2.s 			page 16


 358              		.loc 1 144 3 view .LVU94
 144:Core/Src/main.c ****   RCC_ClkInitTypeDef RCC_ClkInitStruct = {0};
 359              		.loc 1 144 22 is_stmt 0 view .LVU95
 360 0004 2822     		movs	r2, #40
 361 0006 0021     		movs	r1, #0
 362 0008 0DEB0200 		add	r0, sp, r2
 363 000c FFF7FEFF 		bl	memset
 364              	.LVL8:
 145:Core/Src/main.c ****   RCC_PeriphCLKInitTypeDef PeriphClkInit = {0};
 365              		.loc 1 145 3 is_stmt 1 view .LVU96
 145:Core/Src/main.c ****   RCC_PeriphCLKInitTypeDef PeriphClkInit = {0};
 366              		.loc 1 145 22 is_stmt 0 view .LVU97
 367 0010 0023     		movs	r3, #0
 368 0012 0593     		str	r3, [sp, #20]
 369 0014 0693     		str	r3, [sp, #24]
 370 0016 0793     		str	r3, [sp, #28]
 371 0018 0893     		str	r3, [sp, #32]
 372 001a 0993     		str	r3, [sp, #36]
 146:Core/Src/main.c **** 
 373              		.loc 1 146 3 is_stmt 1 view .LVU98
 146:Core/Src/main.c **** 
 374              		.loc 1 146 28 is_stmt 0 view .LVU99
 375 001c 0193     		str	r3, [sp, #4]
 376 001e 0293     		str	r3, [sp, #8]
 377 0020 0393     		str	r3, [sp, #12]
 378 0022 0493     		str	r3, [sp, #16]
 151:Core/Src/main.c ****   RCC_OscInitStruct.HSIState = RCC_HSI_ON;
 379              		.loc 1 151 3 is_stmt 1 view .LVU100
 151:Core/Src/main.c ****   RCC_OscInitStruct.HSIState = RCC_HSI_ON;
 380              		.loc 1 151 36 is_stmt 0 view .LVU101
 381 0024 0223     		movs	r3, #2
 382 0026 0A93     		str	r3, [sp, #40]
 152:Core/Src/main.c ****   RCC_OscInitStruct.HSICalibrationValue = RCC_HSICALIBRATION_DEFAULT;
 383              		.loc 1 152 3 is_stmt 1 view .LVU102
 152:Core/Src/main.c ****   RCC_OscInitStruct.HSICalibrationValue = RCC_HSICALIBRATION_DEFAULT;
 384              		.loc 1 152 30 is_stmt 0 view .LVU103
 385 0028 0123     		movs	r3, #1
 386 002a 0E93     		str	r3, [sp, #56]
 153:Core/Src/main.c ****   RCC_OscInitStruct.PLL.PLLState = RCC_PLL_NONE;
 387              		.loc 1 153 3 is_stmt 1 view .LVU104
 153:Core/Src/main.c ****   RCC_OscInitStruct.PLL.PLLState = RCC_PLL_NONE;
 388              		.loc 1 153 41 is_stmt 0 view .LVU105
 389 002c 1023     		movs	r3, #16
 390 002e 0F93     		str	r3, [sp, #60]
 154:Core/Src/main.c ****   if (HAL_RCC_OscConfig(&RCC_OscInitStruct) != HAL_OK)
 391              		.loc 1 154 3 is_stmt 1 view .LVU106
 155:Core/Src/main.c ****   {
 392              		.loc 1 155 3 view .LVU107
 155:Core/Src/main.c ****   {
 393              		.loc 1 155 7 is_stmt 0 view .LVU108
 394 0030 0AA8     		add	r0, sp, #40
 395 0032 FFF7FEFF 		bl	HAL_RCC_OscConfig
 396              	.LVL9:
 155:Core/Src/main.c ****   {
 397              		.loc 1 155 6 discriminator 1 view .LVU109
 398 0036 A8B9     		cbnz	r0, .L26
 162:Core/Src/main.c ****                               |RCC_CLOCKTYPE_PCLK1|RCC_CLOCKTYPE_PCLK2;
ARM GAS  /tmp/ccinZ6x2.s 			page 17


 399              		.loc 1 162 3 is_stmt 1 view .LVU110
 162:Core/Src/main.c ****                               |RCC_CLOCKTYPE_PCLK1|RCC_CLOCKTYPE_PCLK2;
 400              		.loc 1 162 31 is_stmt 0 view .LVU111
 401 0038 0F23     		movs	r3, #15
 402 003a 0593     		str	r3, [sp, #20]
 164:Core/Src/main.c ****   RCC_ClkInitStruct.AHBCLKDivider = RCC_SYSCLK_DIV1;
 403              		.loc 1 164 3 is_stmt 1 view .LVU112
 164:Core/Src/main.c ****   RCC_ClkInitStruct.AHBCLKDivider = RCC_SYSCLK_DIV1;
 404              		.loc 1 164 34 is_stmt 0 view .LVU113
 405 003c 0021     		movs	r1, #0
 406 003e 0691     		str	r1, [sp, #24]
 165:Core/Src/main.c ****   RCC_ClkInitStruct.APB1CLKDivider = RCC_HCLK_DIV1;
 407              		.loc 1 165 3 is_stmt 1 view .LVU114
 165:Core/Src/main.c ****   RCC_ClkInitStruct.APB1CLKDivider = RCC_HCLK_DIV1;
 408              		.loc 1 165 35 is_stmt 0 view .LVU115
 409 0040 0791     		str	r1, [sp, #28]
 166:Core/Src/main.c ****   RCC_ClkInitStruct.APB2CLKDivider = RCC_HCLK_DIV1;
 410              		.loc 1 166 3 is_stmt 1 view .LVU116
 166:Core/Src/main.c ****   RCC_ClkInitStruct.APB2CLKDivider = RCC_HCLK_DIV1;
 411              		.loc 1 166 36 is_stmt 0 view .LVU117
 412 0042 0891     		str	r1, [sp, #32]
 167:Core/Src/main.c **** 
 413              		.loc 1 167 3 is_stmt 1 view .LVU118
 167:Core/Src/main.c **** 
 414              		.loc 1 167 36 is_stmt 0 view .LVU119
 415 0044 0991     		str	r1, [sp, #36]
 169:Core/Src/main.c ****   {
 416              		.loc 1 169 3 is_stmt 1 view .LVU120
 169:Core/Src/main.c ****   {
 417              		.loc 1 169 7 is_stmt 0 view .LVU121
 418 0046 05A8     		add	r0, sp, #20
 419 0048 FFF7FEFF 		bl	HAL_RCC_ClockConfig
 420              	.LVL10:
 169:Core/Src/main.c ****   {
 421              		.loc 1 169 6 discriminator 1 view .LVU122
 422 004c 60B9     		cbnz	r0, .L27
 173:Core/Src/main.c ****   PeriphClkInit.AdcClockSelection = RCC_ADCPCLK2_DIV2;
 423              		.loc 1 173 3 is_stmt 1 view .LVU123
 173:Core/Src/main.c ****   PeriphClkInit.AdcClockSelection = RCC_ADCPCLK2_DIV2;
 424              		.loc 1 173 38 is_stmt 0 view .LVU124
 425 004e 0223     		movs	r3, #2
 426 0050 0193     		str	r3, [sp, #4]
 174:Core/Src/main.c ****   if (HAL_RCCEx_PeriphCLKConfig(&PeriphClkInit) != HAL_OK)
 427              		.loc 1 174 3 is_stmt 1 view .LVU125
 174:Core/Src/main.c ****   if (HAL_RCCEx_PeriphCLKConfig(&PeriphClkInit) != HAL_OK)
 428              		.loc 1 174 35 is_stmt 0 view .LVU126
 429 0052 0023     		movs	r3, #0
 430 0054 0393     		str	r3, [sp, #12]
 175:Core/Src/main.c ****   {
 431              		.loc 1 175 3 is_stmt 1 view .LVU127
 175:Core/Src/main.c ****   {
 432              		.loc 1 175 7 is_stmt 0 view .LVU128
 433 0056 01A8     		add	r0, sp, #4
 434 0058 FFF7FEFF 		bl	HAL_RCCEx_PeriphCLKConfig
 435              	.LVL11:
 175:Core/Src/main.c ****   {
 436              		.loc 1 175 6 discriminator 1 view .LVU129
ARM GAS  /tmp/ccinZ6x2.s 			page 18


 437 005c 30B9     		cbnz	r0, .L28
 179:Core/Src/main.c **** 
 438              		.loc 1 179 1 view .LVU130
 439 005e 15B0     		add	sp, sp, #84
 440              	.LCFI10:
 441              		.cfi_remember_state
 442              		.cfi_def_cfa_offset 4
 443              		@ sp needed
 444 0060 5DF804FB 		ldr	pc, [sp], #4
 445              	.L26:
 446              	.LCFI11:
 447              		.cfi_restore_state
 157:Core/Src/main.c ****   }
 448              		.loc 1 157 5 is_stmt 1 view .LVU131
 449 0064 FFF7FEFF 		bl	Error_Handler
 450              	.LVL12:
 451              	.L27:
 171:Core/Src/main.c ****   }
 452              		.loc 1 171 5 view .LVU132
 453 0068 FFF7FEFF 		bl	Error_Handler
 454              	.LVL13:
 455              	.L28:
 177:Core/Src/main.c ****   }
 456              		.loc 1 177 5 view .LVU133
 457 006c FFF7FEFF 		bl	Error_Handler
 458              	.LVL14:
 459              		.cfi_endproc
 460              	.LFE69:
 462              		.section	.rodata.main.str1.4,"aMS",%progbits,1
 463              		.align	2
 464              	.LC0:
 465 0000 4144435F 		.ascii	"ADC_PB1: %lu V\015\012\000"
 465      5042313A 
 465      20256C75 
 465      20560D0A 
 465      00
 466              		.section	.text.main,"ax",%progbits
 467              		.align	1
 468              		.global	main
 469              		.syntax unified
 470              		.thumb
 471              		.thumb_func
 473              	main:
 474              	.LFB68:
  75:Core/Src/main.c **** 
 475              		.loc 1 75 1 view -0
 476              		.cfi_startproc
 477              		@ args = 0, pretend = 0, frame = 32
 478              		@ frame_needed = 0, uses_anonymous_args = 0
 479 0000 00B5     		push	{lr}
 480              	.LCFI12:
 481              		.cfi_def_cfa_offset 4
 482              		.cfi_offset 14, -4
 483 0002 89B0     		sub	sp, sp, #36
 484              	.LCFI13:
 485              		.cfi_def_cfa_offset 40
  84:Core/Src/main.c **** 
ARM GAS  /tmp/ccinZ6x2.s 			page 19


 486              		.loc 1 84 3 view .LVU135
 487 0004 FFF7FEFF 		bl	HAL_Init
 488              	.LVL15:
  91:Core/Src/main.c **** 
 489              		.loc 1 91 3 view .LVU136
 490 0008 FFF7FEFF 		bl	SystemClock_Config
 491              	.LVL16:
  98:Core/Src/main.c ****   MX_USART1_UART_Init();
 492              		.loc 1 98 3 view .LVU137
 493 000c FFF7FEFF 		bl	MX_GPIO_Init
 494              	.LVL17:
  99:Core/Src/main.c ****   MX_ADC1_Init();
 495              		.loc 1 99 3 view .LVU138
 496 0010 FFF7FEFF 		bl	MX_USART1_UART_Init
 497              	.LVL18:
 100:Core/Src/main.c ****   /* USER CODE BEGIN 2 */
 498              		.loc 1 100 3 view .LVU139
 499 0014 FFF7FEFF 		bl	MX_ADC1_Init
 500              	.LVL19:
 501 0018 06E0     		b	.L31
 502              	.L30:
 503              	.LBB9:
 130:Core/Src/main.c ****     HAL_Delay(1000);
 504              		.loc 1 130 5 view .LVU140
 505 001a 1248     		ldr	r0, .L33
 506 001c FFF7FEFF 		bl	HAL_ADC_Stop
 507              	.LVL20:
 131:Core/Src/main.c **** 
 508              		.loc 1 131 5 view .LVU141
 509 0020 4FF47A70 		mov	r0, #1000
 510 0024 FFF7FEFF 		bl	HAL_Delay
 511              	.LVL21:
 512              	.LBE9:
 107:Core/Src/main.c ****   {
 513              		.loc 1 107 9 view .LVU142
 514              	.L31:
 107:Core/Src/main.c ****   {
 515              		.loc 1 107 3 view .LVU143
 516              	.LBB11:
 111:Core/Src/main.c ****     char adc_message[32];
 517              		.loc 1 111 5 view .LVU144
 112:Core/Src/main.c **** 
 518              		.loc 1 112 5 view .LVU145
 114:Core/Src/main.c ****         HAL_ADC_PollForConversion(&hadc1, 10) == HAL_OK)
 519              		.loc 1 114 5 view .LVU146
 114:Core/Src/main.c ****         HAL_ADC_PollForConversion(&hadc1, 10) == HAL_OK)
 520              		.loc 1 114 9 is_stmt 0 view .LVU147
 521 0028 0E48     		ldr	r0, .L33
 522 002a FFF7FEFF 		bl	HAL_ADC_Start
 523              	.LVL22:
 114:Core/Src/main.c ****         HAL_ADC_PollForConversion(&hadc1, 10) == HAL_OK)
 524              		.loc 1 114 8 discriminator 1 view .LVU148
 525 002e 0028     		cmp	r0, #0
 526 0030 F3D1     		bne	.L30
 115:Core/Src/main.c ****     {
 527              		.loc 1 115 9 view .LVU149
 528 0032 0A21     		movs	r1, #10
ARM GAS  /tmp/ccinZ6x2.s 			page 20


 529 0034 0B48     		ldr	r0, .L33
 530 0036 FFF7FEFF 		bl	HAL_ADC_PollForConversion
 531              	.LVL23:
 114:Core/Src/main.c ****         HAL_ADC_PollForConversion(&hadc1, 10) == HAL_OK)
 532              		.loc 1 114 41 discriminator 1 view .LVU150
 533 003a 0028     		cmp	r0, #0
 534 003c EDD1     		bne	.L30
 535              	.LBB10:
 117:Core/Src/main.c ****       uint32_t voltage_mV = adc_value ;
 536              		.loc 1 117 7 is_stmt 1 view .LVU151
 117:Core/Src/main.c ****       uint32_t voltage_mV = adc_value ;
 537              		.loc 1 117 19 is_stmt 0 view .LVU152
 538 003e 0948     		ldr	r0, .L33
 539 0040 FFF7FEFF 		bl	HAL_ADC_GetValue
 540              	.LVL24:
 541 0044 0346     		mov	r3, r0
 542              	.LVL25:
 118:Core/Src/main.c ****       int message_length = snprintf(adc_message, sizeof(adc_message),
 543              		.loc 1 118 7 is_stmt 1 view .LVU153
 119:Core/Src/main.c ****                                     "ADC_PB1: %lu V\r\n",
 544              		.loc 1 119 7 view .LVU154
 119:Core/Src/main.c ****                                     "ADC_PB1: %lu V\r\n",
 545              		.loc 1 119 28 is_stmt 0 view .LVU155
 546 0046 084A     		ldr	r2, .L33+4
 547 0048 2021     		movs	r1, #32
 548 004a 6846     		mov	r0, sp
 549              	.LVL26:
 119:Core/Src/main.c ****                                     "ADC_PB1: %lu V\r\n",
 550              		.loc 1 119 28 view .LVU156
 551 004c FFF7FEFF 		bl	snprintf
 552              	.LVL27:
 124:Core/Src/main.c ****       {
 553              		.loc 1 124 7 is_stmt 1 view .LVU157
 124:Core/Src/main.c ****       {
 554              		.loc 1 124 10 is_stmt 0 view .LVU158
 555 0050 0028     		cmp	r0, #0
 124:Core/Src/main.c ****       {
 556              		.loc 1 124 10 view .LVU159
 557 0052 E2DD     		ble	.L30
 126:Core/Src/main.c ****                           (uint16_t)message_length, HAL_MAX_DELAY);
 558              		.loc 1 126 9 is_stmt 1 view .LVU160
 559 0054 4FF0FF33 		mov	r3, #-1
 560 0058 82B2     		uxth	r2, r0
 561 005a 6946     		mov	r1, sp
 562 005c 0348     		ldr	r0, .L33+8
 563              	.LVL28:
 126:Core/Src/main.c ****                           (uint16_t)message_length, HAL_MAX_DELAY);
 564              		.loc 1 126 9 is_stmt 0 view .LVU161
 565 005e FFF7FEFF 		bl	HAL_UART_Transmit
 566              	.LVL29:
 567 0062 DAE7     		b	.L30
 568              	.L34:
 569              		.align	2
 570              	.L33:
 571 0064 00000000 		.word	hadc1
 572 0068 00000000 		.word	.LC0
 573 006c 00000000 		.word	huart1
ARM GAS  /tmp/ccinZ6x2.s 			page 21


 574              	.LBE10:
 575              	.LBE11:
 576              		.cfi_endproc
 577              	.LFE68:
 579              		.global	huart1
 580              		.section	.bss.huart1,"aw",%nobits
 581              		.align	2
 584              	huart1:
 585 0000 00000000 		.space	72
 585      00000000 
 585      00000000 
 585      00000000 
 585      00000000 
 586              		.global	hadc1
 587              		.section	.bss.hadc1,"aw",%nobits
 588              		.align	2
 591              	hadc1:
 592 0000 00000000 		.space	48
 592      00000000 
 592      00000000 
 592      00000000 
 592      00000000 
 593              		.text
 594              	.Letext0:
 595              		.file 3 "/usr/lib/gcc/arm-none-eabi/13.2.1/include/stdint.h"
 596              		.file 4 "Drivers/CMSIS/Device/ST/STM32F1xx/Include/stm32f103xb.h"
 597              		.file 5 "Drivers/CMSIS/Device/ST/STM32F1xx/Include/stm32f1xx.h"
 598              		.file 6 "/usr/lib/gcc/arm-none-eabi/13.2.1/include/stddef.h"
 599              		.file 7 "Drivers/STM32F1xx_HAL_Driver/Inc/stm32f1xx_hal_def.h"
 600              		.file 8 "Drivers/STM32F1xx_HAL_Driver/Inc/stm32f1xx_hal_rcc.h"
 601              		.file 9 "Drivers/STM32F1xx_HAL_Driver/Inc/stm32f1xx_hal_rcc_ex.h"
 602              		.file 10 "Drivers/STM32F1xx_HAL_Driver/Inc/stm32f1xx_hal_gpio.h"
 603              		.file 11 "Drivers/STM32F1xx_HAL_Driver/Inc/stm32f1xx_hal_dma.h"
 604              		.file 12 "Drivers/STM32F1xx_HAL_Driver/Inc/stm32f1xx_hal_adc.h"
 605              		.file 13 "Drivers/STM32F1xx_HAL_Driver/Inc/stm32f1xx_hal_uart.h"
 606              		.file 14 "Drivers/STM32F1xx_HAL_Driver/Inc/stm32f1xx_hal.h"
 607              		.file 15 "/usr/include/newlib/stdio.h"
 608              		.file 16 "<built-in>"
ARM GAS  /tmp/ccinZ6x2.s 			page 22


DEFINED SYMBOLS
                            *ABS*:00000000 main.c
     /tmp/ccinZ6x2.s:19     .text.MX_GPIO_Init:00000000 $t
     /tmp/ccinZ6x2.s:24     .text.MX_GPIO_Init:00000000 MX_GPIO_Init
     /tmp/ccinZ6x2.s:128    .text.MX_GPIO_Init:00000070 $d
     /tmp/ccinZ6x2.s:134    .text.Error_Handler:00000000 $t
     /tmp/ccinZ6x2.s:140    .text.Error_Handler:00000000 Error_Handler
     /tmp/ccinZ6x2.s:172    .text.MX_USART1_UART_Init:00000000 $t
     /tmp/ccinZ6x2.s:177    .text.MX_USART1_UART_Init:00000000 MX_USART1_UART_Init
     /tmp/ccinZ6x2.s:232    .text.MX_USART1_UART_Init:0000002c $d
     /tmp/ccinZ6x2.s:584    .bss.huart1:00000000 huart1
     /tmp/ccinZ6x2.s:238    .text.MX_ADC1_Init:00000000 $t
     /tmp/ccinZ6x2.s:243    .text.MX_ADC1_Init:00000000 MX_ADC1_Init
     /tmp/ccinZ6x2.s:333    .text.MX_ADC1_Init:00000050 $d
     /tmp/ccinZ6x2.s:591    .bss.hadc1:00000000 hadc1
     /tmp/ccinZ6x2.s:339    .text.SystemClock_Config:00000000 $t
     /tmp/ccinZ6x2.s:345    .text.SystemClock_Config:00000000 SystemClock_Config
     /tmp/ccinZ6x2.s:463    .rodata.main.str1.4:00000000 $d
     /tmp/ccinZ6x2.s:467    .text.main:00000000 $t
     /tmp/ccinZ6x2.s:473    .text.main:00000000 main
     /tmp/ccinZ6x2.s:571    .text.main:00000064 $d
     /tmp/ccinZ6x2.s:581    .bss.huart1:00000000 $d
     /tmp/ccinZ6x2.s:588    .bss.hadc1:00000000 $d

UNDEFINED SYMBOLS
HAL_GPIO_WritePin
HAL_GPIO_Init
HAL_UART_Init
HAL_ADC_Init
HAL_ADC_ConfigChannel
memset
HAL_RCC_OscConfig
HAL_RCC_ClockConfig
HAL_RCCEx_PeriphCLKConfig
HAL_Init
HAL_ADC_Stop
HAL_Delay
HAL_ADC_Start
HAL_ADC_PollForConversion
HAL_ADC_GetValue
snprintf
HAL_UART_Transmit
