ARM GAS  /tmp/ccG3Cq9V.s 			page 1


   1              		.cpu cortex-m3
   2              		.arch armv7-m
   3              		.fpu softvfp
   4              		.eabi_attribute 20, 1
   5              		.eabi_attribute 21, 1
   6              		.eabi_attribute 23, 3
   7              		.eabi_attribute 24, 1
   8              		.eabi_attribute 25, 1
   9              		.eabi_attribute 26, 1
  10              		.eabi_attribute 30, 1
  11              		.eabi_attribute 34, 1
  12              		.eabi_attribute 18, 4
  13              		.file	"stm32f1xx_hal_msp.c"
  14              		.text
  15              	.Ltext0:
  16              		.cfi_sections	.debug_frame
  17              		.file 1 "Core/Src/stm32f1xx_hal_msp.c"
  18              		.section	.text.HAL_MspInit,"ax",%progbits
  19              		.align	1
  20              		.global	HAL_MspInit
  21              		.syntax unified
  22              		.thumb
  23              		.thumb_func
  25              	HAL_MspInit:
  26              	.LFB65:
   1:Core/Src/stm32f1xx_hal_msp.c **** /* USER CODE BEGIN Header */
   2:Core/Src/stm32f1xx_hal_msp.c **** /**
   3:Core/Src/stm32f1xx_hal_msp.c ****   ******************************************************************************
   4:Core/Src/stm32f1xx_hal_msp.c ****   * @file         stm32f1xx_hal_msp.c
   5:Core/Src/stm32f1xx_hal_msp.c ****   * @brief        This file provides code for the MSP Initialization
   6:Core/Src/stm32f1xx_hal_msp.c ****   *               and de-Initialization codes.
   7:Core/Src/stm32f1xx_hal_msp.c ****   ******************************************************************************
   8:Core/Src/stm32f1xx_hal_msp.c ****   * @attention
   9:Core/Src/stm32f1xx_hal_msp.c ****   *
  10:Core/Src/stm32f1xx_hal_msp.c ****   * Copyright (c) 2026 STMicroelectronics.
  11:Core/Src/stm32f1xx_hal_msp.c ****   * All rights reserved.
  12:Core/Src/stm32f1xx_hal_msp.c ****   *
  13:Core/Src/stm32f1xx_hal_msp.c ****   * This software is licensed under terms that can be found in the LICENSE file
  14:Core/Src/stm32f1xx_hal_msp.c ****   * in the root directory of this software component.
  15:Core/Src/stm32f1xx_hal_msp.c ****   * If no LICENSE file comes with this software, it is provided AS-IS.
  16:Core/Src/stm32f1xx_hal_msp.c ****   *
  17:Core/Src/stm32f1xx_hal_msp.c ****   ******************************************************************************
  18:Core/Src/stm32f1xx_hal_msp.c ****   */
  19:Core/Src/stm32f1xx_hal_msp.c **** /* USER CODE END Header */
  20:Core/Src/stm32f1xx_hal_msp.c **** /* Includes ------------------------------------------------------------------*/
  21:Core/Src/stm32f1xx_hal_msp.c **** #include "main.h"
  22:Core/Src/stm32f1xx_hal_msp.c **** /* USER CODE BEGIN Includes */
  23:Core/Src/stm32f1xx_hal_msp.c **** 
  24:Core/Src/stm32f1xx_hal_msp.c **** /* USER CODE END Includes */
  25:Core/Src/stm32f1xx_hal_msp.c **** 
  26:Core/Src/stm32f1xx_hal_msp.c **** /* Private typedef -----------------------------------------------------------*/
  27:Core/Src/stm32f1xx_hal_msp.c **** /* USER CODE BEGIN TD */
  28:Core/Src/stm32f1xx_hal_msp.c **** 
  29:Core/Src/stm32f1xx_hal_msp.c **** /* USER CODE END TD */
  30:Core/Src/stm32f1xx_hal_msp.c **** 
  31:Core/Src/stm32f1xx_hal_msp.c **** /* Private define ------------------------------------------------------------*/
  32:Core/Src/stm32f1xx_hal_msp.c **** /* USER CODE BEGIN Define */
ARM GAS  /tmp/ccG3Cq9V.s 			page 2


  33:Core/Src/stm32f1xx_hal_msp.c **** 
  34:Core/Src/stm32f1xx_hal_msp.c **** /* USER CODE END Define */
  35:Core/Src/stm32f1xx_hal_msp.c **** 
  36:Core/Src/stm32f1xx_hal_msp.c **** /* Private macro -------------------------------------------------------------*/
  37:Core/Src/stm32f1xx_hal_msp.c **** /* USER CODE BEGIN Macro */
  38:Core/Src/stm32f1xx_hal_msp.c **** 
  39:Core/Src/stm32f1xx_hal_msp.c **** /* USER CODE END Macro */
  40:Core/Src/stm32f1xx_hal_msp.c **** 
  41:Core/Src/stm32f1xx_hal_msp.c **** /* Private variables ---------------------------------------------------------*/
  42:Core/Src/stm32f1xx_hal_msp.c **** /* USER CODE BEGIN PV */
  43:Core/Src/stm32f1xx_hal_msp.c **** 
  44:Core/Src/stm32f1xx_hal_msp.c **** /* USER CODE END PV */
  45:Core/Src/stm32f1xx_hal_msp.c **** 
  46:Core/Src/stm32f1xx_hal_msp.c **** /* Private function prototypes -----------------------------------------------*/
  47:Core/Src/stm32f1xx_hal_msp.c **** /* USER CODE BEGIN PFP */
  48:Core/Src/stm32f1xx_hal_msp.c **** 
  49:Core/Src/stm32f1xx_hal_msp.c **** /* USER CODE END PFP */
  50:Core/Src/stm32f1xx_hal_msp.c **** 
  51:Core/Src/stm32f1xx_hal_msp.c **** /* External functions --------------------------------------------------------*/
  52:Core/Src/stm32f1xx_hal_msp.c **** /* USER CODE BEGIN ExternalFunctions */
  53:Core/Src/stm32f1xx_hal_msp.c **** 
  54:Core/Src/stm32f1xx_hal_msp.c **** /* USER CODE END ExternalFunctions */
  55:Core/Src/stm32f1xx_hal_msp.c **** 
  56:Core/Src/stm32f1xx_hal_msp.c **** /* USER CODE BEGIN 0 */
  57:Core/Src/stm32f1xx_hal_msp.c **** 
  58:Core/Src/stm32f1xx_hal_msp.c **** /* USER CODE END 0 */
  59:Core/Src/stm32f1xx_hal_msp.c **** /**
  60:Core/Src/stm32f1xx_hal_msp.c ****   * Initializes the Global MSP.
  61:Core/Src/stm32f1xx_hal_msp.c ****   */
  62:Core/Src/stm32f1xx_hal_msp.c **** void HAL_MspInit(void)
  63:Core/Src/stm32f1xx_hal_msp.c **** {
  27              		.loc 1 63 1 view -0
  28              		.cfi_startproc
  29              		@ args = 0, pretend = 0, frame = 8
  30              		@ frame_needed = 0, uses_anonymous_args = 0
  31              		@ link register save eliminated.
  32 0000 82B0     		sub	sp, sp, #8
  33              	.LCFI0:
  34              		.cfi_def_cfa_offset 8
  64:Core/Src/stm32f1xx_hal_msp.c **** 
  65:Core/Src/stm32f1xx_hal_msp.c ****   /* USER CODE BEGIN MspInit 0 */
  66:Core/Src/stm32f1xx_hal_msp.c **** 
  67:Core/Src/stm32f1xx_hal_msp.c ****   /* USER CODE END MspInit 0 */
  68:Core/Src/stm32f1xx_hal_msp.c **** 
  69:Core/Src/stm32f1xx_hal_msp.c ****   __HAL_RCC_AFIO_CLK_ENABLE();
  35              		.loc 1 69 3 view .LVU1
  36              	.LBB2:
  37              		.loc 1 69 3 view .LVU2
  38              		.loc 1 69 3 view .LVU3
  39 0002 0E4B     		ldr	r3, .L3
  40 0004 9A69     		ldr	r2, [r3, #24]
  41 0006 42F00102 		orr	r2, r2, #1
  42 000a 9A61     		str	r2, [r3, #24]
  43              		.loc 1 69 3 view .LVU4
  44 000c 9A69     		ldr	r2, [r3, #24]
  45 000e 02F00102 		and	r2, r2, #1
  46 0012 0092     		str	r2, [sp]
ARM GAS  /tmp/ccG3Cq9V.s 			page 3


  47              		.loc 1 69 3 view .LVU5
  48 0014 009A     		ldr	r2, [sp]
  49              	.LBE2:
  50              		.loc 1 69 3 view .LVU6
  70:Core/Src/stm32f1xx_hal_msp.c ****   __HAL_RCC_PWR_CLK_ENABLE();
  51              		.loc 1 70 3 view .LVU7
  52              	.LBB3:
  53              		.loc 1 70 3 view .LVU8
  54              		.loc 1 70 3 view .LVU9
  55 0016 DA69     		ldr	r2, [r3, #28]
  56 0018 42F08052 		orr	r2, r2, #268435456
  57 001c DA61     		str	r2, [r3, #28]
  58              		.loc 1 70 3 view .LVU10
  59 001e DB69     		ldr	r3, [r3, #28]
  60 0020 03F08053 		and	r3, r3, #268435456
  61 0024 0193     		str	r3, [sp, #4]
  62              		.loc 1 70 3 view .LVU11
  63 0026 019B     		ldr	r3, [sp, #4]
  64              	.LBE3:
  65              		.loc 1 70 3 view .LVU12
  71:Core/Src/stm32f1xx_hal_msp.c **** 
  72:Core/Src/stm32f1xx_hal_msp.c ****   /* System interrupt init*/
  73:Core/Src/stm32f1xx_hal_msp.c **** 
  74:Core/Src/stm32f1xx_hal_msp.c ****   /** DISABLE: JTAG-DP Disabled and SW-DP Disabled
  75:Core/Src/stm32f1xx_hal_msp.c ****   */
  76:Core/Src/stm32f1xx_hal_msp.c ****   __HAL_AFIO_REMAP_SWJ_DISABLE();
  66              		.loc 1 76 3 view .LVU13
  67              	.LBB4:
  68              		.loc 1 76 3 view .LVU14
  69 0028 054A     		ldr	r2, .L3+4
  70 002a 5368     		ldr	r3, [r2, #4]
  71              	.LVL0:
  72              		.loc 1 76 3 view .LVU15
  73 002c 23F0E063 		bic	r3, r3, #117440512
  74              	.LVL1:
  75              		.loc 1 76 3 view .LVU16
  76 0030 43F08063 		orr	r3, r3, #67108864
  77              	.LVL2:
  78              		.loc 1 76 3 view .LVU17
  79 0034 5360     		str	r3, [r2, #4]
  80              	.LBE4:
  81              		.loc 1 76 3 view .LVU18
  77:Core/Src/stm32f1xx_hal_msp.c **** 
  78:Core/Src/stm32f1xx_hal_msp.c ****   /* USER CODE BEGIN MspInit 1 */
  79:Core/Src/stm32f1xx_hal_msp.c **** 
  80:Core/Src/stm32f1xx_hal_msp.c ****   /* USER CODE END MspInit 1 */
  81:Core/Src/stm32f1xx_hal_msp.c **** }
  82              		.loc 1 81 1 is_stmt 0 view .LVU19
  83 0036 02B0     		add	sp, sp, #8
  84              	.LCFI1:
  85              		.cfi_def_cfa_offset 0
  86              		@ sp needed
  87 0038 7047     		bx	lr
  88              	.L4:
  89 003a 00BF     		.align	2
  90              	.L3:
  91 003c 00100240 		.word	1073876992
ARM GAS  /tmp/ccG3Cq9V.s 			page 4


  92 0040 00000140 		.word	1073807360
  93              		.cfi_endproc
  94              	.LFE65:
  96              		.section	.text.HAL_SPI_MspInit,"ax",%progbits
  97              		.align	1
  98              		.global	HAL_SPI_MspInit
  99              		.syntax unified
 100              		.thumb
 101              		.thumb_func
 103              	HAL_SPI_MspInit:
 104              	.LVL3:
 105              	.LFB66:
  82:Core/Src/stm32f1xx_hal_msp.c **** 
  83:Core/Src/stm32f1xx_hal_msp.c **** /**
  84:Core/Src/stm32f1xx_hal_msp.c ****   * @brief SPI MSP Initialization
  85:Core/Src/stm32f1xx_hal_msp.c ****   * This function configures the hardware resources used in this example
  86:Core/Src/stm32f1xx_hal_msp.c ****   * @param hspi: SPI handle pointer
  87:Core/Src/stm32f1xx_hal_msp.c ****   * @retval None
  88:Core/Src/stm32f1xx_hal_msp.c ****   */
  89:Core/Src/stm32f1xx_hal_msp.c **** void HAL_SPI_MspInit(SPI_HandleTypeDef* hspi)
  90:Core/Src/stm32f1xx_hal_msp.c **** {
 106              		.loc 1 90 1 is_stmt 1 view -0
 107              		.cfi_startproc
 108              		@ args = 0, pretend = 0, frame = 24
 109              		@ frame_needed = 0, uses_anonymous_args = 0
 110              		.loc 1 90 1 is_stmt 0 view .LVU21
 111 0000 10B5     		push	{r4, lr}
 112              	.LCFI2:
 113              		.cfi_def_cfa_offset 8
 114              		.cfi_offset 4, -8
 115              		.cfi_offset 14, -4
 116 0002 86B0     		sub	sp, sp, #24
 117              	.LCFI3:
 118              		.cfi_def_cfa_offset 32
  91:Core/Src/stm32f1xx_hal_msp.c ****   GPIO_InitTypeDef GPIO_InitStruct = {0};
 119              		.loc 1 91 3 is_stmt 1 view .LVU22
 120              		.loc 1 91 20 is_stmt 0 view .LVU23
 121 0004 0023     		movs	r3, #0
 122 0006 0293     		str	r3, [sp, #8]
 123 0008 0393     		str	r3, [sp, #12]
 124 000a 0493     		str	r3, [sp, #16]
 125 000c 0593     		str	r3, [sp, #20]
  92:Core/Src/stm32f1xx_hal_msp.c ****   if(hspi->Instance==SPI1)
 126              		.loc 1 92 3 is_stmt 1 view .LVU24
 127              		.loc 1 92 10 is_stmt 0 view .LVU25
 128 000e 0268     		ldr	r2, [r0]
 129              		.loc 1 92 5 view .LVU26
 130 0010 164B     		ldr	r3, .L9
 131 0012 9A42     		cmp	r2, r3
 132 0014 01D0     		beq	.L8
 133              	.LVL4:
 134              	.L5:
  93:Core/Src/stm32f1xx_hal_msp.c ****   {
  94:Core/Src/stm32f1xx_hal_msp.c ****     /* USER CODE BEGIN SPI1_MspInit 0 */
  95:Core/Src/stm32f1xx_hal_msp.c **** 
  96:Core/Src/stm32f1xx_hal_msp.c ****     /* USER CODE END SPI1_MspInit 0 */
  97:Core/Src/stm32f1xx_hal_msp.c ****     /* Peripheral clock enable */
ARM GAS  /tmp/ccG3Cq9V.s 			page 5


  98:Core/Src/stm32f1xx_hal_msp.c ****     __HAL_RCC_SPI1_CLK_ENABLE();
  99:Core/Src/stm32f1xx_hal_msp.c **** 
 100:Core/Src/stm32f1xx_hal_msp.c ****     __HAL_RCC_GPIOA_CLK_ENABLE();
 101:Core/Src/stm32f1xx_hal_msp.c ****     /**SPI1 GPIO Configuration
 102:Core/Src/stm32f1xx_hal_msp.c ****     PA5     ------> SPI1_SCK
 103:Core/Src/stm32f1xx_hal_msp.c ****     PA6     ------> SPI1_MISO
 104:Core/Src/stm32f1xx_hal_msp.c ****     PA7     ------> SPI1_MOSI
 105:Core/Src/stm32f1xx_hal_msp.c ****     */
 106:Core/Src/stm32f1xx_hal_msp.c ****     GPIO_InitStruct.Pin = GPIO_PIN_5|GPIO_PIN_7;
 107:Core/Src/stm32f1xx_hal_msp.c ****     GPIO_InitStruct.Mode = GPIO_MODE_AF_PP;
 108:Core/Src/stm32f1xx_hal_msp.c ****     GPIO_InitStruct.Speed = GPIO_SPEED_FREQ_HIGH;
 109:Core/Src/stm32f1xx_hal_msp.c ****     HAL_GPIO_Init(GPIOA, &GPIO_InitStruct);
 110:Core/Src/stm32f1xx_hal_msp.c **** 
 111:Core/Src/stm32f1xx_hal_msp.c ****     GPIO_InitStruct.Pin = GPIO_PIN_6;
 112:Core/Src/stm32f1xx_hal_msp.c ****     GPIO_InitStruct.Mode = GPIO_MODE_INPUT;
 113:Core/Src/stm32f1xx_hal_msp.c ****     GPIO_InitStruct.Pull = GPIO_NOPULL;
 114:Core/Src/stm32f1xx_hal_msp.c ****     HAL_GPIO_Init(GPIOA, &GPIO_InitStruct);
 115:Core/Src/stm32f1xx_hal_msp.c **** 
 116:Core/Src/stm32f1xx_hal_msp.c ****     /* USER CODE BEGIN SPI1_MspInit 1 */
 117:Core/Src/stm32f1xx_hal_msp.c **** 
 118:Core/Src/stm32f1xx_hal_msp.c ****     /* USER CODE END SPI1_MspInit 1 */
 119:Core/Src/stm32f1xx_hal_msp.c **** 
 120:Core/Src/stm32f1xx_hal_msp.c ****   }
 121:Core/Src/stm32f1xx_hal_msp.c **** 
 122:Core/Src/stm32f1xx_hal_msp.c **** }
 135              		.loc 1 122 1 view .LVU27
 136 0016 06B0     		add	sp, sp, #24
 137              	.LCFI4:
 138              		.cfi_remember_state
 139              		.cfi_def_cfa_offset 8
 140              		@ sp needed
 141 0018 10BD     		pop	{r4, pc}
 142              	.LVL5:
 143              	.L8:
 144              	.LCFI5:
 145              		.cfi_restore_state
  98:Core/Src/stm32f1xx_hal_msp.c **** 
 146              		.loc 1 98 5 is_stmt 1 view .LVU28
 147              	.LBB5:
  98:Core/Src/stm32f1xx_hal_msp.c **** 
 148              		.loc 1 98 5 view .LVU29
  98:Core/Src/stm32f1xx_hal_msp.c **** 
 149              		.loc 1 98 5 view .LVU30
 150 001a 03F56043 		add	r3, r3, #57344
 151 001e 9A69     		ldr	r2, [r3, #24]
 152 0020 42F48052 		orr	r2, r2, #4096
 153 0024 9A61     		str	r2, [r3, #24]
  98:Core/Src/stm32f1xx_hal_msp.c **** 
 154              		.loc 1 98 5 view .LVU31
 155 0026 9A69     		ldr	r2, [r3, #24]
 156 0028 02F48052 		and	r2, r2, #4096
 157 002c 0092     		str	r2, [sp]
  98:Core/Src/stm32f1xx_hal_msp.c **** 
 158              		.loc 1 98 5 view .LVU32
 159 002e 009A     		ldr	r2, [sp]
 160              	.LBE5:
  98:Core/Src/stm32f1xx_hal_msp.c **** 
ARM GAS  /tmp/ccG3Cq9V.s 			page 6


 161              		.loc 1 98 5 view .LVU33
 100:Core/Src/stm32f1xx_hal_msp.c ****     /**SPI1 GPIO Configuration
 162              		.loc 1 100 5 view .LVU34
 163              	.LBB6:
 100:Core/Src/stm32f1xx_hal_msp.c ****     /**SPI1 GPIO Configuration
 164              		.loc 1 100 5 view .LVU35
 100:Core/Src/stm32f1xx_hal_msp.c ****     /**SPI1 GPIO Configuration
 165              		.loc 1 100 5 view .LVU36
 166 0030 9A69     		ldr	r2, [r3, #24]
 167 0032 42F00402 		orr	r2, r2, #4
 168 0036 9A61     		str	r2, [r3, #24]
 100:Core/Src/stm32f1xx_hal_msp.c ****     /**SPI1 GPIO Configuration
 169              		.loc 1 100 5 view .LVU37
 170 0038 9B69     		ldr	r3, [r3, #24]
 171 003a 03F00403 		and	r3, r3, #4
 172 003e 0193     		str	r3, [sp, #4]
 100:Core/Src/stm32f1xx_hal_msp.c ****     /**SPI1 GPIO Configuration
 173              		.loc 1 100 5 view .LVU38
 174 0040 019B     		ldr	r3, [sp, #4]
 175              	.LBE6:
 100:Core/Src/stm32f1xx_hal_msp.c ****     /**SPI1 GPIO Configuration
 176              		.loc 1 100 5 view .LVU39
 106:Core/Src/stm32f1xx_hal_msp.c ****     GPIO_InitStruct.Mode = GPIO_MODE_AF_PP;
 177              		.loc 1 106 5 view .LVU40
 106:Core/Src/stm32f1xx_hal_msp.c ****     GPIO_InitStruct.Mode = GPIO_MODE_AF_PP;
 178              		.loc 1 106 25 is_stmt 0 view .LVU41
 179 0042 A023     		movs	r3, #160
 180 0044 0293     		str	r3, [sp, #8]
 107:Core/Src/stm32f1xx_hal_msp.c ****     GPIO_InitStruct.Speed = GPIO_SPEED_FREQ_HIGH;
 181              		.loc 1 107 5 is_stmt 1 view .LVU42
 107:Core/Src/stm32f1xx_hal_msp.c ****     GPIO_InitStruct.Speed = GPIO_SPEED_FREQ_HIGH;
 182              		.loc 1 107 26 is_stmt 0 view .LVU43
 183 0046 0223     		movs	r3, #2
 184 0048 0393     		str	r3, [sp, #12]
 108:Core/Src/stm32f1xx_hal_msp.c ****     HAL_GPIO_Init(GPIOA, &GPIO_InitStruct);
 185              		.loc 1 108 5 is_stmt 1 view .LVU44
 108:Core/Src/stm32f1xx_hal_msp.c ****     HAL_GPIO_Init(GPIOA, &GPIO_InitStruct);
 186              		.loc 1 108 27 is_stmt 0 view .LVU45
 187 004a 0323     		movs	r3, #3
 188 004c 0593     		str	r3, [sp, #20]
 109:Core/Src/stm32f1xx_hal_msp.c **** 
 189              		.loc 1 109 5 is_stmt 1 view .LVU46
 190 004e 084C     		ldr	r4, .L9+4
 191 0050 02A9     		add	r1, sp, #8
 192 0052 2046     		mov	r0, r4
 193              	.LVL6:
 109:Core/Src/stm32f1xx_hal_msp.c **** 
 194              		.loc 1 109 5 is_stmt 0 view .LVU47
 195 0054 FFF7FEFF 		bl	HAL_GPIO_Init
 196              	.LVL7:
 111:Core/Src/stm32f1xx_hal_msp.c ****     GPIO_InitStruct.Mode = GPIO_MODE_INPUT;
 197              		.loc 1 111 5 is_stmt 1 view .LVU48
 111:Core/Src/stm32f1xx_hal_msp.c ****     GPIO_InitStruct.Mode = GPIO_MODE_INPUT;
 198              		.loc 1 111 25 is_stmt 0 view .LVU49
 199 0058 4023     		movs	r3, #64
 200 005a 0293     		str	r3, [sp, #8]
 112:Core/Src/stm32f1xx_hal_msp.c ****     GPIO_InitStruct.Pull = GPIO_NOPULL;
ARM GAS  /tmp/ccG3Cq9V.s 			page 7


 201              		.loc 1 112 5 is_stmt 1 view .LVU50
 112:Core/Src/stm32f1xx_hal_msp.c ****     GPIO_InitStruct.Pull = GPIO_NOPULL;
 202              		.loc 1 112 26 is_stmt 0 view .LVU51
 203 005c 0023     		movs	r3, #0
 204 005e 0393     		str	r3, [sp, #12]
 113:Core/Src/stm32f1xx_hal_msp.c ****     HAL_GPIO_Init(GPIOA, &GPIO_InitStruct);
 205              		.loc 1 113 5 is_stmt 1 view .LVU52
 113:Core/Src/stm32f1xx_hal_msp.c ****     HAL_GPIO_Init(GPIOA, &GPIO_InitStruct);
 206              		.loc 1 113 26 is_stmt 0 view .LVU53
 207 0060 0493     		str	r3, [sp, #16]
 114:Core/Src/stm32f1xx_hal_msp.c **** 
 208              		.loc 1 114 5 is_stmt 1 view .LVU54
 209 0062 02A9     		add	r1, sp, #8
 210 0064 2046     		mov	r0, r4
 211 0066 FFF7FEFF 		bl	HAL_GPIO_Init
 212              	.LVL8:
 213              		.loc 1 122 1 is_stmt 0 view .LVU55
 214 006a D4E7     		b	.L5
 215              	.L10:
 216              		.align	2
 217              	.L9:
 218 006c 00300140 		.word	1073819648
 219 0070 00080140 		.word	1073809408
 220              		.cfi_endproc
 221              	.LFE66:
 223              		.section	.text.HAL_SPI_MspDeInit,"ax",%progbits
 224              		.align	1
 225              		.global	HAL_SPI_MspDeInit
 226              		.syntax unified
 227              		.thumb
 228              		.thumb_func
 230              	HAL_SPI_MspDeInit:
 231              	.LVL9:
 232              	.LFB67:
 123:Core/Src/stm32f1xx_hal_msp.c **** 
 124:Core/Src/stm32f1xx_hal_msp.c **** /**
 125:Core/Src/stm32f1xx_hal_msp.c ****   * @brief SPI MSP De-Initialization
 126:Core/Src/stm32f1xx_hal_msp.c ****   * This function freeze the hardware resources used in this example
 127:Core/Src/stm32f1xx_hal_msp.c ****   * @param hspi: SPI handle pointer
 128:Core/Src/stm32f1xx_hal_msp.c ****   * @retval None
 129:Core/Src/stm32f1xx_hal_msp.c ****   */
 130:Core/Src/stm32f1xx_hal_msp.c **** void HAL_SPI_MspDeInit(SPI_HandleTypeDef* hspi)
 131:Core/Src/stm32f1xx_hal_msp.c **** {
 233              		.loc 1 131 1 is_stmt 1 view -0
 234              		.cfi_startproc
 235              		@ args = 0, pretend = 0, frame = 0
 236              		@ frame_needed = 0, uses_anonymous_args = 0
 237              		.loc 1 131 1 is_stmt 0 view .LVU57
 238 0000 08B5     		push	{r3, lr}
 239              	.LCFI6:
 240              		.cfi_def_cfa_offset 8
 241              		.cfi_offset 3, -8
 242              		.cfi_offset 14, -4
 132:Core/Src/stm32f1xx_hal_msp.c ****   if(hspi->Instance==SPI1)
 243              		.loc 1 132 3 is_stmt 1 view .LVU58
 244              		.loc 1 132 10 is_stmt 0 view .LVU59
 245 0002 0268     		ldr	r2, [r0]
ARM GAS  /tmp/ccG3Cq9V.s 			page 8


 246              		.loc 1 132 5 view .LVU60
 247 0004 064B     		ldr	r3, .L15
 248 0006 9A42     		cmp	r2, r3
 249 0008 00D0     		beq	.L14
 250              	.LVL10:
 251              	.L11:
 133:Core/Src/stm32f1xx_hal_msp.c ****   {
 134:Core/Src/stm32f1xx_hal_msp.c ****     /* USER CODE BEGIN SPI1_MspDeInit 0 */
 135:Core/Src/stm32f1xx_hal_msp.c **** 
 136:Core/Src/stm32f1xx_hal_msp.c ****     /* USER CODE END SPI1_MspDeInit 0 */
 137:Core/Src/stm32f1xx_hal_msp.c ****     /* Peripheral clock disable */
 138:Core/Src/stm32f1xx_hal_msp.c ****     __HAL_RCC_SPI1_CLK_DISABLE();
 139:Core/Src/stm32f1xx_hal_msp.c **** 
 140:Core/Src/stm32f1xx_hal_msp.c ****     /**SPI1 GPIO Configuration
 141:Core/Src/stm32f1xx_hal_msp.c ****     PA5     ------> SPI1_SCK
 142:Core/Src/stm32f1xx_hal_msp.c ****     PA6     ------> SPI1_MISO
 143:Core/Src/stm32f1xx_hal_msp.c ****     PA7     ------> SPI1_MOSI
 144:Core/Src/stm32f1xx_hal_msp.c ****     */
 145:Core/Src/stm32f1xx_hal_msp.c ****     HAL_GPIO_DeInit(GPIOA, GPIO_PIN_5|GPIO_PIN_6|GPIO_PIN_7);
 146:Core/Src/stm32f1xx_hal_msp.c **** 
 147:Core/Src/stm32f1xx_hal_msp.c ****     /* USER CODE BEGIN SPI1_MspDeInit 1 */
 148:Core/Src/stm32f1xx_hal_msp.c **** 
 149:Core/Src/stm32f1xx_hal_msp.c ****     /* USER CODE END SPI1_MspDeInit 1 */
 150:Core/Src/stm32f1xx_hal_msp.c ****   }
 151:Core/Src/stm32f1xx_hal_msp.c **** 
 152:Core/Src/stm32f1xx_hal_msp.c **** }
 252              		.loc 1 152 1 view .LVU61
 253 000a 08BD     		pop	{r3, pc}
 254              	.LVL11:
 255              	.L14:
 138:Core/Src/stm32f1xx_hal_msp.c **** 
 256              		.loc 1 138 5 is_stmt 1 view .LVU62
 257 000c 054A     		ldr	r2, .L15+4
 258 000e 9369     		ldr	r3, [r2, #24]
 259 0010 23F48053 		bic	r3, r3, #4096
 260 0014 9361     		str	r3, [r2, #24]
 145:Core/Src/stm32f1xx_hal_msp.c **** 
 261              		.loc 1 145 5 view .LVU63
 262 0016 E021     		movs	r1, #224
 263 0018 0348     		ldr	r0, .L15+8
 264              	.LVL12:
 145:Core/Src/stm32f1xx_hal_msp.c **** 
 265              		.loc 1 145 5 is_stmt 0 view .LVU64
 266 001a FFF7FEFF 		bl	HAL_GPIO_DeInit
 267              	.LVL13:
 268              		.loc 1 152 1 view .LVU65
 269 001e F4E7     		b	.L11
 270              	.L16:
 271              		.align	2
 272              	.L15:
 273 0020 00300140 		.word	1073819648
 274 0024 00100240 		.word	1073876992
 275 0028 00080140 		.word	1073809408
 276              		.cfi_endproc
 277              	.LFE67:
 279              		.text
 280              	.Letext0:
ARM GAS  /tmp/ccG3Cq9V.s 			page 9


 281              		.file 2 "/usr/lib/gcc/arm-none-eabi/13.2.1/include/stdint.h"
 282              		.file 3 "Drivers/CMSIS/Device/ST/STM32F1xx/Include/stm32f103xb.h"
 283              		.file 4 "Drivers/STM32F1xx_HAL_Driver/Inc/stm32f1xx_hal_def.h"
 284              		.file 5 "Drivers/STM32F1xx_HAL_Driver/Inc/stm32f1xx_hal_gpio.h"
 285              		.file 6 "Drivers/STM32F1xx_HAL_Driver/Inc/stm32f1xx_hal_dma.h"
 286              		.file 7 "Drivers/STM32F1xx_HAL_Driver/Inc/stm32f1xx_hal_spi.h"
ARM GAS  /tmp/ccG3Cq9V.s 			page 10


DEFINED SYMBOLS
                            *ABS*:00000000 stm32f1xx_hal_msp.c
     /tmp/ccG3Cq9V.s:19     .text.HAL_MspInit:00000000 $t
     /tmp/ccG3Cq9V.s:25     .text.HAL_MspInit:00000000 HAL_MspInit
     /tmp/ccG3Cq9V.s:91     .text.HAL_MspInit:0000003c $d
     /tmp/ccG3Cq9V.s:97     .text.HAL_SPI_MspInit:00000000 $t
     /tmp/ccG3Cq9V.s:103    .text.HAL_SPI_MspInit:00000000 HAL_SPI_MspInit
     /tmp/ccG3Cq9V.s:218    .text.HAL_SPI_MspInit:0000006c $d
     /tmp/ccG3Cq9V.s:224    .text.HAL_SPI_MspDeInit:00000000 $t
     /tmp/ccG3Cq9V.s:230    .text.HAL_SPI_MspDeInit:00000000 HAL_SPI_MspDeInit
     /tmp/ccG3Cq9V.s:273    .text.HAL_SPI_MspDeInit:00000020 $d

UNDEFINED SYMBOLS
HAL_GPIO_Init
HAL_GPIO_DeInit
