
Discarded input sections

 .data          0x00000000        0x0 build/startup.o
 .bss           0x00000000        0x0 build/startup.o
 .comment       0x00000000       0x27 build/startup.o
 .ARM.attributes
                0x00000000       0x2d build/startup.o
 .text          0x00000000        0x0 build/main.o
 .data          0x00000000        0x0 build/main.o
 .bss           0x00000000        0x0 build/main.o
 .comment       0x00000000       0x27 build/main.o
 .ARM.attributes
                0x00000000       0x2d build/main.o

Memory Configuration

Name             Origin             Length             Attributes
FLASH            0x08000000         0x00010000         xr
RAM              0x20000000         0x00005000         xrw
*default*        0x00000000         0xffffffff

Linker script and memory map

LOAD build/startup.o
LOAD build/main.o
                0x20005000                        _estack = (ORIGIN (RAM) + LENGTH (RAM))

.isr_vector     0x08000000        0x8
                0x08000000                        . = ALIGN (0x4)
 *(.isr_vector)
 .isr_vector    0x08000000        0x8 build/startup.o
                0x08000000                vector_table
                0x08000008                        . = ALIGN (0x4)

.text           0x08000008       0x78
                0x08000008                        . = ALIGN (0x4)
 *(.text*)
 .text          0x08000008        0x8 build/startup.o
                0x08000008                Reset_Handler
 .text.startup  0x08000010       0x70 build/main.o
                0x08000010                main
 *(.rodata*)
                0x08000080                        . = ALIGN (0x4)

.glue_7         0x08000080        0x0
 .glue_7        0x08000080        0x0 linker stubs

.glue_7t        0x08000080        0x0
 .glue_7t       0x08000080        0x0 linker stubs

.vfp11_veneer   0x08000080        0x0
 .vfp11_veneer  0x08000080        0x0 linker stubs

.v4_bx          0x08000080        0x0
 .v4_bx         0x08000080        0x0 linker stubs

.iplt           0x08000080        0x0
 .iplt          0x08000080        0x0 build/startup.o

.igot.plt       0x08000080        0x0
 .igot.plt      0x08000080        0x0 build/startup.o

.rel.dyn        0x08000080        0x0
 .rel.iplt      0x08000080        0x0 build/startup.o

/DISCARD/
 *(.comment)
 *(.ARM.attributes)
OUTPUT(build/bai2.elf elf32-littlearm)
LOAD linker stubs
